Archive member included to satisfy reference by file (symbol)

/opt/ST/STM32CubeCLT_1.19.0/GNU-tools-for-STM32/bin/../lib/gcc/arm-none-eabi/13.3.1/../../../../arm-none-eabi/lib/thumb/v7e-m+fp/hard/libc_nano.a(libc_a-exit.o)
                              /opt/ST/STM32CubeCLT_1.19.0/GNU-tools-for-STM32/bin/../lib/gcc/arm-none-eabi/13.3.1/../../../../arm-none-eabi/lib/thumb/v7e-m+fp/hard/crt0.o (exit)
/opt/ST/STM32CubeCLT_1.19.0/GNU-tools-for-STM32/bin/../lib/gcc/arm-none-eabi/13.3.1/../../../../arm-none-eabi/lib/thumb/v7e-m+fp/hard/libc_nano.a(libc_a-nano-vfprintf_float.o)
                              (_printf_float)
/opt/ST/STM32CubeCLT_1.19.0/GNU-tools-for-STM32/bin/../lib/gcc/arm-none-eabi/13.3.1/../../../../arm-none-eabi/lib/thumb/v7e-m+fp/hard/libc_nano.a(libc_a-malloc.o)
                              ./Middlewares/ST/STM32_USB_Device_Library/Class/CDC/Src/usbd_cdc.o (malloc)
/opt/ST/STM32CubeCLT_1.19.0/GNU-tools-for-STM32/bin/../lib/gcc/arm-none-eabi/13.3.1/../../../../arm-none-eabi/lib/thumb/v7e-m+fp/hard/libc_nano.a(libc_a-mallocr.o)
                              /opt/ST/STM32CubeCLT_1.19.0/GNU-tools-for-STM32/bin/../lib/gcc/arm-none-eabi/13.3.1/../../../../arm-none-eabi/lib/thumb/v7e-m+fp/hard/libc_nano.a(libc_a-malloc.o) (_malloc_r)
/opt/ST/STM32CubeCLT_1.19.0/GNU-tools-for-STM32/bin/../lib/gcc/arm-none-eabi/13.3.1/../../../../arm-none-eabi/lib/thumb/v7e-m+fp/hard/libc_nano.a(libc_a-nano-vfprintf_i.o)
                              /opt/ST/STM32CubeCLT_1.19.0/GNU-tools-for-STM32/bin/../lib/gcc/arm-none-eabi/13.3.1/../../../../arm-none-eabi/lib/thumb/v7e-m+fp/hard/libc_nano.a(libc_a-nano-vfprintf_float.o) (_printf_common)
/opt/ST/STM32CubeCLT_1.19.0/GNU-tools-for-STM32/bin/../lib/gcc/arm-none-eabi/13.3.1/../../../../arm-none-eabi/lib/thumb/v7e-m+fp/hard/libc_nano.a(libc_a-snprintf.o)
                              ./Core/Src/calib.o (snprintf)
/opt/ST/STM32CubeCLT_1.19.0/GNU-tools-for-STM32/bin/../lib/gcc/arm-none-eabi/13.3.1/../../../../arm-none-eabi/lib/thumb/v7e-m+fp/hard/libc_nano.a(libc_a-mlock.o)
                              /opt/ST/STM32CubeCLT_1.19.0/GNU-tools-for-STM32/bin/../lib/gcc/arm-none-eabi/13.3.1/../../../../arm-none-eabi/lib/thumb/v7e-m+fp/hard/libc_nano.a(libc_a-mallocr.o) (__malloc_lock)
/opt/ST/STM32CubeCLT_1.19.0/GNU-tools-for-STM32/bin/../lib/gcc/arm-none-eabi/13.3.1/../../../../arm-none-eabi/lib/thumb/v7e-m+fp/hard/libc_nano.a(libc_a-findfp.o)
                              /opt/ST/STM32CubeCLT_1.19.0/GNU-tools-for-STM32/bin/../lib/gcc/arm-none-eabi/13.3.1/../../../../arm-none-eabi/lib/thumb/v7e-m+fp/hard/libc_nano.a(libc_a-exit.o) (__stdio_exit_handler)
/opt/ST/STM32CubeCLT_1.19.0/GNU-tools-for-STM32/bin/../lib/gcc/arm-none-eabi/13.3.1/../../../../arm-none-eabi/lib/thumb/v7e-m+fp/hard/libc_nano.a(libc_a-fwalk.o)
                              /opt/ST/STM32CubeCLT_1.19.0/GNU-tools-for-STM32/bin/../lib/gcc/arm-none-eabi/13.3.1/../../../../arm-none-eabi/lib/thumb/v7e-m+fp/hard/libc_nano.a(libc_a-findfp.o) (_fwalk_sglue)
/opt/ST/STM32CubeCLT_1.19.0/GNU-tools-for-STM32/bin/../lib/gcc/arm-none-eabi/13.3.1/../../../../arm-none-eabi/lib/thumb/v7e-m+fp/hard/libc_nano.a(libc_a-memset.o)
                              /opt/ST/STM32CubeCLT_1.19.0/GNU-tools-for-STM32/bin/../lib/gcc/arm-none-eabi/13.3.1/../../../../arm-none-eabi/lib/thumb/v7e-m+fp/hard/crt0.o (memset)
/opt/ST/STM32CubeCLT_1.19.0/GNU-tools-for-STM32/bin/../lib/gcc/arm-none-eabi/13.3.1/../../../../arm-none-eabi/lib/thumb/v7e-m+fp/hard/libc_nano.a(libc_a-strncmp.o)
                              ./USB_DEVICE/App/usbd_cdc_if.o (strncmp)
/opt/ST/STM32CubeCLT_1.19.0/GNU-tools-for-STM32/bin/../lib/gcc/arm-none-eabi/13.3.1/../../../../arm-none-eabi/lib/thumb/v7e-m+fp/hard/libc_nano.a(libc_a-sbrkr.o)
                              /opt/ST/STM32CubeCLT_1.19.0/GNU-tools-for-STM32/bin/../lib/gcc/arm-none-eabi/13.3.1/../../../../arm-none-eabi/lib/thumb/v7e-m+fp/hard/libc_nano.a(libc_a-mallocr.o) (_sbrk_r)
/opt/ST/STM32CubeCLT_1.19.0/GNU-tools-for-STM32/bin/../lib/gcc/arm-none-eabi/13.3.1/../../../../arm-none-eabi/lib/thumb/v7e-m+fp/hard/libc_nano.a(libc_a-errno.o)
                              ./Core/Src/syscalls.o (__errno)
/opt/ST/STM32CubeCLT_1.19.0/GNU-tools-for-STM32/bin/../lib/gcc/arm-none-eabi/13.3.1/../../../../arm-none-eabi/lib/thumb/v7e-m+fp/hard/libc_nano.a(libc_a-init.o)
                              /opt/ST/STM32CubeCLT_1.19.0/GNU-tools-for-STM32/bin/../lib/gcc/arm-none-eabi/13.3.1/../../../../arm-none-eabi/lib/thumb/v7e-m+fp/hard/crt0.o (__libc_init_array)
/opt/ST/STM32CubeCLT_1.19.0/GNU-tools-for-STM32/bin/../lib/gcc/arm-none-eabi/13.3.1/../../../../arm-none-eabi/lib/thumb/v7e-m+fp/hard/libc_nano.a(libc_a-lock.o)
                              /opt/ST/STM32CubeCLT_1.19.0/GNU-tools-for-STM32/bin/../lib/gcc/arm-none-eabi/13.3.1/../../../../arm-none-eabi/lib/thumb/v7e-m+fp/hard/libc_nano.a(libc_a-findfp.o) (__retarget_lock_init_recursive)
[...]
Memory Configuration

Name             Origin             Length             Attributes
RAM              0x20000000         0x00040000         xrw
FLASH            0x08000000         0x00010000         xr
SDRAM            0xc0000000         0x02000000         rw
*default*        0x00000000         0xffffffff

Linker script and memory map

LOAD /opt/ST/STM32CubeCLT_1.19.0/GNU-tools-for-STM32/bin/../lib/gcc/arm-none-eabi/13.3.1/thumb/v7e-m+fp/hard/crti.o
LOAD /opt/ST/STM32CubeCLT_1.19.0/GNU-tools-for-STM32/bin/../lib/gcc/arm-none-eabi/13.3.1/thumb/v7e-m+fp/hard/crtbegin.o
LOAD /opt/ST/STM32CubeCLT_1.19.0/GNU-tools-for-STM32/bin/../lib/gcc/arm-none-eabi/13.3.1/../../../../arm-none-eabi/lib/thumb/v7e-m+fp/hard/crt0.o
LOAD ./Core/Src/acq_control.o
LOAD ./Core/Src/ad7606.o
LOAD ./Core/Src/calib.o
LOAD ./Core/Src/dfu_jump.o
LOAD ./Core/Src/globals.o
LOAD ./Core/Src/i2c.o
LOAD ./Core/Src/leds.o
LOAD ./Core/Src/main.o
LOAD ./Core/Src/sht40.o
LOAD ./Core/Src/state_machine.o
LOAD ./Core/Src/stm32f7xx_hal_msp.o
LOAD ./Core/Src/stm32f7xx_it.o
LOAD ./Core/Src/syscalls.o
LOAD ./Core/Src/sysmem.o
LOAD ./Core/Src/system_stm32f7xx.o
LOAD ./Core/Src/timer_adc_trig.o
LOAD ./Core/Src/timer_control.o
LOAD ./Core/Src/transfer.o
LOAD ./Core/Src/usb_xfer.o
LOAD ./Core/Startup/startup_stm32f730z8tx.o
LOAD ./Drivers/STM32F7xx_HAL_Driver/Src/stm32f7xx_hal.o
LOAD ./Drivers/STM32F7xx_HAL_Driver/Src/stm32f7xx_hal_adc.o
LOAD ./Drivers/STM32F7xx_HAL_Driver/Src/stm32f7xx_hal_adc_ex.o
LOAD ./Drivers/STM32F7xx_HAL_Driver/Src/stm32f7xx_hal_cortex.o
LOAD ./Drivers/STM32F7xx_HAL_Driver/Src/stm32f7xx_hal_dac.o
LOAD ./Drivers/STM32F7xx_HAL_Driver/Src/stm32f7xx_hal_dac_ex.o
LOAD ./Drivers/STM32F7xx_HAL_Driver/Src/stm32f7xx_hal_dma.o
LOAD ./Drivers/STM32F7xx_HAL_Driver/Src/stm32f7xx_hal_dma_ex.o
LOAD ./Drivers/STM32F7xx_HAL_Driver/Src/stm32f7xx_hal_exti.o
LOAD ./Drivers/STM32F7xx_HAL_Driver/Src/stm32f7xx_hal_flash.o
LOAD ./Drivers/STM32F7xx_HAL_Driver/Src/stm32f7xx_hal_flash_ex.o
LOAD ./Drivers/STM32F7xx_HAL_Driver/Src/stm32f7xx_hal_gpio.o
LOAD ./Drivers/STM32F7xx_HAL_Driver/Src/stm32f7xx_hal_i2c.o
LOAD ./Drivers/STM32F7xx_HAL_Driver/Src/stm32f7xx_hal_i2c_ex.o
LOAD ./Drivers/STM32F7xx_HAL_Driver/Src/stm32f7xx_hal_nand.o
LOAD ./Drivers/STM32F7xx_HAL_Driver/Src/stm32f7xx_hal_nor.o
LOAD ./Drivers/STM32F7xx_HAL_Driver/Src/stm32f7xx_hal_pcd.o
LOAD ./Drivers/STM32F7xx_HAL_Driver/Src/stm32f7xx_hal_pcd_ex.o
LOAD ./Drivers/STM32F7xx_HAL_Driver/Src/stm32f7xx_hal_pwr.o
LOAD ./Drivers/STM32F7xx_HAL_Driver/Src/stm32f7xx_hal_pwr_ex.o
LOAD ./Drivers/STM32F7xx_HAL_Driver/Src/stm32f7xx_hal_rcc.o
LOAD ./Drivers/STM32F7xx_HAL_Driver/Src/stm32f7xx_hal_rcc_ex.o
LOAD ./Drivers/STM32F7xx_HAL_Driver/Src/stm32f7xx_hal_sdram.o
LOAD ./Drivers/STM32F7xx_HAL_Driver/Src/stm32f7xx_hal_spi.o
LOAD ./Drivers/STM32F7xx_HAL_Driver/Src/stm32f7xx_hal_spi_ex.o
LOAD ./Drivers/STM32F7xx_HAL_Driver/Src/stm32f7xx_hal_sram.o
LOAD ./Drivers/STM32F7xx_HAL_Driver/Src/stm32f7xx_hal_tim.o
LOAD ./Drivers/STM32F7xx_HAL_Driver/Src/stm32f7xx_hal_tim_ex.o
LOAD ./Drivers/STM32F7xx_HAL_Driver/Src/stm32f7xx_ll_fmc.o
LOAD ./Drivers/STM32F7xx_HAL_Driver/Src/stm32f7xx_ll_usb.o
LOAD ./Middlewares/ST/STM32_USB_Device_Library/Class/CDC/Src/usbd_cdc.o
LOAD ./Middlewares/ST/STM32_USB_Device_Library/Core/Src/usbd_core.o
LOAD ./Middlewares/ST/STM32_USB_Device_Library/Core/Src/usbd_ctlreq.o
LOAD ./Middlewares/ST/STM32_USB_Device_Library/Core/Src/usbd_ioreq.o
LOAD ./USB_DEVICE/App/usb_device.o
LOAD ./USB_DEVICE/App/usbd_cdc_if.o
LOAD ./USB_DEVICE/App/usbd_desc.o
LOAD ./USB_DEVICE/Target/usbd_conf.o
START GROUP
LOAD /opt/ST/STM32CubeCLT_1.19.0/GNU-tools-for-STM32/bin/../lib/gcc/arm-none-eabi/13.3.1/../../../../arm-none-eabi/lib/thumb/v7e-m+fp/hard/libc_nano.a
LOAD /opt/ST/STM32CubeCLT_1.19.0/GNU-tools-for-STM32/bin/../lib/gcc/arm-none-eabi/13.3.1/../../../../arm-none-eabi/lib/thumb/v7e-m+fp/hard/libm.a
END GROUP
START GROUP
LOAD /opt/ST/STM32CubeCLT_1.19.0/GNU-tools-for-STM32/bin/../lib/gcc/arm-none-eabi/13.3.1/thumb/v7e-m+fp/hard/libgcc.a
LOAD /opt/ST/STM32CubeCLT_1.19.0/GNU-tools-for-STM32/bin/../lib/gcc/arm-none-eabi/13.3.1/../../../../arm-none-eabi/lib/thumb/v7e-m+fp/hard/libc_nano.a
END GROUP
START GROUP
LOAD /opt/ST/STM32CubeCLT_1.19.0/GNU-tools-for-STM32/bin/../lib/gcc/arm-none-eabi/13.3.1/thumb/v7e-m+fp/hard/libgcc.a
LOAD /opt/ST/STM32CubeCLT_1.19.0/GNU-tools-for-STM32/bin/../lib/gcc/arm-none-eabi/13.3.1/../../../../arm-none-eabi/lib/thumb/v7e-m+fp/hard/libc_nano.a
LOAD /opt/ST/STM32CubeCLT_1.19.0/GNU-tools-for-STM32/bin/../lib/gcc/arm-none-eabi/13.3.1/../../../../arm-none-eabi/lib/thumb/v7e-m+fp/hard/libnosys.a
END GROUP
START GROUP
LOAD /opt/ST/STM32CubeCLT_1.19.0/GNU-tools-for-STM32/bin/../lib/gcc/arm-none-eabi/13.3.1/thumb/v7e-m+fp/hard/libgcc.a
LOAD /opt/ST/STM32CubeCLT_1.19.0/GNU-tools-for-STM32/bin/../lib/gcc/arm-none-eabi/13.3.1/../../../../arm-none-eabi/lib/thumb/v7e-m+fp/hard/libc_nano.a
LOAD /opt/ST/STM32CubeCLT_1.19.0/GNU-tools-for-STM32/bin/../lib/gcc/arm-none-eabi/13.3.1/../../../../arm-none-eabi/lib/thumb/v7e-m+fp/hard/libnosys.a
END GROUP
LOAD /opt/ST/STM32CubeCLT_1.19.0/GNU-tools-for-STM32/bin/../lib/gcc/arm-none-eabi/13.3.1/thumb/v7e-m+fp/hard/crtend.o
LOAD /opt/ST/STM32CubeCLT_1.19.0/GNU-tools-for-STM32/bin/../lib/gcc/arm-none-eabi/13.3.1/thumb/v7e-m+fp/hard/crtn.o
                0x20040000                        _estack = (ORIGIN (RAM) + LENGTH (RAM))
                0x00000200                        _Min_Heap_Size = 0x200
                0x00000400                        _Min_Stack_Size = 0x400

.isr_vector     0x08000000      0x1e0
                0x08000000                        . = ALIGN (0x4)
 *(.isr_vector)
 .isr_vector    0x08000000      0x1e0 ./Core/Startup/startup_stm32f730z8tx.o
                0x08000000                g_pfnVectors
                0x080001e0                        . = ALIGN (0x4)

.text           0x080001e0    0x130b4
                0x080001e0                        . = ALIGN (0x4)
 *(.text)
 .text          0x080001e0       0x40 /opt/ST/STM32CubeCLT_1.19.0/GNU-tools-for-STM32/bin/../lib/gcc/arm-none-eabi/13.3.1/thumb/v7e-m+fp/hard/crtbegin.o
 .text          0x08000220       0x14 /opt/ST/STM32CubeCLT_1.19.0/GNU-tools-for-STM32/bin/../lib/gcc/arm-none-eabi/13.3.1/../../../../arm-none-eabi/lib/thumb/v7e-m+fp/hard/libc_nano.a(libc_a-strcmp.o)
                0x08000220                strcmp
 *fill*         0x08000234        0xc 
 .text          0x08000240       0xa0 /opt/ST/STM32CubeCLT_1.19.0/GNU-tools-for-STM32/bin/../lib/gcc/arm-none-eabi/13.3.1/../../../../arm-none-eabi/lib/thumb/v7e-m+fp/hard/libc_nano.a(libc_a-memchr.o)
                0x08000240                memchr
 .text          0x080002e0       0x10 /opt/ST/STM32CubeCLT_1.19.0/GNU-tools-for-STM32/bin/../lib/gcc/arm-none-eabi/13.3.1/../../../../arm-none-eabi/lib/thumb/v7e-m+fp/hard/libc_nano.a(libc_a-strlen.o)
                0x080002e0                strlen
 .text          0x080002f0      0x378 /opt/ST/STM32CubeCLT_1.19.0/GNU-tools-for-STM32/bin/../lib/gcc/arm-none-eabi/13.3.1/thumb/v7e-m+fp/hard/libgcc.a(_arm_addsubdf3.o)
                0x080002f0                __aeabi_drsub
                0x080002f8                __subdf3
                0x080002f8                __aeabi_dsub
                0x080002fc                __aeabi_dadd
                0x080002fc                __adddf3
                0x08000574                __aeabi_ui2d
                0x08000574                __floatunsidf
                0x08000594                __floatsidf
                0x08000594                __aeabi_i2d
                0x080005b8                __extendsfdf2
                0x080005b8                __aeabi_f2d
                0x080005fc                __aeabi_ul2d
                0x080005fc                __floatundidf
                0x0800060c                __aeabi_l2d
                0x0800060c                __floatdidf
 .text          0x08000668      0x424 /opt/ST/STM32CubeCLT_1.19.0/GNU-tools-for-STM32/bin/../lib/gcc/arm-none-eabi/13.3.1/thumb/v7e-m+fp/hard/libgcc.a(_arm_muldivdf3.o)
                0x08000668                __aeabi_dmul
                0x08000668                __muldf3
                0x080008bc                __aeabi_ddiv
                0x080008bc                __divdf3
 .text          0x08000a8c      0x110 /opt/ST/STM32CubeCLT_1.19.0/GNU-tools-for-STM32/bin/../lib/gcc/arm-none-eabi/13.3.1/thumb/v7e-m+fp/hard/libgcc.a(_arm_cmpdf2.o)
                0x08000a8c                __gedf2
                0x08000a8c                __gtdf2
                0x08000a94                __ledf2
                0x08000a94                __ltdf2
                0x08000a9c                __cmpdf2
                0x08000a9c                __eqdf2
                0x08000a9c                __nedf2
                0x08000b18                __aeabi_cdrcmple
                0x08000b28                __aeabi_cdcmple
                0x08000b28                __aeabi_cdcmpeq
                0x08000b38                __aeabi_dcmpeq
                0x08000b4c                __aeabi_dcmplt
                0x08000b60                __aeabi_dcmple
                0x08000b74                __aeabi_dcmpge
                0x08000b88                __aeabi_dcmpgt
 .text          0x08000b9c       0x2c /opt/ST/STM32CubeCLT_1.19.0/GNU-tools-for-STM32/bin/../lib/gcc/arm-none-eabi/13.3.1/thumb/v7e-m+fp/hard/libgcc.a(_arm_unorddf2.o)
                0x08000b9c                __aeabi_dcmpun
                0x08000b9c                __unorddf2
 .text          0x08000bc8       0x50 /opt/ST/STM32CubeCLT_1.19.0/GNU-tools-for-STM32/bin/../lib/gcc/arm-none-eabi/13.3.1/thumb/v7e-m+fp/hard/libgcc.a(_arm_fixdfsi.o)
                0x08000bc8                __fixdfsi
                0x08000bc8                __aeabi_d2iz
 .text          0x08000c18       0x30 /opt/ST/STM32CubeCLT_1.19.0/GNU-tools-for-STM32/bin/../lib/gcc/arm-none-eabi/13.3.1/thumb/v7e-m+fp/hard/libgcc.a(_aeabi_uldivmod.o)
                0x08000c18                __aeabi_uldivmod
 .text          0x08000c48      0x2f8 /opt/ST/STM32CubeCLT_1.19.0/GNU-tools-for-STM32/bin/../lib/gcc/arm-none-eabi/13.3.1/thumb/v7e-m+fp/hard/libgcc.a(_udivmoddi4.o)
                0x08000c48                __udivmoddi4
 .text          0x08000f40        0x4 /opt/ST/STM32CubeCLT_1.19.0/GNU-tools-for-STM32/bin/../lib/gcc/arm-none-eabi/13.3.1/thumb/v7e-m+fp/hard/libgcc.a(_dvmd_tls.o)
                0x08000f40                __aeabi_ldiv0
                0x08000f40                __aeabi_idiv0
 *(.text*)
 .text.Busy_StartIT
                0x08000f44       0x14 ./Core/Src/acq_control.o
 .text.Busy_StopIT
                0x08000f58       0x14 ./Core/Src/acq_control.o
 .text.Trig_StartIT
                0x08000f6c       0x14 ./Core/Src/acq_control.o
 .text.Trig_StopIT
                0x08000f80       0x14 ./Core/Src/acq_control.o
 .text.sdram_reset_writer
                0x08000f94       0x1c ./Core/Src/acq_control.o
 .text.popcount4
                0x08000fb0       0x4e ./Core/Src/acq_control.o
 *fill*         0x08000ffe        0x2 
 .text.ACQ_GetChannelMask
                0x08001000       0x30 ./Core/Src/acq_control.o
                0x08001000                ACQ_GetChannelMask
 .text.ACQ_GetActiveChannelCount
                0x08001030       0x16 ./Core/Src/acq_control.o
                0x08001030                ACQ_GetActiveChannelCount
 .text.ACQ_GetFrameBytes
                0x08001046       0x12 ./Core/Src/acq_control.o
                0x08001046                ACQ_GetFrameBytes
 .text.ACQ_SetChannelMask
                0x08001058       0x88 ./Core/Src/acq_control.o
                0x08001058                ACQ_SetChannelMask
 .text.sdram_store_frame_masked
                0x080010e0       0xe0 ./Core/Src/acq_control.o
 .text.stop_all_timing
                0x080011c0       0x54 ./Core/Src/acq_control.o
 .text.ACQ_Init
                0x08001214       0xac ./Core/Src/acq_control.o
                0x08001214                ACQ_Init
 .text.ACQ_Arm  0x080012c0       0x74 ./Core/Src/acq_control.o
                0x080012c0                ACQ_Arm
 .text.ACQ_StartStream
                0x08001334       0x70 ./Core/Src/acq_control.o
                0x08001334                ACQ_StartStream
 .text.ACQ_ArmForTrigger
                0x080013a4      0x100 ./Core/Src/acq_control.o
                0x080013a4                ACQ_ArmForTrigger
 .text.ACQ_OnTriggerEdge
                0x080014a4       0x64 ./Core/Src/acq_control.o
                0x080014a4                ACQ_OnTriggerEdge
 .text.ACQ_StopStream
                0x08001508       0x28 ./Core/Src/acq_control.o
                0x08001508                ACQ_StopStream
 .text.ACQ_SoftReset
                0x08001530       0x78 ./Core/Src/acq_control.o
                0x08001530                ACQ_SoftReset
 .text.ACQ_Snapshot_Arm
                0x080015a8       0xcc ./Core/Src/acq_control.o
                0x080015a8                ACQ_Snapshot_Arm
 .text.ACQ_Snapshot_Cancel
                0x08001674       0x40 ./Core/Src/acq_control.o
                0x08001674                ACQ_Snapshot_Cancel
 .text.ACQ_Snapshot_Read_adc
                0x080016b4       0x60 ./Core/Src/acq_control.o
                0x080016b4                ACQ_Snapshot_Read_adc
 .text.ACQ_OnBusyFallingISR
                0x08001714      0x1ac ./Core/Src/acq_control.o
                0x08001714                ACQ_OnBusyFallingISR
 .text.ACQ_IsStreaming
                0x080018c0       0x18 ./Core/Src/acq_control.o
                0x080018c0                ACQ_IsStreaming
 .text.ACQ_StreamFramesRemaining
                0x080018d8       0x30 ./Core/Src/acq_control.o
                0x080018d8                ACQ_StreamFramesRemaining
 .text.ACQ_StreamWriteAddress
                0x08001908       0x18 ./Core/Src/acq_control.o
                0x08001908                ACQ_StreamWriteAddress
 .text.CS_LOW   0x08001920       0x20 ./Core/Src/ad7606.o
                0x08001920                CS_LOW
 .text.CS_HIGH  0x08001940       0x1c ./Core/Src/ad7606.o
                0x08001940                CS_HIGH
 .text.AD7606_Init
                0x0800195c       0x30 ./Core/Src/ad7606.o
                0x0800195c                AD7606_Init
 .text.AD7606_Reset
                0x0800198c       0x3c ./Core/Src/ad7606.o
                0x0800198c                AD7606_Reset
 .text.SPI5_Ensure_Mode0_16bit_FullDuplex_SwNSS_Presc8
                0x080019c8       0x7c ./Core/Src/ad7606.o
                0x080019c8                SPI5_Ensure_Mode0_16bit_FullDuplex_SwNSS_Presc8
 .text.AD7606_SetOversampling
                0x08001a44       0x8c ./Core/Src/ad7606.o
                0x08001a44                AD7606_SetOversampling
 .text.FRSTDATA_IS_HIGH
                0x08001ad0       0x24 ./Core/Src/ad7606.o
 .text.SPI5_ClearRxFifo
                0x08001af4       0x40 ./Core/Src/ad7606.o
                0x08001af4                SPI5_ClearRxFifo
 .text.wait_frstdata_high
                0x08001b34       0x2c ./Core/Src/ad7606.o
 .text.AD7606_Read4Words_Tight
                0x08001b60      0x108 ./Core/Src/ad7606.o
                0x08001b60                AD7606_Read4Words_Tight
 .text.LOGCAL_GetLUT
                0x08001c68       0x48 ./Core/Src/calib.o
                0x08001c68                LOGCAL_GetLUT
 .text.cdc_try_tx
                0x08001cb0       0x2a ./Core/Src/calib.o
 *fill*         0x08001cda        0x2 
 .text.CALDUMP_Start
                0x08001cdc       0x64 ./Core/Src/calib.o
                0x08001cdc                CALDUMP_Start
 .text.CALDUMP_IsActive
                0x08001d40       0x18 ./Core/Src/calib.o
                0x08001d40                CALDUMP_IsActive
 .text.CALDUMP_Task
                0x08001d58      0x110 ./Core/Src/calib.o
                0x08001d58                CALDUMP_Task
 .text.TCA_WriteReg
                0x08001e68       0x44 ./Core/Src/i2c.o
 .text.TCA_ReadReg
                0x08001eac       0x40 ./Core/Src/i2c.o
 .text.I2C_Init
                0x08001eec       0x50 ./Core/Src/i2c.o
                0x08001eec                I2C_Init
 .text.TCA_WriteOutputs
                0x08001f3c       0x58 ./Core/Src/i2c.o
                0x08001f3c                TCA_WriteOutputs
 .text.TCA_ReadOutputs
                0x08001f94       0x88 ./Core/Src/i2c.o
                0x08001f94                TCA_ReadOutputs
 .text.encode_gain_to_ports
                0x0800201c      0x11c ./Core/Src/i2c.o
 .text.decode_gain_head1
                0x08002138       0x4a ./Core/Src/i2c.o
 .text.decode_gain_head2
                0x08002182       0x4c ./Core/Src/i2c.o
 .text.decode_gain_head3
                0x080021ce       0x4a ./Core/Src/i2c.o
 .text.decode_gain_head4
                0x08002218       0x46 ./Core/Src/i2c.o
 .text.ApplyGainWrite
                0x0800225e       0x7e ./Core/Src/i2c.o
 .text.sht_crc8
                0x080022dc       0x72 ./Core/Src/i2c.o
 *fill*         0x0800234e        0x2 
 .text.sht_write_cmd
                0x08002350       0x34 ./Core/Src/i2c.o
 .text.SHT_Read
                0x08002384      0x14c ./Core/Src/i2c.o
                0x08002384                SHT_Read
 .text.I2C_RequestRefresh
                0x080024d0       0x18 ./Core/Src/i2c.o
                0x080024d0                I2C_RequestRefresh
 .text.I2C_Refresh
                0x080024e8       0xc8 ./Core/Src/i2c.o
                0x080024e8                I2C_Refresh
 .text._arr     0x080025b0       0x1a ./Core/Src/leds.o
 .text._setCCR01
                0x080025ca       0xd4 ./Core/Src/leds.o
 *fill*         0x0800269e        0x2 
 .text.LED_Init
                0x080026a0       0x40 ./Core/Src/leds.o
                0x080026a0                LED_Init
 .text.LED_BreatheBoth
                0x080026e0       0xd6 ./Core/Src/leds.o
                0x080026e0                LED_BreatheBoth
 *fill*         0x080027b6        0x2 
 .text.LED2_On  0x080027b8       0x1c ./Core/Src/leds.o
                0x080027b8                LED2_On
 .text.LED2_Off
                0x080027d4       0x1c ./Core/Src/leds.o
                0x080027d4                LED2_Off
 .text.LED2_SetDuty01
                0x080027f0       0x24 ./Core/Src/leds.o
                0x080027f0                LED2_SetDuty01
 .text.LED3_On  0x08002814       0x1c ./Core/Src/leds.o
                0x08002814                LED3_On
 .text.LED3_Off
                0x08002830       0x1c ./Core/Src/leds.o
                0x08002830                LED3_Off
 .text.LED3_SetDuty01
                0x0800284c       0x24 ./Core/Src/leds.o
                0x0800284c                LED3_SetDuty01
 .text.LED2_BlinkStop
                0x08002870       0x1c ./Core/Src/leds.o
                0x08002870                LED2_BlinkStop
 .text.SCB_EnableICache
                0x0800288c       0x4c ./Core/Src/main.o
 .text.SCB_EnableDCache
                0x080028d8       0x88 ./Core/Src/main.o
 .text.ITM_SendChar
                0x08002960       0x4e ./Core/Src/main.o
 *fill*         0x080029ae        0x2 
 .text.JumpToBootloader
                0x080029b0      0x140 ./Core/Src/main.o
                0x080029b0                JumpToBootloader
 .text._write   0x08002af0       0x3c ./Core/Src/main.o
                0x08002af0                _write
 .text.main     0x08002b2c      0x128 ./Core/Src/main.o
                0x08002b2c                main
 .text.SystemClock_Config
                0x08002c54       0xdc ./Core/Src/main.o
                0x08002c54                SystemClock_Config
 .text.MX_ADC1_Init
                0x08002d30       0xa8 ./Core/Src/main.o
 .text.MX_DAC_Init
                0x08002dd8       0x54 ./Core/Src/main.o
 .text.MX_I2C3_Init
                0x08002e2c       0x80 ./Core/Src/main.o
 .text.MX_SPI5_Init
                0x08002eac       0x7c ./Core/Src/main.o
 .text.MX_TIM3_Init
                0x08002f28      0x154 ./Core/Src/main.o
 .text.MX_TIM13_Init
                0x0800307c       0x9c ./Core/Src/main.o
 .text.MX_TIM14_Init
                0x08003118       0x9c ./Core/Src/main.o
 .text.MX_USB_OTG_FS_PCD_Init
                0x080031b4       0x60 ./Core/Src/main.o
 .text.MX_FMC_Init
                0x08003214      0x11c ./Core/Src/main.o
 .text.MX_GPIO_Init
                0x08003330      0x19c ./Core/Src/main.o
 .text.MPU_Config
                0x080034cc       0x56 ./Core/Src/main.o
 .text.Error_Handler
                0x08003522        0xc ./Core/Src/main.o
                0x08003522                Error_Handler
 *fill*         0x0800352e        0x2 
 .text.SM_SetState
                0x08003530       0x20 ./Core/Src/state_machine.o
                0x08003530                SM_SetState
 .text.SM_GetState
                0x08003550       0x18 ./Core/Src/state_machine.o
                0x08003550                SM_GetState
 .text.HAL_MspInit
                0x08003568       0x48 ./Core/Src/stm32f7xx_hal_msp.o
                0x08003568                HAL_MspInit
 .text.HAL_ADC_MspInit
                0x080035b0       0x80 ./Core/Src/stm32f7xx_hal_msp.o
                0x080035b0                HAL_ADC_MspInit
 .text.HAL_DAC_MspInit
                0x08003630       0x80 ./Core/Src/stm32f7xx_hal_msp.o
                0x08003630                HAL_DAC_MspInit
 .text.HAL_I2C_MspInit
                0x080036b0      0x108 ./Core/Src/stm32f7xx_hal_msp.o
                0x080036b0                HAL_I2C_MspInit
 .text.HAL_SPI_MspInit
                0x080037b8       0x98 ./Core/Src/stm32f7xx_hal_msp.o
                0x080037b8                HAL_SPI_MspInit
 .text.HAL_TIM_Base_MspInit
                0x08003850       0xe8 ./Core/Src/stm32f7xx_hal_msp.o
                0x08003850                HAL_TIM_Base_MspInit
 .text.HAL_TIM_MspPostInit
                0x08003938      0x104 ./Core/Src/stm32f7xx_hal_msp.o
                0x08003938                HAL_TIM_MspPostInit
 .text.HAL_FMC_MspInit
                0x08003a3c      0x100 ./Core/Src/stm32f7xx_hal_msp.o
 .text.HAL_SDRAM_MspInit
                0x08003b3c       0x14 ./Core/Src/stm32f7xx_hal_msp.o
                0x08003b3c                HAL_SDRAM_MspInit
 .text.NMI_Handler
                0x08003b50        0x8 ./Core/Src/stm32f7xx_it.o
                0x08003b50                NMI_Handler
 .text.HardFault_Handler
                0x08003b58        0x8 ./Core/Src/stm32f7xx_it.o
                0x08003b58                HardFault_Handler
 .text.MemManage_Handler
                0x08003b60        0x8 ./Core/Src/stm32f7xx_it.o
                0x08003b60                MemManage_Handler
 .text.BusFault_Handler
                0x08003b68        0x8 ./Core/Src/stm32f7xx_it.o
                0x08003b68                BusFault_Handler
 .text.UsageFault_Handler
                0x08003b70        0x8 ./Core/Src/stm32f7xx_it.o
                0x08003b70                UsageFault_Handler
 .text.SVC_Handler
                0x08003b78        0xe ./Core/Src/stm32f7xx_it.o
                0x08003b78                SVC_Handler
 .text.DebugMon_Handler
                0x08003b86        0xe ./Core/Src/stm32f7xx_it.o
                0x08003b86                DebugMon_Handler
 .text.PendSV_Handler
                0x08003b94        0xe ./Core/Src/stm32f7xx_it.o
                0x08003b94                PendSV_Handler
 .text.SysTick_Handler
                0x08003ba2        0xc ./Core/Src/stm32f7xx_it.o
                0x08003ba2                SysTick_Handler
 *fill*         0x08003bae        0x2 
 .text.TIM3_IRQHandler
                0x08003bb0       0x78 ./Core/Src/stm32f7xx_it.o
                0x08003bb0                TIM3_IRQHandler
 .text.OTG_HS_IRQHandler
                0x08003c28       0x14 ./Core/Src/stm32f7xx_it.o
                0x08003c28                OTG_HS_IRQHandler
 .text.SPI5_IRQHandler
                0x08003c3c       0x14 ./Core/Src/stm32f7xx_it.o
                0x08003c3c                SPI5_IRQHandler
 .text._getpid  0x08003c50       0x10 ./Core/Src/syscalls.o
                0x08003c50                _getpid
 .text._kill    0x08003c60       0x20 ./Core/Src/syscalls.o
                0x08003c60                _kill
 .text._exit    0x08003c80       0x16 ./Core/Src/syscalls.o
                0x08003c80                _exit
 .text._read    0x08003c96       0x3a ./Core/Src/syscalls.o
                0x08003c96                _read
 .text._close   0x08003cd0       0x18 ./Core/Src/syscalls.o
                0x08003cd0                _close
 .text._fstat   0x08003ce8       0x20 ./Core/Src/syscalls.o
                0x08003ce8                _fstat
 .text._isatty  0x08003d08       0x16 ./Core/Src/syscalls.o
                0x08003d08                _isatty
 .text._lseek   0x08003d1e       0x1a ./Core/Src/syscalls.o
                0x08003d1e                _lseek
 .text._sbrk    0x08003d38       0x6c ./Core/Src/sysmem.o
                0x08003d38                _sbrk
 .text.SystemInit
                0x08003da4       0x24 ./Core/Src/system_stm32f7xx.o
                0x08003da4                SystemInit
 .text.tim3_get_clk_hz
                0x08003dc8       0x30 ./Core/Src/timer_control.o
 .text.TIM3_GetFreqHz
                0x08003df8       0x50 ./Core/Src/timer_control.o
                0x08003df8                TIM3_GetFreqHz
 .text.TIM3_SetFreqHz
                0x08003e48      0x1a0 ./Core/Src/timer_control.o
                0x08003e48                TIM3_SetFreqHz
 .text.TIM3_StartConvstPWM
                0x08003fe8       0x14 ./Core/Src/timer_control.o
                0x08003fe8                TIM3_StartConvstPWM
 .text.TIM3_StopConvstPWM
                0x08003ffc       0x14 ./Core/Src/timer_control.o
                0x08003ffc                TIM3_StopConvstPWM
 .text.SCB_CleanDCache_by_Addr
                0x08004010       0x58 ./Core/Src/usb_xfer.o
 .text.clean_dcache_range
                0x08004068       0x40 ./Core/Src/usb_xfer.o
 .text.USB_TransferTask
                0x080040a8       0x8c ./Core/Src/usb_xfer.o
                0x080040a8                USB_TransferTask
 .text.Reset_Handler
                0x08004134       0x50 ./Core/Startup/startup_stm32f730z8tx.o
                0x08004134                Reset_Handler
 .text.Default_Handler
                0x08004184        0x2 ./Core/Startup/startup_stm32f730z8tx.o
                0x08004184                DMA1_Stream3_IRQHandler
                0x08004184                EXTI2_IRQHandler
                0x08004184                TIM8_CC_IRQHandler
                0x08004184                UART8_IRQHandler
                0x08004184                SPI4_IRQHandler
                0x08004184                TIM1_CC_IRQHandler
                0x08004184                DMA2_Stream5_IRQHandler
                0x08004184                DMA1_Stream5_IRQHandler
                0x08004184                PVD_IRQHandler
                0x08004184                TAMP_STAMP_IRQHandler
                0x08004184                EXTI3_IRQHandler
                0x08004184                TIM8_TRG_COM_TIM14_IRQHandler
                0x08004184                TIM1_UP_TIM10_IRQHandler
                0x08004184                TIM8_UP_TIM13_IRQHandler
                0x08004184                I2C3_ER_IRQHandler
                0x08004184                EXTI0_IRQHandler
                0x08004184                I2C2_EV_IRQHandler
                0x08004184                DMA1_Stream2_IRQHandler
                0x08004184                CAN1_RX0_IRQHandler
                0x08004184                FPU_IRQHandler
                0x08004184                OTG_HS_WKUP_IRQHandler
                0x08004184                DMA2_Stream2_IRQHandler
                0x08004184                SPI1_IRQHandler
                0x08004184                TIM6_DAC_IRQHandler
                0x08004184                TIM1_BRK_TIM9_IRQHandler
                0x08004184                DMA2_Stream3_IRQHandler
                0x08004184                SAI2_IRQHandler
                0x08004184                USART6_IRQHandler
                0x08004184                USART3_IRQHandler
                0x08004184                CAN1_RX1_IRQHandler
                0x08004184                UART5_IRQHandler
                0x08004184                DMA2_Stream0_IRQHandler
                0x08004184                TIM4_IRQHandler
                0x08004184                QUADSPI_IRQHandler
                0x08004184                I2C1_EV_IRQHandler
                0x08004184                DMA1_Stream6_IRQHandler
                0x08004184                DMA1_Stream1_IRQHandler
                0x08004184                UART4_IRQHandler
                0x08004184                RCC_IRQHandler
                0x08004184                TIM8_BRK_TIM12_IRQHandler
                0x08004184                Default_Handler
                0x08004184                EXTI15_10_IRQHandler
                0x08004184                ADC_IRQHandler
                0x08004184                DMA1_Stream7_IRQHandler
                0x08004184                TIM7_IRQHandler
                0x08004184                SDMMC1_IRQHandler
                0x08004184                TIM5_IRQHandler
                0x08004184                DMA2_Stream7_IRQHandler
                0x08004184                I2C3_EV_IRQHandler
                0x08004184                EXTI9_5_IRQHandler
                0x08004184                RTC_WKUP_IRQHandler
                0x08004184                SPI2_IRQHandler
                0x08004184                OTG_HS_EP1_IN_IRQHandler
                0x08004184                DMA1_Stream0_IRQHandler
                0x08004184                CAN1_TX_IRQHandler
                0x08004184                EXTI4_IRQHandler
                0x08004184                RNG_IRQHandler
                0x08004184                OTG_HS_EP1_OUT_IRQHandler
                0x08004184                WWDG_IRQHandler
                0x08004184                TIM2_IRQHandler
                0x08004184                OTG_FS_WKUP_IRQHandler
                0x08004184                TIM1_TRG_COM_TIM11_IRQHandler
                0x08004184                EXTI1_IRQHandler
                0x08004184                SDMMC2_IRQHandler
                0x08004184                AES_IRQHandler
                0x08004184                UART7_IRQHandler
                0x08004184                USART2_IRQHandler
                0x08004184                I2C2_ER_IRQHandler
                0x08004184                DMA2_Stream1_IRQHandler
                0x08004184                CAN1_SCE_IRQHandler
                0x08004184                FLASH_IRQHandler
                0x08004184                DMA2_Stream4_IRQHandler
                0x08004184                USART1_IRQHandler
                0x08004184                OTG_FS_IRQHandler
                0x08004184                SPI3_IRQHandler
                0x08004184                DMA1_Stream4_IRQHandler
                0x08004184                I2C1_ER_IRQHandler
                0x08004184                FMC_IRQHandler
                0x08004184                LPTIM1_IRQHandler
                0x08004184                DMA2_Stream6_IRQHandler
                0x08004184                SAI1_IRQHandler
                0x08004184                RTC_Alarm_IRQHandler
 .text.HAL_Init
                0x08004186       0x1a ./Drivers/STM32F7xx_HAL_Driver/Src/stm32f7xx_hal.o
                0x08004186                HAL_Init
 .text.HAL_InitTick
                0x080041a0       0x60 ./Drivers/STM32F7xx_HAL_Driver/Src/stm32f7xx_hal.o
                0x080041a0                HAL_InitTick
 .text.HAL_IncTick
                0x08004200       0x28 ./Drivers/STM32F7xx_HAL_Driver/Src/stm32f7xx_hal.o
                0x08004200                HAL_IncTick
 .text.HAL_GetTick
                0x08004228       0x18 ./Drivers/STM32F7xx_HAL_Driver/Src/stm32f7xx_hal.o
                0x08004228                HAL_GetTick
 .text.HAL_Delay
                0x08004240       0x48 ./Drivers/STM32F7xx_HAL_Driver/Src/stm32f7xx_hal.o
                0x08004240                HAL_Delay
 .text.HAL_ADC_Init
                0x08004288       0x88 ./Drivers/STM32F7xx_HAL_Driver/Src/stm32f7xx_hal_adc.o
                0x08004288                HAL_ADC_Init
 .text.HAL_ADC_Start
                0x08004310      0x19c ./Drivers/STM32F7xx_HAL_Driver/Src/stm32f7xx_hal_adc.o
                0x08004310                HAL_ADC_Start
 .text.HAL_ADC_Stop
                0x080044ac       0x68 ./Drivers/STM32F7xx_HAL_Driver/Src/stm32f7xx_hal_adc.o
                0x080044ac                HAL_ADC_Stop
 .text.HAL_ADC_PollForConversion
                0x08004514      0x116 ./Drivers/STM32F7xx_HAL_Driver/Src/stm32f7xx_hal_adc.o
                0x08004514                HAL_ADC_PollForConversion
 .text.HAL_ADC_GetValue
                0x0800462a       0x1a ./Drivers/STM32F7xx_HAL_Driver/Src/stm32f7xx_hal_adc.o
                0x0800462a                HAL_ADC_GetValue
 .text.HAL_ADC_ConfigChannel
                0x08004644      0x2b4 ./Drivers/STM32F7xx_HAL_Driver/Src/stm32f7xx_hal_adc.o
                0x08004644                HAL_ADC_ConfigChannel
 .text.ADC_Init
                0x080048f8      0x1f4 ./Drivers/STM32F7xx_HAL_Driver/Src/stm32f7xx_hal_adc.o
 .text.__NVIC_SetPriorityGrouping
                0x08004aec       0x48 ./Drivers/STM32F7xx_HAL_Driver/Src/stm32f7xx_hal_cortex.o
 .text.__NVIC_GetPriorityGrouping
                0x08004b34       0x1c ./Drivers/STM32F7xx_HAL_Driver/Src/stm32f7xx_hal_cortex.o
 .text.__NVIC_EnableIRQ
                0x08004b50       0x3c ./Drivers/STM32F7xx_HAL_Driver/Src/stm32f7xx_hal_cortex.o
 .text.__NVIC_SetPriority
                0x08004b8c       0x54 ./Drivers/STM32F7xx_HAL_Driver/Src/stm32f7xx_hal_cortex.o
 .text.NVIC_EncodePriority
                0x08004be0       0x66 ./Drivers/STM32F7xx_HAL_Driver/Src/stm32f7xx_hal_cortex.o
 *fill*         0x08004c46        0x2 
 .text.SysTick_Config
                0x08004c48       0x44 ./Drivers/STM32F7xx_HAL_Driver/Src/stm32f7xx_hal_cortex.o
 .text.HAL_NVIC_SetPriorityGrouping
                0x08004c8c       0x16 ./Drivers/STM32F7xx_HAL_Driver/Src/stm32f7xx_hal_cortex.o
                0x08004c8c                HAL_NVIC_SetPriorityGrouping
 .text.HAL_NVIC_SetPriority
                0x08004ca2       0x38 ./Drivers/STM32F7xx_HAL_Driver/Src/stm32f7xx_hal_cortex.o
                0x08004ca2                HAL_NVIC_SetPriority
 .text.HAL_NVIC_EnableIRQ
                0x08004cda       0x1c ./Drivers/STM32F7xx_HAL_Driver/Src/stm32f7xx_hal_cortex.o
                0x08004cda                HAL_NVIC_EnableIRQ
 .text.HAL_SYSTICK_Config
                0x08004cf6       0x18 ./Drivers/STM32F7xx_HAL_Driver/Src/stm32f7xx_hal_cortex.o
                0x08004cf6                HAL_SYSTICK_Config
 *fill*         0x08004d0e        0x2 
 .text.HAL_MPU_Disable
                0x08004d10       0x30 ./Drivers/STM32F7xx_HAL_Driver/Src/stm32f7xx_hal_cortex.o
                0x08004d10                HAL_MPU_Disable
 .text.HAL_MPU_Enable
                0x08004d40       0x40 ./Drivers/STM32F7xx_HAL_Driver/Src/stm32f7xx_hal_cortex.o
                0x08004d40                HAL_MPU_Enable
 .text.HAL_MPU_ConfigRegion
                0x08004d80       0x80 ./Drivers/STM32F7xx_HAL_Driver/Src/stm32f7xx_hal_cortex.o
                0x08004d80                HAL_MPU_ConfigRegion
 .text.HAL_DAC_Init
                0x08004e00       0x44 ./Drivers/STM32F7xx_HAL_Driver/Src/stm32f7xx_hal_dac.o
                0x08004e00                HAL_DAC_Init
 .text.HAL_DAC_ConfigChannel
                0x08004e44       0xb2 ./Drivers/STM32F7xx_HAL_Driver/Src/stm32f7xx_hal_dac.o
                0x08004e44                HAL_DAC_ConfigChannel
 .text.HAL_DMA_Abort_IT
                0x08004ef6       0x44 ./Drivers/STM32F7xx_HAL_Driver/Src/stm32f7xx_hal_dma.o
                0x08004ef6                HAL_DMA_Abort_IT
 *fill*         0x08004f3a        0x2 
 .text.HAL_GPIO_Init
                0x08004f3c      0x338 ./Drivers/STM32F7xx_HAL_Driver/Src/stm32f7xx_hal_gpio.o
                0x08004f3c                HAL_GPIO_Init
 .text.HAL_GPIO_ReadPin
                0x08005274       0x30 ./Drivers/STM32F7xx_HAL_Driver/Src/stm32f7xx_hal_gpio.o
                0x08005274                HAL_GPIO_ReadPin
 .text.HAL_GPIO_WritePin
                0x080052a4       0x32 ./Drivers/STM32F7xx_HAL_Driver/Src/stm32f7xx_hal_gpio.o
                0x080052a4                HAL_GPIO_WritePin
 *fill*         0x080052d6        0x2 
 .text.HAL_I2C_Init
                0x080052d8      0x138 ./Drivers/STM32F7xx_HAL_Driver/Src/stm32f7xx_hal_i2c.o
                0x080052d8                HAL_I2C_Init
 .text.HAL_I2C_Master_Transmit
                0x08005410      0x230 ./Drivers/STM32F7xx_HAL_Driver/Src/stm32f7xx_hal_i2c.o
                0x08005410                HAL_I2C_Master_Transmit
 .text.HAL_I2C_Master_Receive
                0x08005640      0x1ec ./Drivers/STM32F7xx_HAL_Driver/Src/stm32f7xx_hal_i2c.o
                0x08005640                HAL_I2C_Master_Receive
 .text.HAL_I2C_Mem_Write
                0x0800582c      0x228 ./Drivers/STM32F7xx_HAL_Driver/Src/stm32f7xx_hal_i2c.o
                0x0800582c                HAL_I2C_Mem_Write
 .text.HAL_I2C_Mem_Read
                0x08005a54      0x234 ./Drivers/STM32F7xx_HAL_Driver/Src/stm32f7xx_hal_i2c.o
                0x08005a54                HAL_I2C_Mem_Read
 .text.I2C_RequestMemoryWrite
                0x08005c88       0xa8 ./Drivers/STM32F7xx_HAL_Driver/Src/stm32f7xx_hal_i2c.o
 .text.I2C_RequestMemoryRead
                0x08005d30       0xa8 ./Drivers/STM32F7xx_HAL_Driver/Src/stm32f7xx_hal_i2c.o
 .text.I2C_Flush_TXDR
                0x08005dd8       0x48 ./Drivers/STM32F7xx_HAL_Driver/Src/stm32f7xx_hal_i2c.o
 .text.I2C_WaitOnFlagUntilTimeout
                0x08005e20       0xb2 ./Drivers/STM32F7xx_HAL_Driver/Src/stm32f7xx_hal_i2c.o
 .text.I2C_WaitOnTXISFlagUntilTimeout
                0x08005ed2       0x8e ./Drivers/STM32F7xx_HAL_Driver/Src/stm32f7xx_hal_i2c.o
 .text.I2C_WaitOnSTOPFlagUntilTimeout
                0x08005f60       0x86 ./Drivers/STM32F7xx_HAL_Driver/Src/stm32f7xx_hal_i2c.o
 *fill*         0x08005fe6        0x2 
 .text.I2C_WaitOnRXNEFlagUntilTimeout
                0x08005fe8      0x118 ./Drivers/STM32F7xx_HAL_Driver/Src/stm32f7xx_hal_i2c.o
 .text.I2C_IsErrorOccurred
                0x08006100      0x1c0 ./Drivers/STM32F7xx_HAL_Driver/Src/stm32f7xx_hal_i2c.o
 .text.I2C_TransferConfig
                0x080062c0       0x64 ./Drivers/STM32F7xx_HAL_Driver/Src/stm32f7xx_hal_i2c.o
 .text.HAL_I2CEx_ConfigAnalogFilter
                0x08006324       0x96 ./Drivers/STM32F7xx_HAL_Driver/Src/stm32f7xx_hal_i2c_ex.o
                0x08006324                HAL_I2CEx_ConfigAnalogFilter
 .text.HAL_I2CEx_ConfigDigitalFilter
                0x080063ba       0x98 ./Drivers/STM32F7xx_HAL_Driver/Src/stm32f7xx_hal_i2c_ex.o
                0x080063ba                HAL_I2CEx_ConfigDigitalFilter
 .text.HAL_PCD_Init
                0x08006452      0x22c ./Drivers/STM32F7xx_HAL_Driver/Src/stm32f7xx_hal_pcd.o
                0x08006452                HAL_PCD_Init
 .text.HAL_PCD_Start
                0x0800667e       0x44 ./Drivers/STM32F7xx_HAL_Driver/Src/stm32f7xx_hal_pcd.o
                0x0800667e                HAL_PCD_Start
 .text.HAL_PCD_IRQHandler
                0x080066c2      0x99c ./Drivers/STM32F7xx_HAL_Driver/Src/stm32f7xx_hal_pcd.o
                0x080066c2                HAL_PCD_IRQHandler
 .text.HAL_PCD_SetAddress
                0x0800705e       0x48 ./Drivers/STM32F7xx_HAL_Driver/Src/stm32f7xx_hal_pcd.o
                0x0800705e                HAL_PCD_SetAddress
 .text.HAL_PCD_EP_Open
                0x080070a6       0xd4 ./Drivers/STM32F7xx_HAL_Driver/Src/stm32f7xx_hal_pcd.o
                0x080070a6                HAL_PCD_EP_Open
 .text.HAL_PCD_EP_Close
                0x0800717a       0x94 ./Drivers/STM32F7xx_HAL_Driver/Src/stm32f7xx_hal_pcd.o
                0x0800717a                HAL_PCD_EP_Close
 .text.HAL_PCD_EP_Receive
                0x0800720e       0x76 ./Drivers/STM32F7xx_HAL_Driver/Src/stm32f7xx_hal_pcd.o
                0x0800720e                HAL_PCD_EP_Receive
 .text.HAL_PCD_EP_GetRxCount
                0x08007284       0x30 ./Drivers/STM32F7xx_HAL_Driver/Src/stm32f7xx_hal_pcd.o
                0x08007284                HAL_PCD_EP_GetRxCount
 .text.HAL_PCD_EP_Transmit
                0x080072b4       0x74 ./Drivers/STM32F7xx_HAL_Driver/Src/stm32f7xx_hal_pcd.o
                0x080072b4                HAL_PCD_EP_Transmit
 .text.HAL_PCD_EP_SetStall
                0x08007328       0xc6 ./Drivers/STM32F7xx_HAL_Driver/Src/stm32f7xx_hal_pcd.o
                0x08007328                HAL_PCD_EP_SetStall
 .text.HAL_PCD_EP_ClrStall
                0x080073ee       0xac ./Drivers/STM32F7xx_HAL_Driver/Src/stm32f7xx_hal_pcd.o
                0x080073ee                HAL_PCD_EP_ClrStall
 .text.HAL_PCD_EP_Abort
                0x0800749a       0x62 ./Drivers/STM32F7xx_HAL_Driver/Src/stm32f7xx_hal_pcd.o
                0x0800749a                HAL_PCD_EP_Abort
 .text.HAL_PCD_EP_Flush
                0x080074fc       0x5a ./Drivers/STM32F7xx_HAL_Driver/Src/stm32f7xx_hal_pcd.o
                0x080074fc                HAL_PCD_EP_Flush
 .text.PCD_WriteEmptyTxFifo
                0x08007556      0x118 ./Drivers/STM32F7xx_HAL_Driver/Src/stm32f7xx_hal_pcd.o
 *fill*         0x0800766e        0x2 
 .text.PCD_EP_OutXfrComplete_int
                0x08007670      0x1d0 ./Drivers/STM32F7xx_HAL_Driver/Src/stm32f7xx_hal_pcd.o
 .text.PCD_EP_OutSetupPacket_int
                0x08007840       0x8c ./Drivers/STM32F7xx_HAL_Driver/Src/stm32f7xx_hal_pcd.o
 .text.HAL_PCDEx_SetTxFiFo
                0x080078cc       0x8e ./Drivers/STM32F7xx_HAL_Driver/Src/stm32f7xx_hal_pcd_ex.o
                0x080078cc                HAL_PCDEx_SetTxFiFo
 .text.HAL_PCDEx_SetRxFiFo
                0x0800795a       0x22 ./Drivers/STM32F7xx_HAL_Driver/Src/stm32f7xx_hal_pcd_ex.o
                0x0800795a                HAL_PCDEx_SetRxFiFo
 .text.HAL_PCDEx_ActivateLPM
                0x0800797c       0x48 ./Drivers/STM32F7xx_HAL_Driver/Src/stm32f7xx_hal_pcd_ex.o
                0x0800797c                HAL_PCDEx_ActivateLPM
 .text.HAL_PWREx_EnableOverDrive
                0x080079c4       0xa0 ./Drivers/STM32F7xx_HAL_Driver/Src/stm32f7xx_hal_pwr_ex.o
                0x080079c4                HAL_PWREx_EnableOverDrive
 .text.HAL_RCC_DeInit
                0x08007a64      0x1c0 ./Drivers/STM32F7xx_HAL_Driver/Src/stm32f7xx_hal_rcc.o
                0x08007a64                HAL_RCC_DeInit
 .text.HAL_RCC_OscConfig
                0x08007c24      0x548 ./Drivers/STM32F7xx_HAL_Driver/Src/stm32f7xx_hal_rcc.o
                0x08007c24                HAL_RCC_OscConfig
 .text.HAL_RCC_ClockConfig
                0x0800816c      0x1d8 ./Drivers/STM32F7xx_HAL_Driver/Src/stm32f7xx_hal_rcc.o
                0x0800816c                HAL_RCC_ClockConfig
 .text.HAL_RCC_GetSysClockFreq
                0x08008344      0x18c ./Drivers/STM32F7xx_HAL_Driver/Src/stm32f7xx_hal_rcc.o
                0x08008344                HAL_RCC_GetSysClockFreq
 .text.HAL_RCC_GetHCLKFreq
                0x080084d0       0x18 ./Drivers/STM32F7xx_HAL_Driver/Src/stm32f7xx_hal_rcc.o
                0x080084d0                HAL_RCC_GetHCLKFreq
 .text.HAL_RCC_GetPCLK1Freq
                0x080084e8       0x28 ./Drivers/STM32F7xx_HAL_Driver/Src/stm32f7xx_hal_rcc.o
                0x080084e8                HAL_RCC_GetPCLK1Freq
 .text.HAL_RCCEx_PeriphCLKConfig
                0x08008510      0x694 ./Drivers/STM32F7xx_HAL_Driver/Src/stm32f7xx_hal_rcc_ex.o
                0x08008510                HAL_RCCEx_PeriphCLKConfig
 .text.HAL_SDRAM_Init
                0x08008ba4       0x68 ./Drivers/STM32F7xx_HAL_Driver/Src/stm32f7xx_hal_sdram.o
                0x08008ba4                HAL_SDRAM_Init
 .text.HAL_SDRAM_SendCommand
                0x08008c0c       0x6a ./Drivers/STM32F7xx_HAL_Driver/Src/stm32f7xx_hal_sdram.o
                0x08008c0c                HAL_SDRAM_SendCommand
 .text.HAL_SDRAM_ProgramRefreshRate
                0x08008c76       0x50 ./Drivers/STM32F7xx_HAL_Driver/Src/stm32f7xx_hal_sdram.o
                0x08008c76                HAL_SDRAM_ProgramRefreshRate
 .text.HAL_SPI_Init
                0x08008cc6      0x156 ./Drivers/STM32F7xx_HAL_Driver/Src/stm32f7xx_hal_spi.o
                0x08008cc6                HAL_SPI_Init
 .text.HAL_SPI_IRQHandler
                0x08008e1c      0x200 ./Drivers/STM32F7xx_HAL_Driver/Src/stm32f7xx_hal_spi.o
                0x08008e1c                HAL_SPI_IRQHandler
 .text.HAL_SPI_ErrorCallback
                0x0800901c       0x14 ./Drivers/STM32F7xx_HAL_Driver/Src/stm32f7xx_hal_spi.o
                0x0800901c                HAL_SPI_ErrorCallback
 .text.SPI_DMAAbortOnError
                0x08009030       0x2a ./Drivers/STM32F7xx_HAL_Driver/Src/stm32f7xx_hal_spi.o
 .text.HAL_TIM_Base_Init
                0x0800905a       0xae ./Drivers/STM32F7xx_HAL_Driver/Src/stm32f7xx_hal_tim.o
                0x0800905a                HAL_TIM_Base_Init
 .text.HAL_TIM_PWM_Init
                0x08009108       0xae ./Drivers/STM32F7xx_HAL_Driver/Src/stm32f7xx_hal_tim.o
                0x08009108                HAL_TIM_PWM_Init
 .text.HAL_TIM_PWM_MspInit
                0x080091b6       0x14 ./Drivers/STM32F7xx_HAL_Driver/Src/stm32f7xx_hal_tim.o
                0x080091b6                HAL_TIM_PWM_MspInit
 *fill*         0x080091ca        0x2 
 .text.HAL_TIM_PWM_Start
                0x080091cc      0x1f4 ./Drivers/STM32F7xx_HAL_Driver/Src/stm32f7xx_hal_tim.o
                0x080091cc                HAL_TIM_PWM_Start
 .text.HAL_TIM_PWM_Stop
                0x080093c0      0x100 ./Drivers/STM32F7xx_HAL_Driver/Src/stm32f7xx_hal_tim.o
                0x080093c0                HAL_TIM_PWM_Stop
 .text.HAL_TIM_IC_Init
                0x080094c0       0xae ./Drivers/STM32F7xx_HAL_Driver/Src/stm32f7xx_hal_tim.o
                0x080094c0                HAL_TIM_IC_Init
 .text.HAL_TIM_IC_MspInit
                0x0800956e       0x14 ./Drivers/STM32F7xx_HAL_Driver/Src/stm32f7xx_hal_tim.o
                0x0800956e                HAL_TIM_IC_MspInit
 *fill*         0x08009582        0x2 
 .text.HAL_TIM_IC_Start_IT
                0x08009584      0x2a0 ./Drivers/STM32F7xx_HAL_Driver/Src/stm32f7xx_hal_tim.o
                0x08009584                HAL_TIM_IC_Start_IT
 .text.HAL_TIM_IC_Stop_IT
                0x08009824      0x180 ./Drivers/STM32F7xx_HAL_Driver/Src/stm32f7xx_hal_tim.o
                0x08009824                HAL_TIM_IC_Stop_IT
 .text.HAL_TIM_IC_ConfigChannel
                0x080099a4      0x138 ./Drivers/STM32F7xx_HAL_Driver/Src/stm32f7xx_hal_tim.o
                0x080099a4                HAL_TIM_IC_ConfigChannel
 .text.HAL_TIM_PWM_ConfigChannel
                0x08009adc      0x228 ./Drivers/STM32F7xx_HAL_Driver/Src/stm32f7xx_hal_tim.o
                0x08009adc                HAL_TIM_PWM_ConfigChannel
 .text.HAL_TIM_ConfigClockSource
                0x08009d04      0x194 ./Drivers/STM32F7xx_HAL_Driver/Src/stm32f7xx_hal_tim.o
                0x08009d04                HAL_TIM_ConfigClockSource
 .text.TIM_Base_SetConfig
                0x08009e98      0x14c ./Drivers/STM32F7xx_HAL_Driver/Src/stm32f7xx_hal_tim.o
                0x08009e98                TIM_Base_SetConfig
 .text.TIM_OC1_SetConfig
                0x08009fe4       0xe4 ./Drivers/STM32F7xx_HAL_Driver/Src/stm32f7xx_hal_tim.o
 .text.TIM_OC2_SetConfig
                0x0800a0c8       0xf0 ./Drivers/STM32F7xx_HAL_Driver/Src/stm32f7xx_hal_tim.o
                0x0800a0c8                TIM_OC2_SetConfig
 .text.TIM_OC3_SetConfig
                0x0800a1b8       0xec ./Drivers/STM32F7xx_HAL_Driver/Src/stm32f7xx_hal_tim.o
 .text.TIM_OC4_SetConfig
                0x0800a2a4       0xb0 ./Drivers/STM32F7xx_HAL_Driver/Src/stm32f7xx_hal_tim.o
 .text.TIM_OC5_SetConfig
                0x0800a354       0xa4 ./Drivers/STM32F7xx_HAL_Driver/Src/stm32f7xx_hal_tim.o
 .text.TIM_OC6_SetConfig
                0x0800a3f8       0xa8 ./Drivers/STM32F7xx_HAL_Driver/Src/stm32f7xx_hal_tim.o
 .text.TIM_TI1_SetConfig
                0x0800a4a0       0xe8 ./Drivers/STM32F7xx_HAL_Driver/Src/stm32f7xx_hal_tim.o
                0x0800a4a0                TIM_TI1_SetConfig
 .text.TIM_TI1_ConfigInputStage
                0x0800a588       0x5e ./Drivers/STM32F7xx_HAL_Driver/Src/stm32f7xx_hal_tim.o
 .text.TIM_TI2_SetConfig
                0x0800a5e6       0x7a ./Drivers/STM32F7xx_HAL_Driver/Src/stm32f7xx_hal_tim.o
 .text.TIM_TI2_ConfigInputStage
                0x0800a660       0x60 ./Drivers/STM32F7xx_HAL_Driver/Src/stm32f7xx_hal_tim.o
 .text.TIM_TI3_SetConfig
                0x0800a6c0       0x78 ./Drivers/STM32F7xx_HAL_Driver/Src/stm32f7xx_hal_tim.o
 .text.TIM_TI4_SetConfig
                0x0800a738       0x7a ./Drivers/STM32F7xx_HAL_Driver/Src/stm32f7xx_hal_tim.o
 .text.TIM_ITRx_SetConfig
                0x0800a7b2       0x36 ./Drivers/STM32F7xx_HAL_Driver/Src/stm32f7xx_hal_tim.o
 .text.TIM_ETR_SetConfig
                0x0800a7e8       0x40 ./Drivers/STM32F7xx_HAL_Driver/Src/stm32f7xx_hal_tim.o
                0x0800a7e8                TIM_ETR_SetConfig
 .text.TIM_CCxChannelCmd
                0x0800a828       0x4a ./Drivers/STM32F7xx_HAL_Driver/Src/stm32f7xx_hal_tim.o
                0x0800a828                TIM_CCxChannelCmd
 *fill*         0x0800a872        0x2 
 .text.HAL_TIMEx_MasterConfigSynchronization
                0x0800a874      0x11c ./Drivers/STM32F7xx_HAL_Driver/Src/stm32f7xx_hal_tim_ex.o
                0x0800a874                HAL_TIMEx_MasterConfigSynchronization
 .text.FMC_SDRAM_Init
                0x0800a990       0xb8 ./Drivers/STM32F7xx_HAL_Driver/Src/stm32f7xx_ll_fmc.o
                0x0800a990                FMC_SDRAM_Init
 .text.FMC_SDRAM_Timing_Init
                0x0800aa48       0xd4 ./Drivers/STM32F7xx_HAL_Driver/Src/stm32f7xx_ll_fmc.o
                0x0800aa48                FMC_SDRAM_Timing_Init
 .text.FMC_SDRAM_SendCommand
                0x0800ab1c       0x48 ./Drivers/STM32F7xx_HAL_Driver/Src/stm32f7xx_ll_fmc.o
                0x0800ab1c                FMC_SDRAM_SendCommand
 .text.FMC_SDRAM_ProgramRefreshRate
                0x0800ab64       0x30 ./Drivers/STM32F7xx_HAL_Driver/Src/stm32f7xx_ll_fmc.o
                0x0800ab64                FMC_SDRAM_ProgramRefreshRate
 .text.USB_CoreInit
                0x0800ab94      0x134 ./Drivers/STM32F7xx_HAL_Driver/Src/stm32f7xx_ll_usb.o
                0x0800ab94                USB_CoreInit
 .text.USB_SetTurnaroundTime
                0x0800acc8      0x144 ./Drivers/STM32F7xx_HAL_Driver/Src/stm32f7xx_ll_usb.o
                0x0800acc8                USB_SetTurnaroundTime
 .text.USB_EnableGlobalInt
                0x0800ae0c       0x22 ./Drivers/STM32F7xx_HAL_Driver/Src/stm32f7xx_ll_usb.o
                0x0800ae0c                USB_EnableGlobalInt
 .text.USB_DisableGlobalInt
                0x0800ae2e       0x22 ./Drivers/STM32F7xx_HAL_Driver/Src/stm32f7xx_ll_usb.o
                0x0800ae2e                USB_DisableGlobalInt
 .text.USB_SetCurrentMode
                0x0800ae50       0x98 ./Drivers/STM32F7xx_HAL_Driver/Src/stm32f7xx_ll_usb.o
                0x0800ae50                USB_SetCurrentMode
 .text.USB_DevInit
                0x0800aee8      0x2e0 ./Drivers/STM32F7xx_HAL_Driver/Src/stm32f7xx_ll_usb.o
                0x0800aee8                USB_DevInit
 .text.USB_FlushTxFifo
                0x0800b1c8       0x64 ./Drivers/STM32F7xx_HAL_Driver/Src/stm32f7xx_ll_usb.o
                0x0800b1c8                USB_FlushTxFifo
 .text.USB_FlushRxFifo
                0x0800b22c       0x5c ./Drivers/STM32F7xx_HAL_Driver/Src/stm32f7xx_ll_usb.o
                0x0800b22c                USB_FlushRxFifo
 .text.USB_SetDevSpeed
                0x0800b288       0x32 ./Drivers/STM32F7xx_HAL_Driver/Src/stm32f7xx_ll_usb.o
                0x0800b288                USB_SetDevSpeed
 .text.USB_GetDevSpeed
                0x0800b2ba       0x4a ./Drivers/STM32F7xx_HAL_Driver/Src/stm32f7xx_ll_usb.o
                0x0800b2ba                USB_GetDevSpeed
 .text.USB_ActivateEndpoint
                0x0800b304      0x110 ./Drivers/STM32F7xx_HAL_Driver/Src/stm32f7xx_ll_usb.o
                0x0800b304                USB_ActivateEndpoint
 .text.USB_DeactivateEndpoint
                0x0800b414      0x1b8 ./Drivers/STM32F7xx_HAL_Driver/Src/stm32f7xx_ll_usb.o
                0x0800b414                USB_DeactivateEndpoint
 .text.USB_EPStartXfer
                0x0800b5cc      0x548 ./Drivers/STM32F7xx_HAL_Driver/Src/stm32f7xx_ll_usb.o
                0x0800b5cc                USB_EPStartXfer
 .text.USB_EPStopXfer
                0x0800bb14      0x154 ./Drivers/STM32F7xx_HAL_Driver/Src/stm32f7xx_ll_usb.o
                0x0800bb14                USB_EPStopXfer
 .text.USB_WritePacket
                0x0800bc68       0x7c ./Drivers/STM32F7xx_HAL_Driver/Src/stm32f7xx_ll_usb.o
                0x0800bc68                USB_WritePacket
 .text.USB_ReadPacket
                0x0800bce4       0xb0 ./Drivers/STM32F7xx_HAL_Driver/Src/stm32f7xx_ll_usb.o
                0x0800bce4                USB_ReadPacket
 .text.USB_EPSetStall
                0x0800bd94       0xdc ./Drivers/STM32F7xx_HAL_Driver/Src/stm32f7xx_ll_usb.o
                0x0800bd94                USB_EPSetStall
 .text.USB_EPClearStall
                0x0800be70       0xcc ./Drivers/STM32F7xx_HAL_Driver/Src/stm32f7xx_ll_usb.o
                0x0800be70                USB_EPClearStall
 .text.USB_SetDevAddress
                0x0800bf3c       0x4c ./Drivers/STM32F7xx_HAL_Driver/Src/stm32f7xx_ll_usb.o
                0x0800bf3c                USB_SetDevAddress
 .text.USB_DevConnect
                0x0800bf88       0x42 ./Drivers/STM32F7xx_HAL_Driver/Src/stm32f7xx_ll_usb.o
                0x0800bf88                USB_DevConnect
 .text.USB_DevDisconnect
                0x0800bfca       0x42 ./Drivers/STM32F7xx_HAL_Driver/Src/stm32f7xx_ll_usb.o
                0x0800bfca                USB_DevDisconnect
 .text.USB_ReadInterrupts
                0x0800c00c       0x26 ./Drivers/STM32F7xx_HAL_Driver/Src/stm32f7xx_ll_usb.o
                0x0800c00c                USB_ReadInterrupts
 .text.USB_ReadDevAllOutEpInterrupt
                0x0800c032       0x34 ./Drivers/STM32F7xx_HAL_Driver/Src/stm32f7xx_ll_usb.o
                0x0800c032                USB_ReadDevAllOutEpInterrupt
 .text.USB_ReadDevAllInEpInterrupt
                0x0800c066       0x34 ./Drivers/STM32F7xx_HAL_Driver/Src/stm32f7xx_ll_usb.o
                0x0800c066                USB_ReadDevAllInEpInterrupt
 .text.USB_ReadDevOutEPInterrupt
                0x0800c09a       0x3c ./Drivers/STM32F7xx_HAL_Driver/Src/stm32f7xx_ll_usb.o
                0x0800c09a                USB_ReadDevOutEPInterrupt
 .text.USB_ReadDevInEPInterrupt
                0x0800c0d6       0x5c ./Drivers/STM32F7xx_HAL_Driver/Src/stm32f7xx_ll_usb.o
                0x0800c0d6                USB_ReadDevInEPInterrupt
 .text.USB_GetMode
                0x0800c132       0x1c ./Drivers/STM32F7xx_HAL_Driver/Src/stm32f7xx_ll_usb.o
                0x0800c132                USB_GetMode
 *fill*         0x0800c14e        0x2 
 .text.USB_ActivateSetup
                0x0800c150       0x48 ./Drivers/STM32F7xx_HAL_Driver/Src/stm32f7xx_ll_usb.o
                0x0800c150                USB_ActivateSetup
 .text.USB_EP0_OutStart
                0x0800c198       0xbc ./Drivers/STM32F7xx_HAL_Driver/Src/stm32f7xx_ll_usb.o
                0x0800c198                USB_EP0_OutStart
 .text.USB_CoreReset
                0x0800c254       0x70 ./Drivers/STM32F7xx_HAL_Driver/Src/stm32f7xx_ll_usb.o
 .text.USB_HS_PHYCInit
                0x0800c2c4       0x6c ./Drivers/STM32F7xx_HAL_Driver/Src/stm32f7xx_ll_usb.o
 .text.USBD_CDC_Init
                0x0800c330      0x1f0 ./Middlewares/ST/STM32_USB_Device_Library/Class/CDC/Src/usbd_cdc.o
 .text.USBD_CDC_DeInit
                0x0800c520      0x104 ./Middlewares/ST/STM32_USB_Device_Library/Class/CDC/Src/usbd_cdc.o
 .text.USBD_CDC_Setup
                0x0800c624      0x1b8 ./Middlewares/ST/STM32_USB_Device_Library/Class/CDC/Src/usbd_cdc.o
 .text.USBD_CDC_DataIn
                0x0800c7dc       0xfe ./Middlewares/ST/STM32_USB_Device_Library/Class/CDC/Src/usbd_cdc.o
 .text.USBD_CDC_DataOut
                0x0800c8da       0x70 ./Middlewares/ST/STM32_USB_Device_Library/Class/CDC/Src/usbd_cdc.o
 .text.USBD_CDC_EP0_RxReady
                0x0800c94a       0x74 ./Middlewares/ST/STM32_USB_Device_Library/Class/CDC/Src/usbd_cdc.o
 *fill*         0x0800c9be        0x2 
 .text.USBD_CDC_GetFSCfgDesc
                0x0800c9c0       0x70 ./Middlewares/ST/STM32_USB_Device_Library/Class/CDC/Src/usbd_cdc.o
 .text.USBD_CDC_GetHSCfgDesc
                0x0800ca30       0x70 ./Middlewares/ST/STM32_USB_Device_Library/Class/CDC/Src/usbd_cdc.o
 .text.USBD_CDC_GetOtherSpeedCfgDesc
                0x0800caa0       0x70 ./Middlewares/ST/STM32_USB_Device_Library/Class/CDC/Src/usbd_cdc.o
 .text.USBD_CDC_GetDeviceQualifierDescriptor
                0x0800cb10       0x20 ./Middlewares/ST/STM32_USB_Device_Library/Class/CDC/Src/usbd_cdc.o
                0x0800cb10                USBD_CDC_GetDeviceQualifierDescriptor
 .text.USBD_CDC_RegisterInterface
                0x0800cb30       0x34 ./Middlewares/ST/STM32_USB_Device_Library/Class/CDC/Src/usbd_cdc.o
                0x0800cb30                USBD_CDC_RegisterInterface
 .text.USBD_CDC_SetTxBuffer
                0x0800cb64       0x44 ./Middlewares/ST/STM32_USB_Device_Library/Class/CDC/Src/usbd_cdc.o
                0x0800cb64                USBD_CDC_SetTxBuffer
 .text.USBD_CDC_SetRxBuffer
                0x0800cba8       0x3a ./Middlewares/ST/STM32_USB_Device_Library/Class/CDC/Src/usbd_cdc.o
                0x0800cba8                USBD_CDC_SetRxBuffer
 *fill*         0x0800cbe2        0x2 
 .text.USBD_CDC_TransmitPacket
                0x0800cbe4       0x80 ./Middlewares/ST/STM32_USB_Device_Library/Class/CDC/Src/usbd_cdc.o
                0x0800cbe4                USBD_CDC_TransmitPacket
 .text.USBD_CDC_ReceivePacket
                0x0800cc64       0x6c ./Middlewares/ST/STM32_USB_Device_Library/Class/CDC/Src/usbd_cdc.o
                0x0800cc64                USBD_CDC_ReceivePacket
 .text.USBD_Init
                0x0800ccd0       0x60 ./Middlewares/ST/STM32_USB_Device_Library/Core/Src/usbd_core.o
                0x0800ccd0                USBD_Init
 .text.USBD_RegisterClass
                0x0800cd30       0x6c ./Middlewares/ST/STM32_USB_Device_Library/Core/Src/usbd_core.o
                0x0800cd30                USBD_RegisterClass
 .text.USBD_Start
                0x0800cd9c       0x18 ./Middlewares/ST/STM32_USB_Device_Library/Core/Src/usbd_core.o
                0x0800cd9c                USBD_Start
 .text.USBD_RunTestMode
                0x0800cdb4       0x16 ./Middlewares/ST/STM32_USB_Device_Library/Core/Src/usbd_core.o
                0x0800cdb4                USBD_RunTestMode
 .text.USBD_SetClassConfig
                0x0800cdca       0x38 ./Middlewares/ST/STM32_USB_Device_Library/Core/Src/usbd_core.o
                0x0800cdca                USBD_SetClassConfig
 .text.USBD_ClrClassConfig
                0x0800ce02       0x34 ./Middlewares/ST/STM32_USB_Device_Library/Core/Src/usbd_core.o
                0x0800ce02                USBD_ClrClassConfig
 .text.USBD_LL_SetupStage
                0x0800ce36       0xaa ./Middlewares/ST/STM32_USB_Device_Library/Core/Src/usbd_core.o
                0x0800ce36                USBD_LL_SetupStage
 .text.USBD_LL_DataOutStage
                0x0800cee0      0x178 ./Middlewares/ST/STM32_USB_Device_Library/Core/Src/usbd_core.o
                0x0800cee0                USBD_LL_DataOutStage
 .text.USBD_LL_DataInStage
                0x0800d058      0x176 ./Middlewares/ST/STM32_USB_Device_Library/Core/Src/usbd_core.o
                0x0800d058                USBD_LL_DataInStage
 .text.USBD_LL_Reset
                0x0800d1ce       0xa6 ./Middlewares/ST/STM32_USB_Device_Library/Core/Src/usbd_core.o
                0x0800d1ce                USBD_LL_Reset
 .text.USBD_LL_SetSpeed
                0x0800d274       0x20 ./Middlewares/ST/STM32_USB_Device_Library/Core/Src/usbd_core.o
                0x0800d274                USBD_LL_SetSpeed
 .text.USBD_LL_Suspend
                0x0800d294       0x38 ./Middlewares/ST/STM32_USB_Device_Library/Core/Src/usbd_core.o
                0x0800d294                USBD_LL_Suspend
 .text.USBD_LL_Resume
                0x0800d2cc       0x30 ./Middlewares/ST/STM32_USB_Device_Library/Core/Src/usbd_core.o
                0x0800d2cc                USBD_LL_Resume
 .text.USBD_LL_SOF
                0x0800d2fc       0x40 ./Middlewares/ST/STM32_USB_Device_Library/Core/Src/usbd_core.o
                0x0800d2fc                USBD_LL_SOF
 .text.USBD_LL_IsoINIncomplete
                0x0800d33c       0x64 ./Middlewares/ST/STM32_USB_Device_Library/Core/Src/usbd_core.o
                0x0800d33c                USBD_LL_IsoINIncomplete
 .text.USBD_LL_IsoOUTIncomplete
                0x0800d3a0       0x64 ./Middlewares/ST/STM32_USB_Device_Library/Core/Src/usbd_core.o
                0x0800d3a0                USBD_LL_IsoOUTIncomplete
 .text.USBD_LL_DevConnected
                0x0800d404       0x16 ./Middlewares/ST/STM32_USB_Device_Library/Core/Src/usbd_core.o
                0x0800d404                USBD_LL_DevConnected
 .text.USBD_LL_DevDisconnected
                0x0800d41a       0x46 ./Middlewares/ST/STM32_USB_Device_Library/Core/Src/usbd_core.o
                0x0800d41a                USBD_LL_DevDisconnected
 .text.USBD_CoreFindIF
                0x0800d460       0x1a ./Middlewares/ST/STM32_USB_Device_Library/Core/Src/usbd_core.o
                0x0800d460                USBD_CoreFindIF
 .text.USBD_CoreFindEP
                0x0800d47a       0x1a ./Middlewares/ST/STM32_USB_Device_Library/Core/Src/usbd_core.o
                0x0800d47a                USBD_CoreFindEP
 .text.USBD_GetEpDesc
                0x0800d494       0x70 ./Middlewares/ST/STM32_USB_Device_Library/Core/Src/usbd_core.o
                0x0800d494                USBD_GetEpDesc
 .text.USBD_GetNextDesc
                0x0800d504       0x38 ./Middlewares/ST/STM32_USB_Device_Library/Core/Src/usbd_core.o
                0x0800d504                USBD_GetNextDesc
 .text.SWAPBYTE
                0x0800d53c       0x3e ./Middlewares/ST/STM32_USB_Device_Library/Core/Src/usbd_ctlreq.o
 *fill*         0x0800d57a        0x2 
 .text.USBD_StdDevReq
                0x0800d57c       0xe4 ./Middlewares/ST/STM32_USB_Device_Library/Core/Src/usbd_ctlreq.o
                0x0800d57c                USBD_StdDevReq
 .text.USBD_StdItfReq
                0x0800d660       0xd8 ./Middlewares/ST/STM32_USB_Device_Library/Core/Src/usbd_ctlreq.o
                0x0800d660                USBD_StdItfReq
 .text.USBD_StdEPReq
                0x0800d738      0x33e ./Middlewares/ST/STM32_USB_Device_Library/Core/Src/usbd_ctlreq.o
                0x0800d738                USBD_StdEPReq
 *fill*         0x0800da76        0x2 
 .text.USBD_GetDescriptor
                0x0800da78      0x328 ./Middlewares/ST/STM32_USB_Device_Library/Core/Src/usbd_ctlreq.o
 .text.USBD_SetAddress
                0x0800dda0       0x88 ./Middlewares/ST/STM32_USB_Device_Library/Core/Src/usbd_ctlreq.o
 .text.USBD_SetConfig
                0x0800de28      0x154 ./Middlewares/ST/STM32_USB_Device_Library/Core/Src/usbd_ctlreq.o
 .text.USBD_GetConfig
                0x0800df7c       0x6c ./Middlewares/ST/STM32_USB_Device_Library/Core/Src/usbd_ctlreq.o
 .text.USBD_GetStatus
                0x0800dfe8       0x68 ./Middlewares/ST/STM32_USB_Device_Library/Core/Src/usbd_ctlreq.o
 .text.USBD_SetFeature
                0x0800e050       0x52 ./Middlewares/ST/STM32_USB_Device_Library/Core/Src/usbd_ctlreq.o
 .text.USBD_ClrFeature
                0x0800e0a2       0x44 ./Middlewares/ST/STM32_USB_Device_Library/Core/Src/usbd_ctlreq.o
 .text.USBD_ParseSetupRequest
                0x0800e0e6       0x74 ./Middlewares/ST/STM32_USB_Device_Library/Core/Src/usbd_ctlreq.o
                0x0800e0e6                USBD_ParseSetupRequest
 .text.USBD_CtlError
                0x0800e15a       0x22 ./Middlewares/ST/STM32_USB_Device_Library/Core/Src/usbd_ctlreq.o
                0x0800e15a                USBD_CtlError
 .text.USBD_GetString
                0x0800e17c       0xa4 ./Middlewares/ST/STM32_USB_Device_Library/Core/Src/usbd_ctlreq.o
                0x0800e17c                USBD_GetString
 .text.USBD_GetLen
                0x0800e220       0x34 ./Middlewares/ST/STM32_USB_Device_Library/Core/Src/usbd_ctlreq.o
 .text.USBD_CtlSendData
                0x0800e254       0x3c ./Middlewares/ST/STM32_USB_Device_Library/Core/Src/usbd_ioreq.o
                0x0800e254                USBD_CtlSendData
 .text.USBD_CtlContinueSendData
                0x0800e290       0x22 ./Middlewares/ST/STM32_USB_Device_Library/Core/Src/usbd_ioreq.o
                0x0800e290                USBD_CtlContinueSendData
 .text.USBD_CtlPrepareRx
                0x0800e2b2       0x42 ./Middlewares/ST/STM32_USB_Device_Library/Core/Src/usbd_ioreq.o
                0x0800e2b2                USBD_CtlPrepareRx
 .text.USBD_CtlContinueRx
                0x0800e2f4       0x22 ./Middlewares/ST/STM32_USB_Device_Library/Core/Src/usbd_ioreq.o
                0x0800e2f4                USBD_CtlContinueRx
 .text.USBD_CtlSendStatus
                0x0800e316       0x26 ./Middlewares/ST/STM32_USB_Device_Library/Core/Src/usbd_ioreq.o
                0x0800e316                USBD_CtlSendStatus
 .text.USBD_CtlReceiveStatus
                0x0800e33c       0x26 ./Middlewares/ST/STM32_USB_Device_Library/Core/Src/usbd_ioreq.o
                0x0800e33c                USBD_CtlReceiveStatus
 *fill*         0x0800e362        0x2 
 .text.MX_USB_DEVICE_Init
                0x0800e364       0x60 ./USB_DEVICE/App/usb_device.o
                0x0800e364                MX_USB_DEVICE_Init
 .text.__NVIC_SystemReset
                0x0800e3c4       0x2c ./USB_DEVICE/App/usbd_cdc_if.o
 .text.u32_to_dec
                0x0800e3f0       0xc8 ./USB_DEVICE/App/usbd_cdc_if.o
 .text.parse_u32
                0x0800e4b8       0xfe ./USB_DEVICE/App/usbd_cdc_if.o
 .text.parse_u4mask
                0x0800e5b6      0x118 ./USB_DEVICE/App/usbd_cdc_if.o
 .text.trim_inplace
                0x0800e6ce       0x8a ./USB_DEVICE/App/usbd_cdc_if.o
 .text.to_upper_inplace
                0x0800e758       0x42 ./USB_DEVICE/App/usbd_cdc_if.o
 *fill*         0x0800e79a        0x2 
 .text.send_line
                0x0800e79c       0x9c ./USB_DEVICE/App/usbd_cdc_if.o
 .text.USB_CDC_Clear
                0x0800e838       0x4c ./USB_DEVICE/App/usbd_cdc_if.o
 .text._read_die_temp_once
                0x0800e884       0xe0 ./USB_DEVICE/App/usbd_cdc_if.o
 .text._format_1dec
                0x0800e964      0x180 ./USB_DEVICE/App/usbd_cdc_if.o
 .text.process_cmd
                0x0800eae4      0xe6c ./USB_DEVICE/App/usbd_cdc_if.o
 .text.CDC_Init_HS
                0x0800f950       0x28 ./USB_DEVICE/App/usbd_cdc_if.o
 .text.CDC_DeInit_HS
                0x0800f978       0x10 ./USB_DEVICE/App/usbd_cdc_if.o
 .text.CDC_Control_HS
                0x0800f988       0xbc ./USB_DEVICE/App/usbd_cdc_if.o
 .text.CDC_Receive_HS
                0x0800fa44       0xac ./USB_DEVICE/App/usbd_cdc_if.o
 .text.CDC_Transmit_HS
                0x0800faf0       0x4c ./USB_DEVICE/App/usbd_cdc_if.o
                0x0800faf0                CDC_Transmit_HS
 .text.CDC_TransmitCplt_HS
                0x0800fb3c       0x22 ./USB_DEVICE/App/usbd_cdc_if.o
 *fill*         0x0800fb5e        0x2 
 .text.USBD_HS_DeviceDescriptor
                0x0800fb60       0x24 ./USB_DEVICE/App/usbd_desc.o
                0x0800fb60                USBD_HS_DeviceDescriptor
 .text.USBD_HS_LangIDStrDescriptor
                0x0800fb84       0x24 ./USB_DEVICE/App/usbd_desc.o
                0x0800fb84                USBD_HS_LangIDStrDescriptor
 .text.USBD_HS_ProductStrDescriptor
                0x0800fba8       0x3c ./USB_DEVICE/App/usbd_desc.o
                0x0800fba8                USBD_HS_ProductStrDescriptor
 .text.USBD_HS_ManufacturerStrDescriptor
                0x0800fbe4       0x28 ./USB_DEVICE/App/usbd_desc.o
                0x0800fbe4                USBD_HS_ManufacturerStrDescriptor
 .text.USBD_HS_SerialStrDescriptor
                0x0800fc0c       0x24 ./USB_DEVICE/App/usbd_desc.o
                0x0800fc0c                USBD_HS_SerialStrDescriptor
 .text.USBD_HS_ConfigStrDescriptor
                0x0800fc30       0x3c ./USB_DEVICE/App/usbd_desc.o
                0x0800fc30                USBD_HS_ConfigStrDescriptor
 .text.USBD_HS_InterfaceStrDescriptor
                0x0800fc6c       0x3c ./USB_DEVICE/App/usbd_desc.o
                0x0800fc6c                USBD_HS_InterfaceStrDescriptor
 .text.USBD_HS_USR_BOSDescriptor
                0x0800fca8       0x24 ./USB_DEVICE/App/usbd_desc.o
                0x0800fca8                USBD_HS_USR_BOSDescriptor
 .text.Get_SerialNum
                0x0800fccc       0x58 ./USB_DEVICE/App/usbd_desc.o
 .text.IntToUnicode
                0x0800fd24       0x7e ./USB_DEVICE/App/usbd_desc.o
 *fill*         0x0800fda2        0x2 
 .text.HAL_PCD_MspInit
                0x0800fda4      0x1a4 ./USB_DEVICE/Target/usbd_conf.o
                0x0800fda4                HAL_PCD_MspInit
 .text.HAL_PCD_SetupStageCallback
                0x0800ff48       0x24 ./USB_DEVICE/Target/usbd_conf.o
                0x0800ff48                HAL_PCD_SetupStageCallback
 .text.HAL_PCD_DataOutStageCallback
                0x0800ff6c       0x36 ./USB_DEVICE/Target/usbd_conf.o
                0x0800ff6c                HAL_PCD_DataOutStageCallback
 .text.HAL_PCD_DataInStageCallback
                0x0800ffa2       0x34 ./USB_DEVICE/Target/usbd_conf.o
                0x0800ffa2                HAL_PCD_DataInStageCallback
 .text.HAL_PCD_SOFCallback
                0x0800ffd6       0x1c ./USB_DEVICE/Target/usbd_conf.o
                0x0800ffd6                HAL_PCD_SOFCallback
 .text.HAL_PCD_ResetCallback
                0x0800fff2       0x50 ./USB_DEVICE/Target/usbd_conf.o
                0x0800fff2                HAL_PCD_ResetCallback
 *fill*         0x08010042        0x2 
 .text.HAL_PCD_SuspendCallback
                0x08010044       0x4c ./USB_DEVICE/Target/usbd_conf.o
                0x08010044                HAL_PCD_SuspendCallback
 .text.HAL_PCD_ResumeCallback
                0x08010090       0x1c ./USB_DEVICE/Target/usbd_conf.o
                0x08010090                HAL_PCD_ResumeCallback
 .text.HAL_PCD_ISOOUTIncompleteCallback
                0x080100ac       0x24 ./USB_DEVICE/Target/usbd_conf.o
                0x080100ac                HAL_PCD_ISOOUTIncompleteCallback
 .text.HAL_PCD_ISOINIncompleteCallback
                0x080100d0       0x24 ./USB_DEVICE/Target/usbd_conf.o
                0x080100d0                HAL_PCD_ISOINIncompleteCallback
 .text.HAL_PCD_ConnectCallback
                0x080100f4       0x1c ./USB_DEVICE/Target/usbd_conf.o
                0x080100f4                HAL_PCD_ConnectCallback
 .text.HAL_PCD_DisconnectCallback
                0x08010110       0x1c ./USB_DEVICE/Target/usbd_conf.o
                0x08010110                HAL_PCD_DisconnectCallback
 .text.USBD_LL_Init
                0x0801012c       0xa0 ./USB_DEVICE/Target/usbd_conf.o
                0x0801012c                USBD_LL_Init
 .text.USBD_LL_Start
                0x080101cc       0x36 ./USB_DEVICE/Target/usbd_conf.o
                0x080101cc                USBD_LL_Start
 .text.USBD_LL_OpenEP
                0x08010202       0x4c ./USB_DEVICE/Target/usbd_conf.o
                0x08010202                USBD_LL_OpenEP
 .text.USBD_LL_CloseEP
                0x0801024e       0x3e ./USB_DEVICE/Target/usbd_conf.o
                0x0801024e                USBD_LL_CloseEP
 .text.USBD_LL_FlushEP
                0x0801028c       0x3e ./USB_DEVICE/Target/usbd_conf.o
                0x0801028c                USBD_LL_FlushEP
 .text.USBD_LL_StallEP
                0x080102ca       0x3e ./USB_DEVICE/Target/usbd_conf.o
                0x080102ca                USBD_LL_StallEP
 .text.USBD_LL_ClearStallEP
                0x08010308       0x3e ./USB_DEVICE/Target/usbd_conf.o
                0x08010308                USBD_LL_ClearStallEP
 .text.USBD_LL_IsStallEP
                0x08010346       0x58 ./USB_DEVICE/Target/usbd_conf.o
                0x08010346                USBD_LL_IsStallEP
 .text.USBD_LL_SetUSBAddress
                0x0801039e       0x3e ./USB_DEVICE/Target/usbd_conf.o
                0x0801039e                USBD_LL_SetUSBAddress
 .text.USBD_LL_Transmit
                0x080103dc       0x42 ./USB_DEVICE/Target/usbd_conf.o
                0x080103dc                USBD_LL_Transmit
 .text.USBD_LL_PrepareReceive
                0x0801041e       0x42 ./USB_DEVICE/Target/usbd_conf.o
                0x0801041e                USBD_LL_PrepareReceive
 .text.USBD_LL_GetRxDataSize
                0x08010460       0x26 ./USB_DEVICE/Target/usbd_conf.o
                0x08010460                USBD_LL_GetRxDataSize
 *fill*         0x08010486        0x2 
 .text.HAL_PCDEx_LPM_Callback
                0x08010488       0x9c ./USB_DEVICE/Target/usbd_conf.o
                0x08010488                HAL_PCDEx_LPM_Callback
 .text.SystemClockConfig_Resume
                0x08010524        0xc ./USB_DEVICE/Target/usbd_conf.o
 .text.USBD_Get_USB_Status
                0x08010530       0x58 ./USB_DEVICE/Target/usbd_conf.o
                0x08010530                USBD_Get_USB_Status
 .text.__cvt    0x08010588       0xca /opt/ST/STM32CubeCLT_1.19.0/GNU-tools-for-STM32/bin/../lib/gcc/arm-none-eabi/13.3.1/../../../../arm-none-eabi/lib/thumb/v7e-m+fp/hard/libc_nano.a(libc_a-nano-vfprintf_float.o)
                0x08010588                __cvt
 .text.__exponent
                0x08010652       0x74 /opt/ST/STM32CubeCLT_1.19.0/GNU-tools-for-STM32/bin/../lib/gcc/arm-none-eabi/13.3.1/../../../../arm-none-eabi/lib/thumb/v7e-m+fp/hard/libc_nano.a(libc_a-nano-vfprintf_float.o)
                0x08010652                __exponent
 *fill*         0x080106c6        0x2 
 .text._printf_float
                0x080106c8      0x454 /opt/ST/STM32CubeCLT_1.19.0/GNU-tools-for-STM32/bin/../lib/gcc/arm-none-eabi/13.3.1/../../../../arm-none-eabi/lib/thumb/v7e-m+fp/hard/libc_nano.a(libc_a-nano-vfprintf_float.o)
                0x080106c8                _printf_float
 .text.malloc   0x08010b1c       0x10 /opt/ST/STM32CubeCLT_1.19.0/GNU-tools-for-STM32/bin/../lib/gcc/arm-none-eabi/13.3.1/../../../../arm-none-eabi/lib/thumb/v7e-m+fp/hard/libc_nano.a(libc_a-malloc.o)
                0x08010b1c                malloc
 .text.free     0x08010b2c       0x10 /opt/ST/STM32CubeCLT_1.19.0/GNU-tools-for-STM32/bin/../lib/gcc/arm-none-eabi/13.3.1/../../../../arm-none-eabi/lib/thumb/v7e-m+fp/hard/libc_nano.a(libc_a-malloc.o)
                0x08010b2c                free
 .text.sbrk_aligned
                0x08010b3c       0x44 /opt/ST/STM32CubeCLT_1.19.0/GNU-tools-for-STM32/bin/../lib/gcc/arm-none-eabi/13.3.1/../../../../arm-none-eabi/lib/thumb/v7e-m+fp/hard/libc_nano.a(libc_a-mallocr.o)
 .text._malloc_r
                0x08010b80      0x100 /opt/ST/STM32CubeCLT_1.19.0/GNU-tools-for-STM32/bin/../lib/gcc/arm-none-eabi/13.3.1/../../../../arm-none-eabi/lib/thumb/v7e-m+fp/hard/libc_nano.a(libc_a-mallocr.o)
                0x08010b80                _malloc_r
 .text._printf_common
                0x08010c80       0xda /opt/ST/STM32CubeCLT_1.19.0/GNU-tools-for-STM32/bin/../lib/gcc/arm-none-eabi/13.3.1/../../../../arm-none-eabi/lib/thumb/v7e-m+fp/hard/libc_nano.a(libc_a-nano-vfprintf_i.o)
                0x08010c80                _printf_common
 *fill*         0x08010d5a        0x2 
 .text._printf_i
                0x08010d5c      0x23c /opt/ST/STM32CubeCLT_1.19.0/GNU-tools-for-STM32/bin/../lib/gcc/arm-none-eabi/13.3.1/../../../../arm-none-eabi/lib/thumb/v7e-m+fp/hard/libc_nano.a(libc_a-nano-vfprintf_i.o)
                0x08010d5c                _printf_i
 .text.snprintf
                0x08010f98       0x6c /opt/ST/STM32CubeCLT_1.19.0/GNU-tools-for-STM32/bin/../lib/gcc/arm-none-eabi/13.3.1/../../../../arm-none-eabi/lib/thumb/v7e-m+fp/hard/libc_nano.a(libc_a-snprintf.o)
                0x08010f98                snprintf
                0x08010f98                sniprintf
 .text.__malloc_lock
                0x08011004        0xc /opt/ST/STM32CubeCLT_1.19.0/GNU-tools-for-STM32/bin/../lib/gcc/arm-none-eabi/13.3.1/../../../../arm-none-eabi/lib/thumb/v7e-m+fp/hard/libc_nano.a(libc_a-mlock.o)
                0x08011004                __malloc_lock
 .text.__malloc_unlock
                0x08011010        0xc /opt/ST/STM32CubeCLT_1.19.0/GNU-tools-for-STM32/bin/../lib/gcc/arm-none-eabi/13.3.1/../../../../arm-none-eabi/lib/thumb/v7e-m+fp/hard/libc_nano.a(libc_a-mlock.o)
                0x08011010                __malloc_unlock
 .text.std      0x0801101c       0x6c /opt/ST/STM32CubeCLT_1.19.0/GNU-tools-for-STM32/bin/../lib/gcc/arm-none-eabi/13.3.1/../../../../arm-none-eabi/lib/thumb/v7e-m+fp/hard/libc_nano.a(libc_a-findfp.o)
 .text.stdio_exit_handler
                0x08011088       0x18 /opt/ST/STM32CubeCLT_1.19.0/GNU-tools-for-STM32/bin/../lib/gcc/arm-none-eabi/13.3.1/../../../../arm-none-eabi/lib/thumb/v7e-m+fp/hard/libc_nano.a(libc_a-findfp.o)
 .text.cleanup_stdio
                0x080110a0       0x40 /opt/ST/STM32CubeCLT_1.19.0/GNU-tools-for-STM32/bin/../lib/gcc/arm-none-eabi/13.3.1/../../../../arm-none-eabi/lib/thumb/v7e-m+fp/hard/libc_nano.a(libc_a-findfp.o)
 .text.global_stdio_init.part.0
                0x080110e0       0x3c /opt/ST/STM32CubeCLT_1.19.0/GNU-tools-for-STM32/bin/../lib/gcc/arm-none-eabi/13.3.1/../../../../arm-none-eabi/lib/thumb/v7e-m+fp/hard/libc_nano.a(libc_a-findfp.o)
 .text.__sfp_lock_acquire
                0x0801111c        0xc /opt/ST/STM32CubeCLT_1.19.0/GNU-tools-for-STM32/bin/../lib/gcc/arm-none-eabi/13.3.1/../../../../arm-none-eabi/lib/thumb/v7e-m+fp/hard/libc_nano.a(libc_a-findfp.o)
                0x0801111c                __sfp_lock_acquire
 .text.__sfp_lock_release
                0x08011128        0xc /opt/ST/STM32CubeCLT_1.19.0/GNU-tools-for-STM32/bin/../lib/gcc/arm-none-eabi/13.3.1/../../../../arm-none-eabi/lib/thumb/v7e-m+fp/hard/libc_nano.a(libc_a-findfp.o)
                0x08011128                __sfp_lock_release
 .text.__sinit  0x08011134       0x30 /opt/ST/STM32CubeCLT_1.19.0/GNU-tools-for-STM32/bin/../lib/gcc/arm-none-eabi/13.3.1/../../../../arm-none-eabi/lib/thumb/v7e-m+fp/hard/libc_nano.a(libc_a-findfp.o)
                0x08011134                __sinit
 .text._fwalk_sglue
                0x08011164       0x3c /opt/ST/STM32CubeCLT_1.19.0/GNU-tools-for-STM32/bin/../lib/gcc/arm-none-eabi/13.3.1/../../../../arm-none-eabi/lib/thumb/v7e-m+fp/hard/libc_nano.a(libc_a-fwalk.o)
                0x08011164                _fwalk_sglue
 .text.memset   0x080111a0       0x10 /opt/ST/STM32CubeCLT_1.19.0/GNU-tools-for-STM32/bin/../lib/gcc/arm-none-eabi/13.3.1/../../../../arm-none-eabi/lib/thumb/v7e-m+fp/hard/libc_nano.a(libc_a-memset.o)
                0x080111a0                memset
 .text.strncmp  0x080111b0       0x24 /opt/ST/STM32CubeCLT_1.19.0/GNU-tools-for-STM32/bin/../lib/gcc/arm-none-eabi/13.3.1/../../../../arm-none-eabi/lib/thumb/v7e-m+fp/hard/libc_nano.a(libc_a-strncmp.o)
                0x080111b0                strncmp
 .text._sbrk_r  0x080111d4       0x20 /opt/ST/STM32CubeCLT_1.19.0/GNU-tools-for-STM32/bin/../lib/gcc/arm-none-eabi/13.3.1/../../../../arm-none-eabi/lib/thumb/v7e-m+fp/hard/libc_nano.a(libc_a-sbrkr.o)
                0x080111d4                _sbrk_r
 .text.__errno  0x080111f4        0xc /opt/ST/STM32CubeCLT_1.19.0/GNU-tools-for-STM32/bin/../lib/gcc/arm-none-eabi/13.3.1/../../../../arm-none-eabi/lib/thumb/v7e-m+fp/hard/libc_nano.a(libc_a-errno.o)
                0x080111f4                __errno
 .text.__libc_init_array
                0x08011200       0x48 /opt/ST/STM32CubeCLT_1.19.0/GNU-tools-for-STM32/bin/../lib/gcc/arm-none-eabi/13.3.1/../../../../arm-none-eabi/lib/thumb/v7e-m+fp/hard/libc_nano.a(libc_a-init.o)
                0x08011200                __libc_init_array
 .text.__retarget_lock_init_recursive
                0x08011248        0x2 /opt/ST/STM32CubeCLT_1.19.0/GNU-tools-for-STM32/bin/../lib/gcc/arm-none-eabi/13.3.1/../../../../arm-none-eabi/lib/thumb/v7e-m+fp/hard/libc_nano.a(libc_a-lock.o)
                0x08011248                __retarget_lock_init_recursive
 .text.__retarget_lock_acquire_recursive
                0x0801124a        0x2 /opt/ST/STM32CubeCLT_1.19.0/GNU-tools-for-STM32/bin/../lib/gcc/arm-none-eabi/13.3.1/../../../../arm-none-eabi/lib/thumb/v7e-m+fp/hard/libc_nano.a(libc_a-lock.o)
                0x0801124a                __retarget_lock_acquire_recursive
 .text.__retarget_lock_release_recursive
                0x0801124c        0x2 /opt/ST/STM32CubeCLT_1.19.0/GNU-tools-for-STM32/bin/../lib/gcc/arm-none-eabi/13.3.1/../../../../arm-none-eabi/lib/thumb/v7e-m+fp/hard/libc_nano.a(libc_a-lock.o)
                0x0801124c                __retarget_lock_release_recursive
 *fill*         0x0801124e        0x2 
 .text._localeconv_r
                0x08011250        0x8 /opt/ST/STM32CubeCLT_1.19.0/GNU-tools-for-STM32/bin/../lib/gcc/arm-none-eabi/13.3.1/../../../../arm-none-eabi/lib/thumb/v7e-m+fp/hard/libc_nano.a(libc_a-localeconv.o)
                0x08011250                _localeconv_r
 .text.memcpy   0x08011258       0x1c /opt/ST/STM32CubeCLT_1.19.0/GNU-tools-for-STM32/bin/../lib/gcc/arm-none-eabi/13.3.1/../../../../arm-none-eabi/lib/thumb/v7e-m+fp/hard/libc_nano.a(libc_a-memcpy-stub.o)
                0x08011258                memcpy
 .text.quorem   0x08011274      0x110 /opt/ST/STM32CubeCLT_1.19.0/GNU-tools-for-STM32/bin/../lib/gcc/arm-none-eabi/13.3.1/../../../../arm-none-eabi/lib/thumb/v7e-m+fp/hard/libc_nano.a(libc_a-dtoa.o)
 *fill*         0x08011384        0x4 
 .text._dtoa_r  0x08011388      0xba0 /opt/ST/STM32CubeCLT_1.19.0/GNU-tools-for-STM32/bin/../lib/gcc/arm-none-eabi/13.3.1/../../../../arm-none-eabi/lib/thumb/v7e-m+fp/hard/libc_nano.a(libc_a-dtoa.o)
                0x08011388                _dtoa_r
 .text._free_r  0x08011f28       0x94 /opt/ST/STM32CubeCLT_1.19.0/GNU-tools-for-STM32/bin/../lib/gcc/arm-none-eabi/13.3.1/../../../../arm-none-eabi/lib/thumb/v7e-m+fp/hard/libc_nano.a(libc_a-freer.o)
                0x08011f28                _free_r
 .text.__ssputs_r
                0x08011fbc       0xb6 /opt/ST/STM32CubeCLT_1.19.0/GNU-tools-for-STM32/bin/../lib/gcc/arm-none-eabi/13.3.1/../../../../arm-none-eabi/lib/thumb/v7e-m+fp/hard/libc_nano.a(libc_a-nano-svfprintf.o)
                0x08011fbc                __ssputs_r
 *fill*         0x08012072        0x2 
 .text._svfprintf_r
                0x08012074      0x1f8 /opt/ST/STM32CubeCLT_1.19.0/GNU-tools-for-STM32/bin/../lib/gcc/arm-none-eabi/13.3.1/../../../../arm-none-eabi/lib/thumb/v7e-m+fp/hard/libc_nano.a(libc_a-nano-svfprintf.o)
                0x08012074                _svfprintf_r
                0x08012074                _svfiprintf_r
 .text.__sflush_r
                0x0801226c      0x108 /opt/ST/STM32CubeCLT_1.19.0/GNU-tools-for-STM32/bin/../lib/gcc/arm-none-eabi/13.3.1/../../../../arm-none-eabi/lib/thumb/v7e-m+fp/hard/libc_nano.a(libc_a-fflush.o)
                0x0801226c                __sflush_r
 .text._fflush_r
                0x08012374       0x50 /opt/ST/STM32CubeCLT_1.19.0/GNU-tools-for-STM32/bin/../lib/gcc/arm-none-eabi/13.3.1/../../../../arm-none-eabi/lib/thumb/v7e-m+fp/hard/libc_nano.a(libc_a-fflush.o)
                0x08012374                _fflush_r
 .text._Balloc  0x080123c4       0x80 /opt/ST/STM32CubeCLT_1.19.0/GNU-tools-for-STM32/bin/../lib/gcc/arm-none-eabi/13.3.1/../../../../arm-none-eabi/lib/thumb/v7e-m+fp/hard/libc_nano.a(libc_a-mprec.o)
                0x080123c4                _Balloc
 .text._Bfree   0x08012444       0x44 /opt/ST/STM32CubeCLT_1.19.0/GNU-tools-for-STM32/bin/../lib/gcc/arm-none-eabi/13.3.1/../../../../arm-none-eabi/lib/thumb/v7e-m+fp/hard/libc_nano.a(libc_a-mprec.o)
                0x08012444                _Bfree
 .text.__multadd
                0x08012488       0x8c /opt/ST/STM32CubeCLT_1.19.0/GNU-tools-for-STM32/bin/../lib/gcc/arm-none-eabi/13.3.1/../../../../arm-none-eabi/lib/thumb/v7e-m+fp/hard/libc_nano.a(libc_a-mprec.o)
                0x08012488                __multadd
 .text.__hi0bits
                0x08012514       0x3e /opt/ST/STM32CubeCLT_1.19.0/GNU-tools-for-STM32/bin/../lib/gcc/arm-none-eabi/13.3.1/../../../../arm-none-eabi/lib/thumb/v7e-m+fp/hard/libc_nano.a(libc_a-mprec.o)
                0x08012514                __hi0bits
 .text.__lo0bits
                0x08012552       0x5a /opt/ST/STM32CubeCLT_1.19.0/GNU-tools-for-STM32/bin/../lib/gcc/arm-none-eabi/13.3.1/../../../../arm-none-eabi/lib/thumb/v7e-m+fp/hard/libc_nano.a(libc_a-mprec.o)
                0x08012552                __lo0bits
 .text.__i2b    0x080125ac       0x2c /opt/ST/STM32CubeCLT_1.19.0/GNU-tools-for-STM32/bin/../lib/gcc/arm-none-eabi/13.3.1/../../../../arm-none-eabi/lib/thumb/v7e-m+fp/hard/libc_nano.a(libc_a-mprec.o)
                0x080125ac                __i2b
 .text.__multiply
                0x080125d8      0x144 /opt/ST/STM32CubeCLT_1.19.0/GNU-tools-for-STM32/bin/../lib/gcc/arm-none-eabi/13.3.1/../../../../arm-none-eabi/lib/thumb/v7e-m+fp/hard/libc_nano.a(libc_a-mprec.o)
                0x080125d8                __multiply
 .text.__pow5mult
                0x0801271c       0xb4 /opt/ST/STM32CubeCLT_1.19.0/GNU-tools-for-STM32/bin/../lib/gcc/arm-none-eabi/13.3.1/../../../../arm-none-eabi/lib/thumb/v7e-m+fp/hard/libc_nano.a(libc_a-mprec.o)
                0x0801271c                __pow5mult
 .text.__lshift
                0x080127d0       0xd8 /opt/ST/STM32CubeCLT_1.19.0/GNU-tools-for-STM32/bin/../lib/gcc/arm-none-eabi/13.3.1/../../../../arm-none-eabi/lib/thumb/v7e-m+fp/hard/libc_nano.a(libc_a-mprec.o)
                0x080127d0                __lshift
 .text.__mcmp   0x080128a8       0x36 /opt/ST/STM32CubeCLT_1.19.0/GNU-tools-for-STM32/bin/../lib/gcc/arm-none-eabi/13.3.1/../../../../arm-none-eabi/lib/thumb/v7e-m+fp/hard/libc_nano.a(libc_a-mprec.o)
                0x080128a8                __mcmp
 *fill*         0x080128de        0x2 
 .text.__mdiff  0x080128e0      0x128 /opt/ST/STM32CubeCLT_1.19.0/GNU-tools-for-STM32/bin/../lib/gcc/arm-none-eabi/13.3.1/../../../../arm-none-eabi/lib/thumb/v7e-m+fp/hard/libc_nano.a(libc_a-mprec.o)
                0x080128e0                __mdiff
 .text.__d2b    0x08012a08       0xb0 /opt/ST/STM32CubeCLT_1.19.0/GNU-tools-for-STM32/bin/../lib/gcc/arm-none-eabi/13.3.1/../../../../arm-none-eabi/lib/thumb/v7e-m+fp/hard/libc_nano.a(libc_a-mprec.o)
                0x08012a08                __d2b
 .text.__sread  0x08012ab8       0x22 /opt/ST/STM32CubeCLT_1.19.0/GNU-tools-for-STM32/bin/../lib/gcc/arm-none-eabi/13.3.1/../../../../arm-none-eabi/lib/thumb/v7e-m+fp/hard/libc_nano.a(libc_a-stdio.o)
                0x08012ab8                __sread
 .text.__swrite
                0x08012ada       0x38 /opt/ST/STM32CubeCLT_1.19.0/GNU-tools-for-STM32/bin/../lib/gcc/arm-none-eabi/13.3.1/../../../../arm-none-eabi/lib/thumb/v7e-m+fp/hard/libc_nano.a(libc_a-stdio.o)
                0x08012ada                __swrite
 .text.__sseek  0x08012b12       0x24 /opt/ST/STM32CubeCLT_1.19.0/GNU-tools-for-STM32/bin/../lib/gcc/arm-none-eabi/13.3.1/../../../../arm-none-eabi/lib/thumb/v7e-m+fp/hard/libc_nano.a(libc_a-stdio.o)
                0x08012b12                __sseek
 .text.__sclose
                0x08012b36        0x8 /opt/ST/STM32CubeCLT_1.19.0/GNU-tools-for-STM32/bin/../lib/gcc/arm-none-eabi/13.3.1/../../../../arm-none-eabi/lib/thumb/v7e-m+fp/hard/libc_nano.a(libc_a-stdio.o)
                0x08012b36                __sclose
 .text._realloc_r
                0x08012b3e       0x5c /opt/ST/STM32CubeCLT_1.19.0/GNU-tools-for-STM32/bin/../lib/gcc/arm-none-eabi/13.3.1/../../../../arm-none-eabi/lib/thumb/v7e-m+fp/hard/libc_nano.a(libc_a-reallocr.o)
                0x08012b3e                _realloc_r
 .text.memmove  0x08012b9a       0x34 /opt/ST/STM32CubeCLT_1.19.0/GNU-tools-for-STM32/bin/../lib/gcc/arm-none-eabi/13.3.1/../../../../arm-none-eabi/lib/thumb/v7e-m+fp/hard/libc_nano.a(libc_a-memmove.o)
                0x08012b9a                memmove
 *fill*         0x08012bce        0x2 
 .text._lseek_r
                0x08012bd0       0x24 /opt/ST/STM32CubeCLT_1.19.0/GNU-tools-for-STM32/bin/../lib/gcc/arm-none-eabi/13.3.1/../../../../arm-none-eabi/lib/thumb/v7e-m+fp/hard/libc_nano.a(libc_a-lseekr.o)
                0x08012bd0                _lseek_r
 .text._read_r  0x08012bf4       0x24 /opt/ST/STM32CubeCLT_1.19.0/GNU-tools-for-STM32/bin/../lib/gcc/arm-none-eabi/13.3.1/../../../../arm-none-eabi/lib/thumb/v7e-m+fp/hard/libc_nano.a(libc_a-readr.o)
                0x08012bf4                _read_r
 .text._write_r
                0x08012c18       0x24 /opt/ST/STM32CubeCLT_1.19.0/GNU-tools-for-STM32/bin/../lib/gcc/arm-none-eabi/13.3.1/../../../../arm-none-eabi/lib/thumb/v7e-m+fp/hard/libc_nano.a(libc_a-writer.o)
                0x08012c18                _write_r
 .text._close_r
                0x08012c3c       0x20 /opt/ST/STM32CubeCLT_1.19.0/GNU-tools-for-STM32/bin/../lib/gcc/arm-none-eabi/13.3.1/../../../../arm-none-eabi/lib/thumb/v7e-m+fp/hard/libc_nano.a(libc_a-closer.o)
                0x08012c3c                _close_r
 .text.__assert_func
                0x08012c5c       0x3c /opt/ST/STM32CubeCLT_1.19.0/GNU-tools-for-STM32/bin/../lib/gcc/arm-none-eabi/13.3.1/../../../../arm-none-eabi/lib/thumb/v7e-m+fp/hard/libc_nano.a(libc_a-assert.o)
                0x08012c5c                __assert_func
 .text._calloc_r
                0x08012c98       0x28 /opt/ST/STM32CubeCLT_1.19.0/GNU-tools-for-STM32/bin/../lib/gcc/arm-none-eabi/13.3.1/../../../../arm-none-eabi/lib/thumb/v7e-m+fp/hard/libc_nano.a(libc_a-callocr.o)
                0x08012c98                _calloc_r
 .text.__ascii_mbtowc
                0x08012cc0       0x24 /opt/ST/STM32CubeCLT_1.19.0/GNU-tools-for-STM32/bin/../lib/gcc/arm-none-eabi/13.3.1/../../../../arm-none-eabi/lib/thumb/v7e-m+fp/hard/libc_nano.a(libc_a-mbtowc_r.o)
                0x08012cc0                __ascii_mbtowc
 .text._malloc_usable_size_r
                0x08012ce4       0x10 /opt/ST/STM32CubeCLT_1.19.0/GNU-tools-for-STM32/bin/../lib/gcc/arm-none-eabi/13.3.1/../../../../arm-none-eabi/lib/thumb/v7e-m+fp/hard/libc_nano.a(libc_a-msizer.o)
                0x08012ce4                _malloc_usable_size_r
 .text.fprintf  0x08012cf4       0x24 /opt/ST/STM32CubeCLT_1.19.0/GNU-tools-for-STM32/bin/../lib/gcc/arm-none-eabi/13.3.1/../../../../arm-none-eabi/lib/thumb/v7e-m+fp/hard/libc_nano.a(libc_a-fprintf.o)
                0x08012cf4                fprintf
                0x08012cf4                fiprintf
 .text.__ascii_wctomb
                0x08012d18       0x1a /opt/ST/STM32CubeCLT_1.19.0/GNU-tools-for-STM32/bin/../lib/gcc/arm-none-eabi/13.3.1/../../../../arm-none-eabi/lib/thumb/v7e-m+fp/hard/libc_nano.a(libc_a-wctomb_r.o)
                0x08012d18                __ascii_wctomb
 .text.abort    0x08012d32        0xe /opt/ST/STM32CubeCLT_1.19.0/GNU-tools-for-STM32/bin/../lib/gcc/arm-none-eabi/13.3.1/../../../../arm-none-eabi/lib/thumb/v7e-m+fp/hard/libc_nano.a(libc_a-abort.o)
                0x08012d32                abort
 .text.__sfputc_r
                0x08012d40       0x2e /opt/ST/STM32CubeCLT_1.19.0/GNU-tools-for-STM32/bin/../lib/gcc/arm-none-eabi/13.3.1/../../../../arm-none-eabi/lib/thumb/v7e-m+fp/hard/libc_nano.a(libc_a-nano-vfprintf.o)
 .text.__sfputs_r
                0x08012d6e       0x24 /opt/ST/STM32CubeCLT_1.19.0/GNU-tools-for-STM32/bin/../lib/gcc/arm-none-eabi/13.3.1/../../../../arm-none-eabi/lib/thumb/v7e-m+fp/hard/libc_nano.a(libc_a-nano-vfprintf.o)
                0x08012d6e                __sfputs_r
 *fill*         0x08012d92        0x2 
 .text._vfprintf_r
                0x08012d94      0x230 /opt/ST/STM32CubeCLT_1.19.0/GNU-tools-for-STM32/bin/../lib/gcc/arm-none-eabi/13.3.1/../../../../arm-none-eabi/lib/thumb/v7e-m+fp/hard/libc_nano.a(libc_a-nano-vfprintf.o)
                0x08012d94                _vfiprintf_r
                0x08012d94                _vfprintf_r
 .text.__swbuf_r
                0x08012fc4       0x7c /opt/ST/STM32CubeCLT_1.19.0/GNU-tools-for-STM32/bin/../lib/gcc/arm-none-eabi/13.3.1/../../../../arm-none-eabi/lib/thumb/v7e-m+fp/hard/libc_nano.a(libc_a-wbuf.o)
                0x08012fc4                __swbuf_r
 .text.__swsetup_r
                0x08013040       0xac /opt/ST/STM32CubeCLT_1.19.0/GNU-tools-for-STM32/bin/../lib/gcc/arm-none-eabi/13.3.1/../../../../arm-none-eabi/lib/thumb/v7e-m+fp/hard/libc_nano.a(libc_a-wsetup.o)
                0x08013040                __swsetup_r
 .text.__swhatbuf_r
                0x080130ec       0x4c /opt/ST/STM32CubeCLT_1.19.0/GNU-tools-for-STM32/bin/../lib/gcc/arm-none-eabi/13.3.1/../../../../arm-none-eabi/lib/thumb/v7e-m+fp/hard/libc_nano.a(libc_a-makebuf.o)
                0x080130ec                __swhatbuf_r
 .text.__smakebuf_r
                0x08013138       0x78 /opt/ST/STM32CubeCLT_1.19.0/GNU-tools-for-STM32/bin/../lib/gcc/arm-none-eabi/13.3.1/../../../../arm-none-eabi/lib/thumb/v7e-m+fp/hard/libc_nano.a(libc_a-makebuf.o)
                0x08013138                __smakebuf_r
 .text._raise_r
                0x080131b0       0x50 /opt/ST/STM32CubeCLT_1.19.0/GNU-tools-for-STM32/bin/../lib/gcc/arm-none-eabi/13.3.1/../../../../arm-none-eabi/lib/thumb/v7e-m+fp/hard/libc_nano.a(libc_a-signal.o)
                0x080131b0                _raise_r
 .text.raise    0x08013200       0x10 /opt/ST/STM32CubeCLT_1.19.0/GNU-tools-for-STM32/bin/../lib/gcc/arm-none-eabi/13.3.1/../../../../arm-none-eabi/lib/thumb/v7e-m+fp/hard/libc_nano.a(libc_a-signal.o)
                0x08013200                raise
 .text._isatty_r
                0x08013210       0x20 /opt/ST/STM32CubeCLT_1.19.0/GNU-tools-for-STM32/bin/../lib/gcc/arm-none-eabi/13.3.1/../../../../arm-none-eabi/lib/thumb/v7e-m+fp/hard/libc_nano.a(libc_a-isattyr.o)
                0x08013210                _isatty_r
 .text._kill_r  0x08013230       0x24 /opt/ST/STM32CubeCLT_1.19.0/GNU-tools-for-STM32/bin/../lib/gcc/arm-none-eabi/13.3.1/../../../../arm-none-eabi/lib/thumb/v7e-m+fp/hard/libc_nano.a(libc_a-signalr.o)
                0x08013230                _kill_r
 .text._getpid_r
                0x08013254        0x4 /opt/ST/STM32CubeCLT_1.19.0/GNU-tools-for-STM32/bin/../lib/gcc/arm-none-eabi/13.3.1/../../../../arm-none-eabi/lib/thumb/v7e-m+fp/hard/libc_nano.a(libc_a-signalr.o)
                0x08013254                _getpid_r
 .text._fstat_r