../Drivers/CMSIS/Include/core_cm7.h:2147:34:__NVIC_SystemReset	4	static,ignoring_inline_asm
../USB_DEVICE/App/usbd_cdc_if.c:129:13:cdc_blocking_tx	16	static
../USB_DEVICE/App/usbd_cdc_if.c:137:13:send_str	16	static
../USB_DEVICE/App/usbd_cdc_if.c:204:13:u32_to_dec	48	static
../USB_DEVICE/App/usbd_cdc_if.c:215:12:parse_u32	72	static
../USB_DEVICE/App/usbd_cdc_if.c:226:12:parse_u4mask	32	static
../USB_DEVICE/App/usbd_cdc_if.c:260:14:trim_inplace	24	static
../USB_DEVICE/App/usbd_cdc_if.c:270:13:to_upper_inplace	16	static
../USB_DEVICE/App/usbd_cdc_if.c:276:13:send_line	24	static
../USB_DEVICE/App/usbd_cdc_if.c:286:13:write_four_i32	56	static
../USB_DEVICE/App/usbd_cdc_if.c:301:13:USB_CDC_Clear	16	static
../USB_DEVICE/App/usbd_cdc_if.c:326:6:Core_SoftReset	8	static,ignoring_inline_asm
../USB_DEVICE/App/usbd_cdc_if.c:369:14:_read_die_temp_once	48	static
../USB_DEVICE/App/usbd_cdc_if.c:395:13:_format_1dec	64	static
../USB_DEVICE/App/usbd_cdc_if.c:413:13:process_cmd	448	static,ignoring_inline_asm
../USB_DEVICE/App/usbd_cdc_if.c:738:15:CDC_Init_HS	8	static
../USB_DEVICE/App/usbd_cdc_if.c:753:15:CDC_DeInit_HS	4	static
../USB_DEVICE/App/usbd_cdc_if.c:767:15:CDC_Control_HS	16	static
../USB_DEVICE/App/usbd_cdc_if.c:848:15:CDC_Receive_HS	24	static
../USB_DEVICE/App/usbd_cdc_if.c:886:9:CDC_Transmit_HS	24	static
../USB_DEVICE/App/usbd_cdc_if.c:912:15:CDC_TransmitCplt_HS	32	static
