../Core/Src/acq_control.c:27:20:Busy_StartIT	8	static
../Core/Src/acq_control.c:28:20:Busy_StopIT	8	static
../Core/Src/acq_control.c:31:20:Trig_StartIT	8	static
../Core/Src/acq_control.c:32:20:Trig_StopIT	8	static
../Core/Src/acq_control.c:72:20:sdram_reset_writer	4	static
../Core/Src/acq_control.c:77:23:popcount4	16	static
../Core/Src/acq_control.c:82:9:ACQ_GetChannelMask	16	static
../Core/Src/acq_control.c:88:9:ACQ_GetActiveChannelCount	8	static
../Core/Src/acq_control.c:93:9:ACQ_GetFrameBytes	8	static
../Core/Src/acq_control.c:98:19:ACQ_SetChannelMask	24	static,ignoring_inline_asm
../Core/Src/acq_control.c:113:20:sdram_store_frame_masked	16	static
../Core/Src/acq_control.c:131:20:stop_all_timing	8	static
../Core/Src/acq_control.c:148:6:ACQ_Init	8	static
../Core/Src/acq_control.c:178:19:ACQ_Arm	24	static
../Core/Src/acq_control.c:198:19:ACQ_StartStream	8	static
../Core/Src/acq_control.c:226:19:ACQ_ArmForTrigger	40	static
../Core/Src/acq_control.c:278:6:ACQ_OnTriggerEdge	8	static
../Core/Src/acq_control.c:300:6:ACQ_StopStream	8	static
../Core/Src/acq_control.c:310:6:ACQ_SoftReset	8	static,ignoring_inline_asm
../Core/Src/acq_control.c:339:19:ACQ_Snapshot_Arm	16	static,ignoring_inline_asm
../Core/Src/acq_control.c:370:19:ACQ_Snapshot_Cancel	8	static,ignoring_inline_asm
../Core/Src/acq_control.c:384:9:ACQ_Snapshot_IsActive	4	static
../Core/Src/acq_control.c:385:9:ACQ_Snapshot_IsReady	4	static
../Core/Src/acq_control.c:387:19:ACQ_Snapshot_Read_adc	16	static,ignoring_inline_asm
../Core/Src/acq_control.c:404:6:ACQ_OnBusyFallingISR	24	static
../Core/Src/acq_control.c:459:10:ACQ_IsStreaming	4	static
../Core/Src/acq_control.c:460:10:ACQ_StreamFramesRemaining	4	static
../Core/Src/acq_control.c:461:10:ACQ_StreamWriteAddress	4	static
../Core/Src/acq_control.c:463:10:ACQ_GetAndClearOverruns	16	static
../Core/Src/acq_control.c:464:10:ACQ_GetAndClearSpiFailures	16	static
