../Core/Src/i2c.c:69:6:MX_I2C3_Init	8	static
../Core/Src/i2c.c:98:12:TCA_WriteReg	32	static
../Core/Src/i2c.c:106:12:TCA_ReadReg	32	static
../Core/Src/i2c.c:115:6:I2C_Init	8	static
../Core/Src/i2c.c:131:5:TCA_WriteOutputs	16	static
../Core/Src/i2c.c:139:5:TCA_ReadOutputs	32	static
../Core/Src/i2c.c:158:13:encode_gain_to_ports	32	static
../Core/Src/i2c.c:211:16:decode_gain_head1	16	static
../Core/Src/i2c.c:218:16:decode_gain_head2	16	static
../Core/Src/i2c.c:225:16:decode_gain_head3	16	static
../Core/Src/i2c.c:232:16:decode_gain_head4	16	static
../Core/Src/i2c.c:239:12:ApplyGainWrite	40	static
../Core/Src/i2c.c:252:5:I2C_ApplyGainNow	16	static
../Core/Src/i2c.c:260:16:sht_crc8	32	static
../Core/Src/i2c.c:271:12:sht_write_cmd	24	static
../Core/Src/i2c.c:278:5:SHT_Read	48	static
../Core/Src/i2c.c:304:6:I2C_RequestGain	16	static
../Core/Src/i2c.c:314:6:I2C_RequestRefresh	4	static
../Core/Src/i2c.c:319:6:I2C_Refresh	24	static
