../Drivers/CMSIS/Include/core_cm7.h:2229:22:SCB_EnableICache	4	static,ignoring_inline_asm
../Drivers/CMSIS/Include/core_cm7.h:2281:22:SCB_EnableDCache	24	static,ignoring_inline_asm
../Drivers/CMSIS/Include/core_cm7.h:2606:26:ITM_SendChar	16	static,ignoring_inline_asm
../Core/Src/main.c:53:6:JumpToBootloader	152	static,ignoring_inline_asm
../Core/Src/main.c:195:5:_write	32	static
../Core/Src/main.c:223:5:main	16	static,ignoring_inline_asm
../Core/Src/main.c:334:6:SystemClock_Config	88	static
../Core/Src/main.c:387:13:MX_ADC1_Init	24	static
../Core/Src/main.c:439:13:MX_DAC_Init	16	static
../Core/Src/main.c:479:13:MX_I2C3_Init	8	static
../Core/Src/main.c:527:13:MX_SPI5_Init	8	static
../Core/Src/main.c:567:13:MX_TIM3_Init	80	static
../Core/Src/main.c:645:13:MX_TIM13_Init	40	static
../Core/Src/main.c:691:13:MX_TIM14_Init	40	static
../Core/Src/main.c:737:13:MX_USB_OTG_FS_PCD_Init	8	static
../Core/Src/main.c:769:13:MX_FMC_Init	56	static
../Core/Src/main.c:847:13:MX_GPIO_Init	64	static
../Core/Src/main.c:950:6:Custom_MPU_Config	24	static
../Core/Src/main.c:988:6:MPU_Config	24	static
../Core/Src/main.c:1016:6:Error_Handler	4	static,ignoring_inline_asm
