../Core/Src/stm32f7xx_hal_msp.c:65:6:HAL_MspInit	8	static
../Core/Src/stm32f7xx_hal_msp.c:88:6:HAL_ADC_MspInit	40	static
../Core/Src/stm32f7xx_hal_msp.c:122:6:HAL_ADC_MspDeInit	0	static
../Core/Src/stm32f7xx_hal_msp.c:150:6:HAL_DAC_MspInit	40	static
../Core/Src/stm32f7xx_hal_msp.c:184:6:HAL_DAC_MspDeInit	0	static
../Core/Src/stm32f7xx_hal_msp.c:212:6:HAL_I2C_MspInit	184	static
../Core/Src/stm32f7xx_hal_msp.c:267:6:HAL_I2C_MspDeInit	8	static
../Core/Src/stm32f7xx_hal_msp.c:298:6:HAL_SPI_MspInit	40	static
../Core/Src/stm32f7xx_hal_msp.c:338:6:HAL_SPI_MspDeInit	8	static
../Core/Src/stm32f7xx_hal_msp.c:369:6:HAL_TIM_Base_MspInit	48	static
../Core/Src/stm32f7xx_hal_msp.c:424:6:HAL_TIM_MspPostInit	40	static
../Core/Src/stm32f7xx_hal_msp.c:497:6:HAL_TIM_Base_MspDeInit	8	static
../Core/Src/stm32f7xx_hal_msp.c:647:6:HAL_SDRAM_MspInit	48	static
../Core/Src/stm32f7xx_hal_msp.c:732:6:HAL_SDRAM_MspDeInit	8	static
