../USB_DEVICE/App/usbd_cdc_if.c:754:15:CDC_DeInit_HS	0	static
../USB_DEVICE/App/usbd_cdc_if.c:768:15:CDC_Control_HS	0	static
../USB_DEVICE/App/usbd_cdc_if.c:913:15:CDC_TransmitCplt_HS	0	static
../USB_DEVICE/App/usbd_cdc_if.c:301:13:USB_CDC_Clear	8	static
../USB_DEVICE/App/usbd_cdc_if.c:739:15:CDC_Init_HS	8	static
../USB_DEVICE/App/usbd_cdc_if.c:204:13:u32_to_dec	40	static
../USB_DEVICE/App/usbd_cdc_if.c:215:12:parse_u32.constprop	20	static
../USB_DEVICE/App/usbd_cdc_if.c:326:6:Core_SoftReset	8	static,ignoring_inline_asm
../USB_DEVICE/App/usbd_cdc_if.c:887:9:CDC_Transmit_HS	8	static
../USB_DEVICE/App/usbd_cdc_if.c:276:13:send_line	16	static
../USB_DEVICE/App/usbd_cdc_if.c:413:13:process_cmd.constprop	208	static,ignoring_inline_asm
../USB_DEVICE/App/usbd_cdc_if.c:849:15:CDC_Receive_HS	32	static
