../USB_DEVICE/Target/usbd_conf.c:67:6:HAL_PCD_MspInit	192	static
../USB_DEVICE/Target/usbd_conf.c:145:6:HAL_PCD_MspDeInit	8	static
../USB_DEVICE/Target/usbd_conf.c:198:6:HAL_PCD_SetupStageCallback	0	static
../USB_DEVICE/Target/usbd_conf.c:213:6:HAL_PCD_DataOutStageCallback	0	static
../USB_DEVICE/Target/usbd_conf.c:228:6:HAL_PCD_DataInStageCallback	0	static
../USB_DEVICE/Target/usbd_conf.c:242:6:HAL_PCD_SOFCallback	0	static
../USB_DEVICE/Target/usbd_conf.c:256:6:HAL_PCD_ResetCallback	8	static
../USB_DEVICE/Target/usbd_conf.c:289:6:HAL_PCD_SuspendCallback	8	static
../USB_DEVICE/Target/usbd_conf.c:314:6:HAL_PCD_ResumeCallback	0	static
../USB_DEVICE/Target/usbd_conf.c:332:6:HAL_PCD_ISOOUTIncompleteCallback	0	static
../USB_DEVICE/Target/usbd_conf.c:347:6:HAL_PCD_ISOINIncompleteCallback	0	static
../USB_DEVICE/Target/usbd_conf.c:361:6:HAL_PCD_ConnectCallback	0	static
../USB_DEVICE/Target/usbd_conf.c:375:6:HAL_PCD_DisconnectCallback	0	static
../USB_DEVICE/Target/usbd_conf.c:390:20:USBD_LL_Init	8	static
../USB_DEVICE/Target/usbd_conf.c:585:9:USBD_LL_IsStallEP	0	static
../USB_DEVICE/Target/usbd_conf.c:663:10:USBD_LL_GetRxDataSize	0	static
../USB_DEVICE/Target/usbd_conf.c:674:6:HAL_PCDEx_LPM_Callback	8	static
../USB_DEVICE/Target/usbd_conf.c:709:6:USBD_LL_Delay	0	static
../USB_DEVICE/Target/usbd_conf.c:730:20:USBD_Get_USB_Status	0	static
../USB_DEVICE/Target/usbd_conf.c:441:20:USBD_LL_DeInit	8	static
../USB_DEVICE/Target/usbd_conf.c:458:20:USBD_LL_Start	8	static
../USB_DEVICE/Target/usbd_conf.c:475:20:USBD_LL_Stop	8	static
../USB_DEVICE/Target/usbd_conf.c:495:20:USBD_LL_OpenEP	8	static
../USB_DEVICE/Target/usbd_conf.c:513:20:USBD_LL_CloseEP	8	static
../USB_DEVICE/Target/usbd_conf.c:531:20:USBD_LL_FlushEP	8	static
../USB_DEVICE/Target/usbd_conf.c:549:20:USBD_LL_StallEP	8	static
../USB_DEVICE/Target/usbd_conf.c:567:20:USBD_LL_ClearStallEP	8	static
../USB_DEVICE/Target/usbd_conf.c:605:20:USBD_LL_SetUSBAddress	8	static
../USB_DEVICE/Target/usbd_conf.c:625:20:USBD_LL_Transmit	8	static
../USB_DEVICE/Target/usbd_conf.c:645:20:USBD_LL_PrepareReceive	8	static
