Archive member included to satisfy reference by file (symbol)

/Applications/STM32CubeIDE.app/Contents/Eclipse/plugins/com.st.stm32cube.ide.mcu.externaltools.gnu-tools-for-stm32.13.3.rel1.macos64_1.0.0.202411102158/tools/bin/../lib/gcc/arm-none-eabi/13.3.1/../../../../arm-none-eabi/lib/thumb/v7e-m+fp/hard/libc_nano.a(libc_a-exit.o)
                              /Applications/STM32CubeIDE.app/Contents/Eclipse/plugins/com.st.stm32cube.ide.mcu.externaltools.gnu-tools-for-stm32.13.3.rel1.macos64_1.0.0.202411102158/tools/bin/../lib/gcc/arm-none-eabi/13.3.1/../../../../arm-none-eabi/lib/thumb/v7e-m+fp/hard/crt0.o (exit)
/Applications/STM32CubeIDE.app/Contents/Eclipse/plugins/com.st.stm32cube.ide.mcu.externaltools.gnu-tools-for-stm32.13.3.rel1.macos64_1.0.0.202411102158/tools/bin/../lib/gcc/arm-none-eabi/13.3.1/../../../../arm-none-eabi/lib/thumb/v7e-m+fp/hard/libc_nano.a(libc_a-malloc.o)
                              ./Middlewares/ST/STM32_USB_Device_Library/Class/CDC/Src/usbd_cdc.o (malloc)
/Applications/STM32CubeIDE.app/Contents/Eclipse/plugins/com.st.stm32cube.ide.mcu.externaltools.gnu-tools-for-stm32.13.3.rel1.macos64_1.0.0.202411102158/tools/bin/../lib/gcc/arm-none-eabi/13.3.1/../../../../arm-none-eabi/lib/thumb/v7e-m+fp/hard/libc_nano.a(libc_a-mallocr.o)
                              /Applications/STM32CubeIDE.app/Contents/Eclipse/plugins/com.st.stm32cube.ide.mcu.externaltools.gnu-tools-for-stm32.13.3.rel1.macos64_1.0.0.202411102158/tools/bin/../lib/gcc/arm-none-eabi/13.3.1/../../../../arm-none-eabi/lib/thumb/v7e-m+fp/hard/libc_nano.a(libc_a-malloc.o) (_malloc_r)
/Applications/STM32CubeIDE.app/Contents/Eclipse/plugins/com.st.stm32cube.ide.mcu.externaltools.gnu-tools-for-stm32.13.3.rel1.macos64_1.0.0.202411102158/tools/bin/../lib/gcc/arm-none-eabi/13.3.1/../../../../arm-none-eabi/lib/thumb/v7e-m+fp/hard/libc_nano.a(libc_a-snprintf.o)
                              ./Core/Src/calib.o (snprintf)
/Applications/STM32CubeIDE.app/Contents/Eclipse/plugins/com.st.stm32cube.ide.mcu.externaltools.gnu-tools-for-stm32.13.3.rel1.macos64_1.0.0.202411102158/tools/bin/../lib/gcc/arm-none-eabi/13.3.1/../../../../arm-none-eabi/lib/thumb/v7e-m+fp/hard/libc_nano.a(libc_a-mlock.o)
                              /Applications/STM32CubeIDE.app/Contents/Eclipse/plugins/com.st.stm32cube.ide.mcu.externaltools.gnu-tools-for-stm32.13.3.rel1.macos64_1.0.0.202411102158/tools/bin/../lib/gcc/arm-none-eabi/13.3.1/../../../../arm-none-eabi/lib/thumb/v7e-m+fp/hard/libc_nano.a(libc_a-mallocr.o) (__malloc_lock)
/Applications/STM32CubeIDE.app/Contents/Eclipse/plugins/com.st.stm32cube.ide.mcu.externaltools.gnu-tools-for-stm32.13.3.rel1.macos64_1.0.0.202411102158/tools/bin/../lib/gcc/arm-none-eabi/13.3.1/../../../../arm-none-eabi/lib/thumb/v7e-m+fp/hard/libc_nano.a(libc_a-findfp.o)
                              /Applications/STM32CubeIDE.app/Contents/Eclipse/plugins/com.st.stm32cube.ide.mcu.externaltools.gnu-tools-for-stm32.13.3.rel1.macos64_1.0.0.202411102158/tools/bin/../lib/gcc/arm-none-eabi/13.3.1/../../../../arm-none-eabi/lib/thumb/v7e-m+fp/hard/libc_nano.a(libc_a-exit.o) (__stdio_exit_handler)
/Applications/STM32CubeIDE.app/Contents/Eclipse/plugins/com.st.stm32cube.ide.mcu.externaltools.gnu-tools-for-stm32.13.3.rel1.macos64_1.0.0.202411102158/tools/bin/../lib/gcc/arm-none-eabi/13.3.1/../../../../arm-none-eabi/lib/thumb/v7e-m+fp/hard/libc_nano.a(libc_a-fwalk.o)
                              /Applications/STM32CubeIDE.app/Contents/Eclipse/plugins/com.st.stm32cube.ide.mcu.externaltools.gnu-tools-for-stm32.13.3.rel1.macos64_1.0.0.202411102158/tools/bin/../lib/gcc/arm-none-eabi/13.3.1/../../../../arm-none-eabi/lib/thumb/v7e-m+fp/hard/libc_nano.a(libc_a-findfp.o) (_fwalk_sglue)
/Applications/STM32CubeIDE.app/Contents/Eclipse/plugins/com.st.stm32cube.ide.mcu.externaltools.gnu-tools-for-stm32.13.3.rel1.macos64_1.0.0.202411102158/tools/bin/../lib/gcc/arm-none-eabi/13.3.1/../../../../arm-none-eabi/lib/thumb/v7e-m+fp/hard/libc_nano.a(libc_a-memset.o)
                              /Applications/STM32CubeIDE.app/Contents/Eclipse/plugins/com.st.stm32cube.ide.mcu.externaltools.gnu-tools-for-stm32.13.3.rel1.macos64_1.0.0.202411102158/tools/bin/../lib/gcc/arm-none-eabi/13.3.1/../../../../arm-none-eabi/lib/thumb/v7e-m+fp/hard/crt0.o (memset)
/Applications/STM32CubeIDE.app/Contents/Eclipse/plugins/com.st.stm32cube.ide.mcu.externaltools.gnu-tools-for-stm32.13.3.rel1.macos64_1.0.0.202411102158/tools/bin/../lib/gcc/arm-none-eabi/13.3.1/../../../../arm-none-eabi/lib/thumb/v7e-m+fp/hard/libc_nano.a(libc_a-strncmp.o)
                              ./USB_DEVICE/App/usbd_cdc_if.o (strncmp)
/Applications/STM32CubeIDE.app/Contents/Eclipse/plugins/com.st.stm32cube.ide.mcu.externaltools.gnu-tools-for-stm32.13.3.rel1.macos64_1.0.0.202411102158/tools/bin/../lib/gcc/arm-none-eabi/13.3.1/../../../../arm-none-eabi/lib/thumb/v7e-m+fp/hard/libc_nano.a(libc_a-sbrkr.o)
[...]
Memory Configuration

Name             Origin             Length             Attributes
RAM              0x20000000         0x00040000         xrw
FLASH            0x08000000         0x00010000         xr
SDRAM            0xc0000000         0x02000000         rw
*default*        0x00000000         0xffffffff

Linker script and memory map

LOAD /Applications/STM32CubeIDE.app/Contents/Eclipse/plugins/com.st.stm32cube.ide.mcu.externaltools.gnu-tools-for-stm32.13.3.rel1.macos64_1.0.0.202411102158/tools/bin/../lib/gcc/arm-none-eabi/13.3.1/thumb/v7e-m+fp/hard/crti.o
LOAD /Applications/STM32CubeIDE.app/Contents/Eclipse/plugins/com.st.stm32cube.ide.mcu.externaltools.gnu-tools-for-stm32.13.3.rel1.macos64_1.0.0.202411102158/tools/bin/../lib/gcc/arm-none-eabi/13.3.1/thumb/v7e-m+fp/hard/crtbegin.o
LOAD /Applications/STM32CubeIDE.app/Contents/Eclipse/plugins/com.st.stm32cube.ide.mcu.externaltools.gnu-tools-for-stm32.13.3.rel1.macos64_1.0.0.202411102158/tools/bin/../lib/gcc/arm-none-eabi/13.3.1/../../../../arm-none-eabi/lib/thumb/v7e-m+fp/hard/crt0.o
LOAD ./Core/Src/acq_control.o
LOAD ./Core/Src/ad7606.o
LOAD ./Core/Src/calib.o
LOAD ./Core/Src/dfu_jump.o
LOAD ./Core/Src/globals.o
LOAD ./Core/Src/i2c.o
LOAD ./Core/Src/leds.o
LOAD ./Core/Src/main.o
LOAD ./Core/Src/sht40.o
LOAD ./Core/Src/state_machine.o
LOAD ./Core/Src/stm32f7xx_hal_msp.o
LOAD ./Core/Src/stm32f7xx_it.o
LOAD ./Core/Src/syscalls.o
LOAD ./Core/Src/sysmem.o
LOAD ./Core/Src/system_stm32f7xx.o
LOAD ./Core/Src/timer_adc_trig.o
LOAD ./Core/Src/timer_control.o
LOAD ./Core/Src/transfer.o
LOAD ./Core/Src/usb_xfer.o
LOAD ./Core/Startup/startup_stm32f730z8tx.o
LOAD ./Drivers/STM32F7xx_HAL_Driver/Src/stm32f7xx_hal.o
LOAD ./Drivers/STM32F7xx_HAL_Driver/Src/stm32f7xx_hal_adc.o
LOAD ./Drivers/STM32F7xx_HAL_Driver/Src/stm32f7xx_hal_adc_ex.o
LOAD ./Drivers/STM32F7xx_HAL_Driver/Src/stm32f7xx_hal_cortex.o
LOAD ./Drivers/STM32F7xx_HAL_Driver/Src/stm32f7xx_hal_dac.o
LOAD ./Drivers/STM32F7xx_HAL_Driver/Src/stm32f7xx_hal_dac_ex.o
LOAD ./Drivers/STM32F7xx_HAL_Driver/Src/stm32f7xx_hal_dma.o
LOAD ./Drivers/STM32F7xx_HAL_Driver/Src/stm32f7xx_hal_dma_ex.o
LOAD ./Drivers/STM32F7xx_HAL_Driver/Src/stm32f7xx_hal_exti.o
LOAD ./Drivers/STM32F7xx_HAL_Driver/Src/stm32f7xx_hal_flash.o
LOAD ./Drivers/STM32F7xx_HAL_Driver/Src/stm32f7xx_hal_flash_ex.o
LOAD ./Drivers/STM32F7xx_HAL_Driver/Src/stm32f7xx_hal_gpio.o
LOAD ./Drivers/STM32F7xx_HAL_Driver/Src/stm32f7xx_hal_i2c.o
LOAD ./Drivers/STM32F7xx_HAL_Driver/Src/stm32f7xx_hal_i2c_ex.o
LOAD ./Drivers/STM32F7xx_HAL_Driver/Src/stm32f7xx_hal_nand.o
LOAD ./Drivers/STM32F7xx_HAL_Driver/Src/stm32f7xx_hal_nor.o
LOAD ./Drivers/STM32F7xx_HAL_Driver/Src/stm32f7xx_hal_pcd.o
LOAD ./Drivers/STM32F7xx_HAL_Driver/Src/stm32f7xx_hal_pcd_ex.o
LOAD ./Drivers/STM32F7xx_HAL_Driver/Src/stm32f7xx_hal_pwr.o
LOAD ./Drivers/STM32F7xx_HAL_Driver/Src/stm32f7xx_hal_pwr_ex.o
LOAD ./Drivers/STM32F7xx_HAL_Driver/Src/stm32f7xx_hal_rcc.o
LOAD ./Drivers/STM32F7xx_HAL_Driver/Src/stm32f7xx_hal_rcc_ex.o
LOAD ./Drivers/STM32F7xx_HAL_Driver/Src/stm32f7xx_hal_sdram.o
LOAD ./Drivers/STM32F7xx_HAL_Driver/Src/stm32f7xx_hal_spi.o
LOAD ./Drivers/STM32F7xx_HAL_Driver/Src/stm32f7xx_hal_spi_ex.o
LOAD ./Drivers/STM32F7xx_HAL_Driver/Src/stm32f7xx_hal_sram.o
LOAD ./Drivers/STM32F7xx_HAL_Driver/Src/stm32f7xx_hal_tim.o
LOAD ./Drivers/STM32F7xx_HAL_Driver/Src/stm32f7xx_hal_tim_ex.o
LOAD ./Drivers/STM32F7xx_HAL_Driver/Src/stm32f7xx_ll_fmc.o
LOAD ./Drivers/STM32F7xx_HAL_Driver/Src/stm32f7xx_ll_usb.o
LOAD ./Middlewares/ST/STM32_USB_Device_Library/Class/CDC/Src/usbd_cdc.o
LOAD ./Middlewares/ST/STM32_USB_Device_Library/Core/Src/usbd_core.o
LOAD ./Middlewares/ST/STM32_USB_Device_Library/Core/Src/usbd_ctlreq.o
LOAD ./Middlewares/ST/STM32_USB_Device_Library/Core/Src/usbd_ioreq.o
LOAD ./USB_DEVICE/App/usb_device.o
LOAD ./USB_DEVICE/App/usbd_cdc_if.o
LOAD ./USB_DEVICE/App/usbd_desc.o
LOAD ./USB_DEVICE/Target/usbd_conf.o
START GROUP
LOAD /Applications/STM32CubeIDE.app/Contents/Eclipse/plugins/com.st.stm32cube.ide.mcu.externaltools.gnu-tools-for-stm32.13.3.rel1.macos64_1.0.0.202411102158/tools/bin/../lib/gcc/arm-none-eabi/13.3.1/../../../../arm-none-eabi/lib/thumb/v7e-m+fp/hard/libc_nano.a
LOAD /Applications/STM32CubeIDE.app/Contents/Eclipse/plugins/com.st.stm32cube.ide.mcu.externaltools.gnu-tools-for-stm32.13.3.rel1.macos64_1.0.0.202411102158/tools/bin/../lib/gcc/arm-none-eabi/13.3.1/../../../../arm-none-eabi/lib/thumb/v7e-m+fp/hard/libm.a
END GROUP
START GROUP
LOAD /Applications/STM32CubeIDE.app/Contents/Eclipse/plugins/com.st.stm32cube.ide.mcu.externaltools.gnu-tools-for-stm32.13.3.rel1.macos64_1.0.0.202411102158/tools/bin/../lib/gcc/arm-none-eabi/13.3.1/thumb/v7e-m+fp/hard/libgcc.a
LOAD /Applications/STM32CubeIDE.app/Contents/Eclipse/plugins/com.st.stm32cube.ide.mcu.externaltools.gnu-tools-for-stm32.13.3.rel1.macos64_1.0.0.202411102158/tools/bin/../lib/gcc/arm-none-eabi/13.3.1/../../../../arm-none-eabi/lib/thumb/v7e-m+fp/hard/libc_nano.a
END GROUP
START GROUP
LOAD /Applications/STM32CubeIDE.app/Contents/Eclipse/plugins/com.st.stm32cube.ide.mcu.externaltools.gnu-tools-for-stm32.13.3.rel1.macos64_1.0.0.202411102158/tools/bin/../lib/gcc/arm-none-eabi/13.3.1/thumb/v7e-m+fp/hard/libgcc.a
LOAD /Applications/STM32CubeIDE.app/Contents/Eclipse/plugins/com.st.stm32cube.ide.mcu.externaltools.gnu-tools-for-stm32.13.3.rel1.macos64_1.0.0.202411102158/tools/bin/../lib/gcc/arm-none-eabi/13.3.1/../../../../arm-none-eabi/lib/thumb/v7e-m+fp/hard/libc_nano.a
LOAD /Applications/STM32CubeIDE.app/Contents/Eclipse/plugins/com.st.stm32cube.ide.mcu.externaltools.gnu-tools-for-stm32.13.3.rel1.macos64_1.0.0.202411102158/tools/bin/../lib/gcc/arm-none-eabi/13.3.1/../../../../arm-none-eabi/lib/thumb/v7e-m+fp/hard/libnosys.a
END GROUP
START GROUP
LOAD /Applications/STM32CubeIDE.app/Contents/Eclipse/plugins/com.st.stm32cube.ide.mcu.externaltools.gnu-tools-for-stm32.13.3.rel1.macos64_1.0.0.202411102158/tools/bin/../lib/gcc/arm-none-eabi/13.3.1/thumb/v7e-m+fp/hard/libgcc.a
LOAD /Applications/STM32CubeIDE.app/Contents/Eclipse/plugins/com.st.stm32cube.ide.mcu.externaltools.gnu-tools-for-stm32.13.3.rel1.macos64_1.0.0.202411102158/tools/bin/../lib/gcc/arm-none-eabi/13.3.1/../../../../arm-none-eabi/lib/thumb/v7e-m+fp/hard/libc_nano.a
LOAD /Applications/STM32CubeIDE.app/Contents/Eclipse/plugins/com.st.stm32cube.ide.mcu.externaltools.gnu-tools-for-stm32.13.3.rel1.macos64_1.0.0.202411102158/tools/bin/../lib/gcc/arm-none-eabi/13.3.1/../../../../arm-none-eabi/lib/thumb/v7e-m+fp/hard/libnosys.a
END GROUP
LOAD /Applications/STM32CubeIDE.app/Contents/Eclipse/plugins/com.st.stm32cube.ide.mcu.externaltools.gnu-tools-for-stm32.13.3.rel1.macos64_1.0.0.202411102158/tools/bin/../lib/gcc/arm-none-eabi/13.3.1/thumb/v7e-m+fp/hard/crtend.o
LOAD /Applications/STM32CubeIDE.app/Contents/Eclipse/plugins/com.st.stm32cube.ide.mcu.externaltools.gnu-tools-for-stm32.13.3.rel1.macos64_1.0.0.202411102158/tools/bin/../lib/gcc/arm-none-eabi/13.3.1/thumb/v7e-m+fp/hard/crtn.o
                0x20040000                        _estack = (ORIGIN (RAM) + LENGTH (RAM))
                0x00000200                        _Min_Heap_Size = 0x200
                0x00000400                        _Min_Stack_Size = 0x400

.isr_vector     0x08000000      0x1e0
                0x08000000                        . = ALIGN (0x4)
 *(.isr_vector)
 .isr_vector    0x08000000      0x1e0 ./Core/Startup/startup_stm32f730z8tx.o
                0x08000000                g_pfnVectors
                0x080001e0                        . = ALIGN (0x4)

.text           0x080001e0     0x8c14
                0x080001e0                        . = ALIGN (0x4)
 *(.text)
 .text          0x080001e0       0x40 /Applications/STM32CubeIDE.app/Contents/Eclipse/plugins/com.st.stm32cube.ide.mcu.externaltools.gnu-tools-for-stm32.13.3.rel1.macos64_1.0.0.202411102158/tools/bin/../lib/gcc/arm-none-eabi/13.3.1/thumb/v7e-m+fp/hard/crtbegin.o
 .text          0x08000220       0x14 /Applications/STM32CubeIDE.app/Contents/Eclipse/plugins/com.st.stm32cube.ide.mcu.externaltools.gnu-tools-for-stm32.13.3.rel1.macos64_1.0.0.202411102158/tools/bin/../lib/gcc/arm-none-eabi/13.3.1/../../../../arm-none-eabi/lib/thumb/v7e-m+fp/hard/libc_nano.a(libc_a-strcmp.o)
                0x08000220                strcmp
 .text          0x08000234       0x10 /Applications/STM32CubeIDE.app/Contents/Eclipse/plugins/com.st.stm32cube.ide.mcu.externaltools.gnu-tools-for-stm32.13.3.rel1.macos64_1.0.0.202411102158/tools/bin/../lib/gcc/arm-none-eabi/13.3.1/../../../../arm-none-eabi/lib/thumb/v7e-m+fp/hard/libc_nano.a(libc_a-strlen.o)
                0x08000234                strlen
 *fill*         0x08000244        0xc 
 .text          0x08000250       0xa0 /Applications/STM32CubeIDE.app/Contents/Eclipse/plugins/com.st.stm32cube.ide.mcu.externaltools.gnu-tools-for-stm32.13.3.rel1.macos64_1.0.0.202411102158/tools/bin/../lib/gcc/arm-none-eabi/13.3.1/../../../../arm-none-eabi/lib/thumb/v7e-m+fp/hard/libc_nano.a(libc_a-memchr.o)
                0x08000250                memchr
 .text          0x080002f0       0x30 /Applications/STM32CubeIDE.app/Contents/Eclipse/plugins/com.st.stm32cube.ide.mcu.externaltools.gnu-tools-for-stm32.13.3.rel1.macos64_1.0.0.202411102158/tools/bin/../lib/gcc/arm-none-eabi/13.3.1/thumb/v7e-m+fp/hard/libgcc.a(_aeabi_uldivmod.o)
                0x080002f0                __aeabi_uldivmod
 .text          0x08000320      0x2f8 /Applications/STM32CubeIDE.app/Contents/Eclipse/plugins/com.st.stm32cube.ide.mcu.externaltools.gnu-tools-for-stm32.13.3.rel1.macos64_1.0.0.202411102158/tools/bin/../lib/gcc/arm-none-eabi/13.3.1/thumb/v7e-m+fp/hard/libgcc.a(_udivmoddi4.o)
                0x08000320                __udivmoddi4
 .text          0x08000618        0x4 /Applications/STM32CubeIDE.app/Contents/Eclipse/plugins/com.st.stm32cube.ide.mcu.externaltools.gnu-tools-for-stm32.13.3.rel1.macos64_1.0.0.202411102158/tools/bin/../lib/gcc/arm-none-eabi/13.3.1/thumb/v7e-m+fp/hard/libgcc.a(_dvmd_tls.o)
                0x08000618                __aeabi_ldiv0
                0x08000618                __aeabi_idiv0
 *(.text*)
 .text.stop_all_timing
                0x0800061c       0x38 ./Core/Src/acq_control.o
 .text.ACQ_GetChannelMask
                0x08000654       0x14 ./Core/Src/acq_control.o
                0x08000654                ACQ_GetChannelMask
 .text.ACQ_GetActiveChannelCount
                0x08000668       0x20 ./Core/Src/acq_control.o
                0x08000668                ACQ_GetActiveChannelCount
 .text.ACQ_GetFrameBytes
                0x08000688        0xe ./Core/Src/acq_control.o
                0x08000688                ACQ_GetFrameBytes
 *fill*         0x08000696        0x2 
 .text.ACQ_SetChannelMask
                0x08000698       0x54 ./Core/Src/acq_control.o
                0x08000698                ACQ_SetChannelMask
 .text.ACQ_Init
                0x080006ec       0x94 ./Core/Src/acq_control.o
                0x080006ec                ACQ_Init
 .text.ACQ_Arm  0x08000780       0x58 ./Core/Src/acq_control.o
                0x08000780                ACQ_Arm
 .text.ACQ_StartStream
                0x080007d8       0x68 ./Core/Src/acq_control.o
                0x080007d8                ACQ_StartStream
 .text.ACQ_ArmForTrigger
                0x08000840       0xb8 ./Core/Src/acq_control.o
                0x08000840                ACQ_ArmForTrigger
 .text.ACQ_OnTriggerEdge
                0x080008f8       0x50 ./Core/Src/acq_control.o
                0x080008f8                ACQ_OnTriggerEdge
 .text.ACQ_StopStream
                0x08000948       0x24 ./Core/Src/acq_control.o
                0x08000948                ACQ_StopStream
 .text.ACQ_SoftReset
                0x0800096c       0x68 ./Core/Src/acq_control.o
                0x0800096c                ACQ_SoftReset
 .text.ACQ_Snapshot_Arm
                0x080009d4       0x9c ./Core/Src/acq_control.o
                0x080009d4                ACQ_Snapshot_Arm
 .text.ACQ_Snapshot_Cancel
                0x08000a70       0x2c ./Core/Src/acq_control.o
                0x08000a70                ACQ_Snapshot_Cancel
 .text.ACQ_Snapshot_Read_adc
                0x08000a9c       0x30 ./Core/Src/acq_control.o
                0x08000a9c                ACQ_Snapshot_Read_adc
 .text.ACQ_OnBusyFallingISR
                0x08000acc      0x1c0 ./Core/Src/acq_control.o
                0x08000acc                ACQ_OnBusyFallingISR
 .text.ACQ_IsStreaming
                0x08000c8c        0xc ./Core/Src/acq_control.o
                0x08000c8c                ACQ_IsStreaming
 .text.ACQ_StreamFramesRemaining
                0x08000c98       0x1c ./Core/Src/acq_control.o
                0x08000c98                ACQ_StreamFramesRemaining
 .text.ACQ_StreamWriteAddress
                0x08000cb4        0xc ./Core/Src/acq_control.o
                0x08000cb4                ACQ_StreamWriteAddress
 .text.CS_LOW   0x08000cc0       0x10 ./Core/Src/ad7606.o
                0x08000cc0                CS_LOW
 .text.CS_HIGH  0x08000cd0       0x10 ./Core/Src/ad7606.o
                0x08000cd0                CS_HIGH
 .text.AD7606_Reset
                0x08000ce0       0x28 ./Core/Src/ad7606.o
                0x08000ce0                AD7606_Reset
 .text.SPI5_Ensure_Mode0_16bit_FullDuplex_SwNSS_Presc8
                0x08000d08       0x48 ./Core/Src/ad7606.o
                0x08000d08                SPI5_Ensure_Mode0_16bit_FullDuplex_SwNSS_Presc8
 .text.AD7606_SetOversampling
                0x08000d50       0x44 ./Core/Src/ad7606.o
                0x08000d50                AD7606_SetOversampling
 .text.AD7606_Init
                0x08000d94       0x28 ./Core/Src/ad7606.o
                0x08000d94                AD7606_Init
 .text.SPI5_ClearRxFifo
                0x08000dbc       0x20 ./Core/Src/ad7606.o
                0x08000dbc                SPI5_ClearRxFifo
 .text.AD7606_Read4Words_Tight
                0x08000ddc       0x8c ./Core/Src/ad7606.o
                0x08000ddc                AD7606_Read4Words_Tight
 .text.CALDUMP_Start
                0x08000e68       0x34 ./Core/Src/calib.o
                0x08000e68                CALDUMP_Start
 .text.CALDUMP_IsActive
                0x08000e9c        0xc ./Core/Src/calib.o
                0x08000e9c                CALDUMP_IsActive
 .text.CALDUMP_Task
                0x08000ea8       0x90 ./Core/Src/calib.o
                0x08000ea8                CALDUMP_Task
 .text.TCA_WriteReg
                0x08000f38       0x30 ./Core/Src/i2c.o
 .text.TCA_ReadReg
                0x08000f68       0x28 ./Core/Src/i2c.o
 .text.sht_crc8.constprop.0
                0x08000f90       0x42 ./Core/Src/i2c.o
 .text.I2C_Init
                0x08000fd2       0x4e ./Core/Src/i2c.o
                0x08000fd2                I2C_Init
 .text.TCA_WriteOutputs
                0x08001020       0x30 ./Core/Src/i2c.o
                0x08001020                TCA_WriteOutputs
 .text.TCA_ReadOutputs
                0x08001050       0x62 ./Core/Src/i2c.o
                0x08001050                TCA_ReadOutputs
 .text.ApplyGainWrite
                0x080010b2       0xc0 ./Core/Src/i2c.o
 *fill*         0x08001172        0x2 
 .text.SHT_Read
                0x08001174       0xf4 ./Core/Src/i2c.o
                0x08001174                SHT_Read
 .text.I2C_RequestRefresh
                0x08001268        0xc ./Core/Src/i2c.o
                0x08001268                I2C_RequestRefresh
 .text.I2C_Refresh
                0x08001274       0xa4 ./Core/Src/i2c.o
                0x08001274                I2C_Refresh
 .text._setCCR01.constprop.0
                0x08001318       0x4c ./Core/Src/leds.o
 .text.LED_Init
                0x08001364       0x38 ./Core/Src/leds.o
                0x08001364                LED_Init
 .text.LED2_On  0x0800139c       0x10 ./Core/Src/leds.o
                0x0800139c                LED2_On
 .text.LED2_Off
                0x080013ac       0x10 ./Core/Src/leds.o
                0x080013ac                LED2_Off
 .text.LED2_SetDuty01
                0x080013bc        0xc ./Core/Src/leds.o
                0x080013bc                LED2_SetDuty01
 .text.LED3_On  0x080013c8       0x10 ./Core/Src/leds.o
                0x080013c8                LED3_On
 .text.LED3_Off
                0x080013d8       0x10 ./Core/Src/leds.o
                0x080013d8                LED3_Off
 .text.LED3_SetDuty01
                0x080013e8        0xc ./Core/Src/leds.o
                0x080013e8                LED3_SetDuty01
 .text.LED_BreatheBoth
                0x080013f4       0x90 ./Core/Src/leds.o
                0x080013f4                LED_BreatheBoth
 .text.LED2_BlinkStop
                0x08001484        0x4 ./Core/Src/leds.o
                0x08001484                LED2_BlinkStop
 .text.JumpToBootloader
                0x08001488       0xe0 ./Core/Src/main.o
                0x08001488                JumpToBootloader
 .text.SystemClock_Config
                0x08001568       0xa8 ./Core/Src/main.o
                0x08001568                SystemClock_Config
 .text.MPU_Config
                0x08001610       0x40 ./Core/Src/main.o
                0x08001610                Custom_MPU_Config
 .text.startup.main
                0x08001650      0x62c ./Core/Src/main.o
                0x08001650                main
 .text.Error_Handler
                0x08001c7c        0x4 ./Core/Src/main.o
                0x08001c7c                Error_Handler
 .text.SM_SetState
                0x08001c80        0xc ./Core/Src/state_machine.o
                0x08001c80                SM_SetState
 .text.SM_GetState
                0x08001c8c        0xc ./Core/Src/state_machine.o
                0x08001c8c                SM_GetState
 .text.HAL_MspInit
                0x08001c98       0x30 ./Core/Src/stm32f7xx_hal_msp.o
                0x08001c98                HAL_MspInit
 .text.HAL_ADC_MspInit
                0x08001cc8       0x5c ./Core/Src/stm32f7xx_hal_msp.o
                0x08001cc8                HAL_ADC_MspInit
 .text.HAL_DAC_MspInit
                0x08001d24       0x5c ./Core/Src/stm32f7xx_hal_msp.o
                0x08001d24                HAL_DAC_MspInit
 .text.HAL_I2C_MspInit
                0x08001d80       0xbc ./Core/Src/stm32f7xx_hal_msp.o
                0x08001d80                HAL_I2C_MspInit
 .text.HAL_SPI_MspInit
                0x08001e3c       0x78 ./Core/Src/stm32f7xx_hal_msp.o
                0x08001e3c                HAL_SPI_MspInit
 .text.HAL_TIM_Base_MspInit
                0x08001eb4       0xb4 ./Core/Src/stm32f7xx_hal_msp.o
                0x08001eb4                HAL_TIM_Base_MspInit
 .text.HAL_TIM_MspPostInit
                0x08001f68       0xa4 ./Core/Src/stm32f7xx_hal_msp.o
                0x08001f68                HAL_TIM_MspPostInit
 .text.HAL_SDRAM_MspInit
                0x0800200c       0xb8 ./Core/Src/stm32f7xx_hal_msp.o
                0x0800200c                HAL_SDRAM_MspInit
 .text.NMI_Handler
                0x080020c4        0x2 ./Core/Src/stm32f7xx_it.o
                0x080020c4                NMI_Handler
 .text.HardFault_Handler
                0x080020c6        0x2 ./Core/Src/stm32f7xx_it.o
                0x080020c6                HardFault_Handler
 .text.MemManage_Handler
                0x080020c8        0x2 ./Core/Src/stm32f7xx_it.o
                0x080020c8                MemManage_Handler
 .text.BusFault_Handler
                0x080020ca        0x2 ./Core/Src/stm32f7xx_it.o
                0x080020ca                BusFault_Handler
 .text.UsageFault_Handler
                0x080020cc        0x2 ./Core/Src/stm32f7xx_it.o
                0x080020cc                UsageFault_Handler
 .text.SVC_Handler
                0x080020ce        0x2 ./Core/Src/stm32f7xx_it.o
                0x080020ce                SVC_Handler
 .text.DebugMon_Handler
                0x080020d0        0x2 ./Core/Src/stm32f7xx_it.o
                0x080020d0                DebugMon_Handler
 .text.PendSV_Handler
                0x080020d2        0x2 ./Core/Src/stm32f7xx_it.o
                0x080020d2                PendSV_Handler
 .text.SysTick_Handler
                0x080020d4        0x4 ./Core/Src/stm32f7xx_it.o
                0x080020d4                SysTick_Handler
 .text.TIM3_IRQHandler
                0x080020d8       0x48 ./Core/Src/stm32f7xx_it.o
                0x080020d8                TIM3_IRQHandler
 .text.OTG_HS_IRQHandler
                0x08002120        0xc ./Core/Src/stm32f7xx_it.o
                0x08002120                OTG_HS_IRQHandler
 .text.SPI5_IRQHandler
                0x0800212c        0xc ./Core/Src/stm32f7xx_it.o
                0x0800212c                SPI5_IRQHandler
 .text._sbrk    0x08002138       0x40 ./Core/Src/sysmem.o
                0x08002138                _sbrk
 .text.SystemInit
                0x08002178       0x14 ./Core/Src/system_stm32f7xx.o
                0x08002178                SystemInit
 .text.TIM3_GetFreqHz
                0x0800218c       0x3c ./Core/Src/timer_control.o
                0x0800218c                TIM3_GetFreqHz
 .text.TIM3_SetFreqHz
                0x080021c8       0xd0 ./Core/Src/timer_control.o
                0x080021c8                TIM3_SetFreqHz
 .text.TIM3_StartConvstPWM
                0x08002298        0xc ./Core/Src/timer_control.o
                0x08002298                TIM3_StartConvstPWM
 .text.TIM3_StopConvstPWM
                0x080022a4        0xc ./Core/Src/timer_control.o
                0x080022a4                TIM3_StopConvstPWM
 .text.USB_TransferTask
                0x080022b0       0x80 ./Core/Src/usb_xfer.o
                0x080022b0                USB_TransferTask
 .text.Reset_Handler
                0x08002330       0x50 ./Core/Startup/startup_stm32f730z8tx.o
                0x08002330                Reset_Handler
 .text.Default_Handler
                0x08002380        0x2 ./Core/Startup/startup_stm32f730z8tx.o
                0x08002380                DMA1_Stream3_IRQHandler
                0x08002380                EXTI2_IRQHandler
                0x08002380                TIM8_CC_IRQHandler
                0x08002380                UART8_IRQHandler
                0x08002380                SPI4_IRQHandler
                0x08002380                TIM1_CC_IRQHandler
                0x08002380                DMA2_Stream5_IRQHandler
                0x08002380                DMA1_Stream5_IRQHandler
                0x08002380                PVD_IRQHandler
                0x08002380                TAMP_STAMP_IRQHandler
                0x08002380                EXTI3_IRQHandler
                0x08002380                TIM8_TRG_COM_TIM14_IRQHandler
                0x08002380                TIM1_UP_TIM10_IRQHandler
                0x08002380                TIM8_UP_TIM13_IRQHandler
                0x08002380                I2C3_ER_IRQHandler
                0x08002380                EXTI0_IRQHandler
                0x08002380                I2C2_EV_IRQHandler
                0x08002380                DMA1_Stream2_IRQHandler
                0x08002380                CAN1_RX0_IRQHandler
                0x08002380                FPU_IRQHandler
                0x08002380                OTG_HS_WKUP_IRQHandler
                0x08002380                DMA2_Stream2_IRQHandler
                0x08002380                SPI1_IRQHandler
                0x08002380                TIM6_DAC_IRQHandler
                0x08002380                TIM1_BRK_TIM9_IRQHandler
                0x08002380                DMA2_Stream3_IRQHandler
                0x08002380                SAI2_IRQHandler
                0x08002380                USART6_IRQHandler
                0x08002380                USART3_IRQHandler
                0x08002380                CAN1_RX1_IRQHandler
                0x08002380                UART5_IRQHandler
                0x08002380                DMA2_Stream0_IRQHandler
                0x08002380                TIM4_IRQHandler
                0x08002380                QUADSPI_IRQHandler
                0x08002380                I2C1_EV_IRQHandler
                0x08002380                DMA1_Stream6_IRQHandler
                0x08002380                DMA1_Stream1_IRQHandler
                0x08002380                UART4_IRQHandler
                0x08002380                RCC_IRQHandler
                0x08002380                TIM8_BRK_TIM12_IRQHandler
                0x08002380                Default_Handler
                0x08002380                EXTI15_10_IRQHandler
                0x08002380                ADC_IRQHandler
                0x08002380                DMA1_Stream7_IRQHandler
                0x08002380                TIM7_IRQHandler
                0x08002380                SDMMC1_IRQHandler
                0x08002380                TIM5_IRQHandler
                0x08002380                DMA2_Stream7_IRQHandler
                0x08002380                I2C3_EV_IRQHandler
                0x08002380                EXTI9_5_IRQHandler
                0x08002380                RTC_WKUP_IRQHandler
                0x08002380                SPI2_IRQHandler
                0x08002380                OTG_HS_EP1_IN_IRQHandler
                0x08002380                DMA1_Stream0_IRQHandler
                0x08002380                CAN1_TX_IRQHandler
                0x08002380                EXTI4_IRQHandler
                0x08002380                RNG_IRQHandler
                0x08002380                OTG_HS_EP1_OUT_IRQHandler
                0x08002380                WWDG_IRQHandler
                0x08002380                TIM2_IRQHandler
                0x08002380                OTG_FS_WKUP_IRQHandler
                0x08002380                TIM1_TRG_COM_TIM11_IRQHandler
                0x08002380                EXTI1_IRQHandler
                0x08002380                SDMMC2_IRQHandler
                0x08002380                AES_IRQHandler
                0x08002380                UART7_IRQHandler
                0x08002380                USART2_IRQHandler
                0x08002380                I2C2_ER_IRQHandler
                0x08002380                DMA2_Stream1_IRQHandler
                0x08002380                CAN1_SCE_IRQHandler
                0x08002380                FLASH_IRQHandler
                0x08002380                DMA2_Stream4_IRQHandler
                0x08002380                USART1_IRQHandler
                0x08002380                OTG_FS_IRQHandler
                0x08002380                SPI3_IRQHandler
                0x08002380                DMA1_Stream4_IRQHandler
                0x08002380                I2C1_ER_IRQHandler
                0x08002380                FMC_IRQHandler
                0x08002380                LPTIM1_IRQHandler
                0x08002380                DMA2_Stream6_IRQHandler
                0x08002380                SAI1_IRQHandler
                0x08002380                RTC_Alarm_IRQHandler
 *fill*         0x08002382        0x2 
 .text.HAL_InitTick
                0x08002384       0x48 ./Drivers/STM32F7xx_HAL_Driver/Src/stm32f7xx_hal.o
                0x08002384                HAL_InitTick
 .text.HAL_Init
                0x080023cc       0x16 ./Drivers/STM32F7xx_HAL_Driver/Src/stm32f7xx_hal.o
                0x080023cc                HAL_Init
 *fill*         0x080023e2        0x2 
 .text.HAL_IncTick
                0x080023e4       0x18 ./Drivers/STM32F7xx_HAL_Driver/Src/stm32f7xx_hal.o
                0x080023e4                HAL_IncTick
 .text.HAL_GetTick
                0x080023fc        0xc ./Drivers/STM32F7xx_HAL_Driver/Src/stm32f7xx_hal.o
                0x080023fc                HAL_GetTick
 .text.HAL_Delay
                0x08002408       0x24 ./Drivers/STM32F7xx_HAL_Driver/Src/stm32f7xx_hal.o
                0x08002408                HAL_Delay
 .text.HAL_ADC_Init
                0x0800242c      0x14c ./Drivers/STM32F7xx_HAL_Driver/Src/stm32f7xx_hal_adc.o
                0x0800242c                HAL_ADC_Init
 .text.HAL_ADC_Start
                0x08002578       0xf0 ./Drivers/STM32F7xx_HAL_Driver/Src/stm32f7xx_hal_adc.o
                0x08002578                HAL_ADC_Start
 .text.HAL_ADC_Stop
                0x08002668       0x36 ./Drivers/STM32F7xx_HAL_Driver/Src/stm32f7xx_hal_adc.o
                0x08002668                HAL_ADC_Stop
 .text.HAL_ADC_PollForConversion
                0x0800269e       0xa6 ./Drivers/STM32F7xx_HAL_Driver/Src/stm32f7xx_hal_adc.o
                0x0800269e                HAL_ADC_PollForConversion
 .text.HAL_ADC_GetValue
                0x08002744        0x6 ./Drivers/STM32F7xx_HAL_Driver/Src/stm32f7xx_hal_adc.o
                0x08002744                HAL_ADC_GetValue
 *fill*         0x0800274a        0x2 
 .text.HAL_ADC_ConfigChannel
                0x0800274c      0x15c ./Drivers/STM32F7xx_HAL_Driver/Src/stm32f7xx_hal_adc.o
                0x0800274c                HAL_ADC_ConfigChannel
 .text.HAL_NVIC_SetPriorityGrouping
                0x080028a8       0x24 ./Drivers/STM32F7xx_HAL_Driver/Src/stm32f7xx_hal_cortex.o
                0x080028a8                HAL_NVIC_SetPriorityGrouping
 .text.HAL_NVIC_SetPriority
                0x080028cc       0x64 ./Drivers/STM32F7xx_HAL_Driver/Src/stm32f7xx_hal_cortex.o
                0x080028cc                HAL_NVIC_SetPriority
 .text.HAL_NVIC_EnableIRQ
                0x08002930       0x1c ./Drivers/STM32F7xx_HAL_Driver/Src/stm32f7xx_hal_cortex.o
                0x08002930                HAL_NVIC_EnableIRQ
 .text.HAL_SYSTICK_Config
                0x0800294c       0x28 ./Drivers/STM32F7xx_HAL_Driver/Src/stm32f7xx_hal_cortex.o
                0x0800294c                HAL_SYSTICK_Config
 .text.HAL_MPU_Disable
                0x08002974       0x1c ./Drivers/STM32F7xx_HAL_Driver/Src/stm32f7xx_hal_cortex.o
                0x08002974                HAL_MPU_Disable
 .text.HAL_MPU_Enable
                0x08002990       0x20 ./Drivers/STM32F7xx_HAL_Driver/Src/stm32f7xx_hal_cortex.o
                0x08002990                HAL_MPU_Enable
 .text.HAL_MPU_ConfigRegion
                0x080029b0       0x58 ./Drivers/STM32F7xx_HAL_Driver/Src/stm32f7xx_hal_cortex.o
                0x080029b0                HAL_MPU_ConfigRegion
 .text.HAL_DAC_Init
                0x08002a08       0x26 ./Drivers/STM32F7xx_HAL_Driver/Src/stm32f7xx_hal_dac.o
                0x08002a08                HAL_DAC_Init
 .text.HAL_DAC_ConfigChannel
                0x08002a2e       0x4e ./Drivers/STM32F7xx_HAL_Driver/Src/stm32f7xx_hal_dac.o
                0x08002a2e                HAL_DAC_ConfigChannel
 .text.HAL_DMA_Abort_IT
                0x08002a7c       0x24 ./Drivers/STM32F7xx_HAL_Driver/Src/stm32f7xx_hal_dma.o
                0x08002a7c                HAL_DMA_Abort_IT
 .text.HAL_GPIO_Init
                0x08002aa0      0x1b0 ./Drivers/STM32F7xx_HAL_Driver/Src/stm32f7xx_hal_gpio.o
                0x08002aa0                HAL_GPIO_Init
 .text.HAL_GPIO_ReadPin
                0x08002c50        0xc ./Drivers/STM32F7xx_HAL_Driver/Src/stm32f7xx_hal_gpio.o
                0x08002c50                HAL_GPIO_ReadPin
 .text.HAL_GPIO_WritePin
                0x08002c5c        0xa ./Drivers/STM32F7xx_HAL_Driver/Src/stm32f7xx_hal_gpio.o
                0x08002c5c                HAL_GPIO_WritePin
 .text.I2C_Flush_TXDR
                0x08002c66       0x1c ./Drivers/STM32F7xx_HAL_Driver/Src/stm32f7xx_hal_i2c.o
 *fill*         0x08002c82        0x2 
 .text.I2C_TransferConfig
                0x08002c84       0x2c ./Drivers/STM32F7xx_HAL_Driver/Src/stm32f7xx_hal_i2c.o
 .text.I2C_IsErrorOccurred
                0x08002cb0      0x100 ./Drivers/STM32F7xx_HAL_Driver/Src/stm32f7xx_hal_i2c.o
 .text.I2C_WaitOnTXISFlagUntilTimeout
                0x08002db0       0x56 ./Drivers/STM32F7xx_HAL_Driver/Src/stm32f7xx_hal_i2c.o
 .text.I2C_WaitOnFlagUntilTimeout
                0x08002e06       0x76 ./Drivers/STM32F7xx_HAL_Driver/Src/stm32f7xx_hal_i2c.o
 .text.I2C_WaitOnSTOPFlagUntilTimeout
                0x08002e7c       0x52 ./Drivers/STM32F7xx_HAL_Driver/Src/stm32f7xx_hal_i2c.o
 *fill*         0x08002ece        0x2 
 .text.I2C_WaitOnRXNEFlagUntilTimeout
                0x08002ed0       0xa4 ./Drivers/STM32F7xx_HAL_Driver/Src/stm32f7xx_hal_i2c.o
 .text.HAL_I2C_Init
                0x08002f74       0xaa ./Drivers/STM32F7xx_HAL_Driver/Src/stm32f7xx_hal_i2c.o
                0x08002f74                HAL_I2C_Init
 *fill*         0x0800301e        0x2 
 .text.HAL_I2C_Master_Transmit
                0x08003020      0x15c ./Drivers/STM32F7xx_HAL_Driver/Src/stm32f7xx_hal_i2c.o
                0x08003020                HAL_I2C_Master_Transmit
 .text.HAL_I2C_Master_Receive
                0x0800317c      0x134 ./Drivers/STM32F7xx_HAL_Driver/Src/stm32f7xx_hal_i2c.o
                0x0800317c                HAL_I2C_Master_Receive
 .text.HAL_I2C_Mem_Write
                0x080032b0      0x1b4 ./Drivers/STM32F7xx_HAL_Driver/Src/stm32f7xx_hal_i2c.o
                0x080032b0                HAL_I2C_Mem_Write
 .text.HAL_I2C_Mem_Read
                0x08003464      0x1bc ./Drivers/STM32F7xx_HAL_Driver/Src/stm32f7xx_hal_i2c.o
                0x08003464                HAL_I2C_Mem_Read
 .text.HAL_I2CEx_ConfigAnalogFilter
                0x08003620       0x4c ./Drivers/STM32F7xx_HAL_Driver/Src/stm32f7xx_hal_i2c_ex.o
                0x08003620                HAL_I2CEx_ConfigAnalogFilter
 .text.HAL_I2CEx_ConfigDigitalFilter
                0x0800366c       0x4a ./Drivers/STM32F7xx_HAL_Driver/Src/stm32f7xx_hal_i2c_ex.o
                0x0800366c                HAL_I2CEx_ConfigDigitalFilter
 .text.HAL_PCD_Init
                0x080036b6       0xe8 ./Drivers/STM32F7xx_HAL_Driver/Src/stm32f7xx_hal_pcd.o
                0x080036b6                HAL_PCD_Init
 .text.HAL_PCD_Start
                0x0800379e       0x2a ./Drivers/STM32F7xx_HAL_Driver/Src/stm32f7xx_hal_pcd.o
                0x0800379e                HAL_PCD_Start
 .text.HAL_PCD_SetAddress
                0x080037c8       0x26 ./Drivers/STM32F7xx_HAL_Driver/Src/stm32f7xx_hal_pcd.o
                0x080037c8                HAL_PCD_SetAddress
 .text.HAL_PCD_EP_Open
                0x080037ee       0x72 ./Drivers/STM32F7xx_HAL_Driver/Src/stm32f7xx_hal_pcd.o
                0x080037ee                HAL_PCD_EP_Open
 .text.HAL_PCD_EP_Close
                0x08003860       0x5c ./Drivers/STM32F7xx_HAL_Driver/Src/stm32f7xx_hal_pcd.o
                0x08003860                HAL_PCD_EP_Close
 .text.HAL_PCD_EP_Receive
                0x080038bc       0x3c ./Drivers/STM32F7xx_HAL_Driver/Src/stm32f7xx_hal_pcd.o
                0x080038bc                HAL_PCD_EP_Receive
 .text.HAL_PCD_EP_GetRxCount
                0x080038f8       0x10 ./Drivers/STM32F7xx_HAL_Driver/Src/stm32f7xx_hal_pcd.o
                0x080038f8                HAL_PCD_EP_GetRxCount
 .text.HAL_PCD_EP_Transmit
                0x08003908       0x34 ./Drivers/STM32F7xx_HAL_Driver/Src/stm32f7xx_hal_pcd.o
                0x08003908                HAL_PCD_EP_Transmit
 .text.HAL_PCD_EP_SetStall
                0x0800393c       0x6e ./Drivers/STM32F7xx_HAL_Driver/Src/stm32f7xx_hal_pcd.o
                0x0800393c                HAL_PCD_EP_SetStall
 .text.HAL_PCD_EP_ClrStall
                0x080039aa       0x6a ./Drivers/STM32F7xx_HAL_Driver/Src/stm32f7xx_hal_pcd.o
                0x080039aa                HAL_PCD_EP_ClrStall
 .text.HAL_PCD_EP_Abort
                0x08003a14       0x20 ./Drivers/STM32F7xx_HAL_Driver/Src/stm32f7xx_hal_pcd.o
                0x08003a14                HAL_PCD_EP_Abort
 .text.HAL_PCD_IRQHandler
                0x08003a34      0x6d0 ./Drivers/STM32F7xx_HAL_Driver/Src/stm32f7xx_hal_pcd.o
                0x08003a34                HAL_PCD_IRQHandler
 .text.HAL_PCD_EP_Flush
                0x08004104       0x32 ./Drivers/STM32F7xx_HAL_Driver/Src/stm32f7xx_hal_pcd.o
                0x08004104                HAL_PCD_EP_Flush
 .text.HAL_PCDEx_SetTxFiFo
                0x08004136       0x3e ./Drivers/STM32F7xx_HAL_Driver/Src/stm32f7xx_hal_pcd_ex.o
                0x08004136                HAL_PCDEx_SetTxFiFo
 .text.HAL_PCDEx_SetRxFiFo
                0x08004174        0x8 ./Drivers/STM32F7xx_HAL_Driver/Src/stm32f7xx_hal_pcd_ex.o
                0x08004174                HAL_PCDEx_SetRxFiFo
 .text.HAL_PCDEx_ActivateLPM
                0x0800417c       0x26 ./Drivers/STM32F7xx_HAL_Driver/Src/stm32f7xx_hal_pcd_ex.o
                0x0800417c                HAL_PCDEx_ActivateLPM
 *fill*         0x080041a2        0x2 
 .text.HAL_PWREx_EnableOverDrive
                0x080041a4       0x70 ./Drivers/STM32F7xx_HAL_Driver/Src/stm32f7xx_hal_pwr_ex.o
                0x080041a4                HAL_PWREx_EnableOverDrive
 .text.HAL_RCC_DeInit
                0x08004214      0x134 ./Drivers/STM32F7xx_HAL_Driver/Src/stm32f7xx_hal_rcc.o
                0x08004214                HAL_RCC_DeInit
 .text.HAL_RCC_OscConfig
                0x08004348      0x374 ./Drivers/STM32F7xx_HAL_Driver/Src/stm32f7xx_hal_rcc.o
                0x08004348                HAL_RCC_OscConfig
 .text.HAL_RCC_GetSysClockFreq
                0x080046bc       0x5c ./Drivers/STM32F7xx_HAL_Driver/Src/stm32f7xx_hal_rcc.o
                0x080046bc                HAL_RCC_GetSysClockFreq
 .text.HAL_RCC_ClockConfig
                0x08004718      0x13c ./Drivers/STM32F7xx_HAL_Driver/Src/stm32f7xx_hal_rcc.o
                0x08004718                HAL_RCC_ClockConfig
 .text.HAL_RCC_GetHCLKFreq
                0x08004854        0xc ./Drivers/STM32F7xx_HAL_Driver/Src/stm32f7xx_hal_rcc.o
                0x08004854                HAL_RCC_GetHCLKFreq
 .text.HAL_RCC_GetPCLK1Freq
                0x08004860       0x20 ./Drivers/STM32F7xx_HAL_Driver/Src/stm32f7xx_hal_rcc.o
                0x08004860                HAL_RCC_GetPCLK1Freq
 .text.HAL_RCCEx_PeriphCLKConfig
                0x08004880      0x45c ./Drivers/STM32F7xx_HAL_Driver/Src/stm32f7xx_hal_rcc_ex.o
                0x08004880                HAL_RCCEx_PeriphCLKConfig
 .text.HAL_SDRAM_Init
                0x08004cdc       0x40 ./Drivers/STM32F7xx_HAL_Driver/Src/stm32f7xx_hal_sdram.o
                0x08004cdc                HAL_SDRAM_Init
 .text.HAL_SDRAM_SendCommand
                0x08004d1c       0x3e ./Drivers/STM32F7xx_HAL_Driver/Src/stm32f7xx_hal_sdram.o
                0x08004d1c                HAL_SDRAM_SendCommand
 .text.HAL_SDRAM_ProgramRefreshRate
                0x08004d5a       0x30 ./Drivers/STM32F7xx_HAL_Driver/Src/stm32f7xx_hal_sdram.o
                0x08004d5a                HAL_SDRAM_ProgramRefreshRate
 .text.HAL_SPI_Init
                0x08004d8a       0xdc ./Drivers/STM32F7xx_HAL_Driver/Src/stm32f7xx_hal_spi.o
                0x08004d8a                HAL_SPI_Init
 .text.HAL_SPI_ErrorCallback
                0x08004e66        0x2 ./Drivers/STM32F7xx_HAL_Driver/Src/stm32f7xx_hal_spi.o
                0x08004e66                HAL_SPI_ErrorCallback
 .text.HAL_SPI_IRQHandler
                0x08004e68      0x108 ./Drivers/STM32F7xx_HAL_Driver/Src/stm32f7xx_hal_spi.o
                0x08004e68                HAL_SPI_IRQHandler
 .text.SPI_DMAAbortOnError
                0x08004f70       0x12 ./Drivers/STM32F7xx_HAL_Driver/Src/stm32f7xx_hal_spi.o
 *fill*         0x08004f82        0x2 
 .text.TIM_OC1_SetConfig
                0x08004f84       0x5c ./Drivers/STM32F7xx_HAL_Driver/Src/stm32f7xx_hal_tim.o
 .text.TIM_OC3_SetConfig
                0x08004fe0       0x60 ./Drivers/STM32F7xx_HAL_Driver/Src/stm32f7xx_hal_tim.o
 .text.TIM_OC4_SetConfig
                0x08005040       0x50 ./Drivers/STM32F7xx_HAL_Driver/Src/stm32f7xx_hal_tim.o
 .text.TIM_OC5_SetConfig
                0x08005090       0x50 ./Drivers/STM32F7xx_HAL_Driver/Src/stm32f7xx_hal_tim.o
 .text.TIM_OC6_SetConfig
                0x080050e0       0x50 ./Drivers/STM32F7xx_HAL_Driver/Src/stm32f7xx_hal_tim.o
 .text.HAL_TIM_PWM_MspInit
                0x08005130        0x2 ./Drivers/STM32F7xx_HAL_Driver/Src/stm32f7xx_hal_tim.o
                0x08005130                HAL_TIM_PWM_MspInit
 .text.HAL_TIM_IC_MspInit
                0x08005132        0x2 ./Drivers/STM32F7xx_HAL_Driver/Src/stm32f7xx_hal_tim.o
                0x08005132                HAL_TIM_IC_MspInit
 .text.TIM_Base_SetConfig
                0x08005134       0xa8 ./Drivers/STM32F7xx_HAL_Driver/Src/stm32f7xx_hal_tim.o
                0x08005134                TIM_Base_SetConfig
 .text.HAL_TIM_Base_Init
                0x080051dc       0x60 ./Drivers/STM32F7xx_HAL_Driver/Src/stm32f7xx_hal_tim.o
                0x080051dc                HAL_TIM_Base_Init
 .text.HAL_TIM_PWM_Init
                0x0800523c       0x60 ./Drivers/STM32F7xx_HAL_Driver/Src/stm32f7xx_hal_tim.o
                0x0800523c                HAL_TIM_PWM_Init
 .text.HAL_TIM_IC_Init
                0x0800529c       0x60 ./Drivers/STM32F7xx_HAL_Driver/Src/stm32f7xx_hal_tim.o
                0x0800529c                HAL_TIM_IC_Init
 .text.TIM_OC2_SetConfig
                0x080052fc       0x64 ./Drivers/STM32F7xx_HAL_Driver/Src/stm32f7xx_hal_tim.o
                0x080052fc                TIM_OC2_SetConfig
 .text.HAL_TIM_PWM_ConfigChannel
                0x08005360       0xf8 ./Drivers/STM32F7xx_HAL_Driver/Src/stm32f7xx_hal_tim.o
                0x08005360                HAL_TIM_PWM_ConfigChannel
 .text.TIM_TI1_SetConfig
                0x08005458       0x70 ./Drivers/STM32F7xx_HAL_Driver/Src/stm32f7xx_hal_tim.o
                0x08005458                TIM_TI1_SetConfig
 .text.HAL_TIM_IC_ConfigChannel
                0x080054c8      0x118 ./Drivers/STM32F7xx_HAL_Driver/Src/stm32f7xx_hal_tim.o
                0x080054c8                HAL_TIM_IC_ConfigChannel
 .text.TIM_ETR_SetConfig
                0x080055e0       0x14 ./Drivers/STM32F7xx_HAL_Driver/Src/stm32f7xx_hal_tim.o
                0x080055e0                TIM_ETR_SetConfig
 .text.HAL_TIM_ConfigClockSource
                0x080055f4      0x130 ./Drivers/STM32F7xx_HAL_Driver/Src/stm32f7xx_hal_tim.o
                0x080055f4                HAL_TIM_ConfigClockSource
 .text.TIM_CCxChannelCmd
                0x08005724       0x1c ./Drivers/STM32F7xx_HAL_Driver/Src/stm32f7xx_hal_tim.o
                0x08005724                TIM_CCxChannelCmd
 .text.HAL_TIM_OC_Start
                0x08005740      0x100 ./Drivers/STM32F7xx_HAL_Driver/Src/stm32f7xx_hal_tim.o
                0x08005740                HAL_TIM_OC_Start
 .text.HAL_TIM_PWM_Start
                0x08005840        0x4 ./Drivers/STM32F7xx_HAL_Driver/Src/stm32f7xx_hal_tim.o
                0x08005840                HAL_TIM_PWM_Start
 .text.HAL_TIM_OC_Stop
                0x08005844       0x9c ./Drivers/STM32F7xx_HAL_Driver/Src/stm32f7xx_hal_tim.o
                0x08005844                HAL_TIM_OC_Stop
 .text.HAL_TIM_PWM_Stop
                0x080058e0        0x4 ./Drivers/STM32F7xx_HAL_Driver/Src/stm32f7xx_hal_tim.o
                0x080058e0                HAL_TIM_PWM_Stop
 .text.HAL_TIM_IC_Start_IT
                0x080058e4      0x138 ./Drivers/STM32F7xx_HAL_Driver/Src/stm32f7xx_hal_tim.o
                0x080058e4                HAL_TIM_IC_Start_IT
 .text.HAL_TIM_IC_Stop_IT
                0x08005a1c       0xa0 ./Drivers/STM32F7xx_HAL_Driver/Src/stm32f7xx_hal_tim.o
                0x08005a1c                HAL_TIM_IC_Stop_IT
 .text.HAL_TIMEx_MasterConfigSynchronization
                0x08005abc       0x94 ./Drivers/STM32F7xx_HAL_Driver/Src/stm32f7xx_hal_tim_ex.o
                0x08005abc                HAL_TIMEx_MasterConfigSynchronization
 .text.FMC_SDRAM_Init
                0x08005b50       0x6c ./Drivers/STM32F7xx_HAL_Driver/Src/stm32f7xx_ll_fmc.o
                0x08005b50                FMC_SDRAM_Init
 .text.FMC_SDRAM_Timing_Init
                0x08005bbc       0x6c ./Drivers/STM32F7xx_HAL_Driver/Src/stm32f7xx_ll_fmc.o
                0x08005bbc                FMC_SDRAM_Timing_Init
 .text.FMC_SDRAM_SendCommand
                0x08005c28       0x24 ./Drivers/STM32F7xx_HAL_Driver/Src/stm32f7xx_ll_fmc.o
                0x08005c28                FMC_SDRAM_SendCommand
 .text.FMC_SDRAM_ProgramRefreshRate
                0x08005c4c       0x10 ./Drivers/STM32F7xx_HAL_Driver/Src/stm32f7xx_ll_fmc.o
                0x08005c4c                FMC_SDRAM_ProgramRefreshRate
 .text.USB_CoreReset
                0x08005c5c       0x50 ./Drivers/STM32F7xx_HAL_Driver/Src/stm32f7xx_ll_usb.o
 .text.USB_CoreInit
                0x08005cac      0x100 ./Drivers/STM32F7xx_HAL_Driver/Src/stm32f7xx_ll_usb.o
                0x08005cac                USB_CoreInit
 .text.USB_SetTurnaroundTime
                0x08005dac       0xe0 ./Drivers/STM32F7xx_HAL_Driver/Src/stm32f7xx_ll_usb.o
                0x08005dac                USB_SetTurnaroundTime
 .text.USB_EnableGlobalInt
                0x08005e8c        0xc ./Drivers/STM32F7xx_HAL_Driver/Src/stm32f7xx_ll_usb.o
                0x08005e8c                USB_EnableGlobalInt
 .text.USB_DisableGlobalInt
                0x08005e98        0xc ./Drivers/STM32F7xx_HAL_Driver/Src/stm32f7xx_ll_usb.o
                0x08005e98                USB_DisableGlobalInt
 .text.USB_SetCurrentMode
                0x08005ea4       0x5c ./Drivers/STM32F7xx_HAL_Driver/Src/stm32f7xx_ll_usb.o
                0x08005ea4                USB_SetCurrentMode
 .text.USB_FlushTxFifo
                0x08005f00       0x46 ./Drivers/STM32F7xx_HAL_Driver/Src/stm32f7xx_ll_usb.o
                0x08005f00                USB_FlushTxFifo
 .text.USB_FlushRxFifo
                0x08005f46       0x42 ./Drivers/STM32F7xx_HAL_Driver/Src/stm32f7xx_ll_usb.o
                0x08005f46                USB_FlushRxFifo
 .text.USB_SetDevSpeed
                0x08005f88        0xe ./Drivers/STM32F7xx_HAL_Driver/Src/stm32f7xx_ll_usb.o
                0x08005f88                USB_SetDevSpeed
 *fill*         0x08005f96        0x2 
 .text.USB_DevInit
                0x08005f98      0x174 ./Drivers/STM32F7xx_HAL_Driver/Src/stm32f7xx_ll_usb.o
                0x08005f98                USB_DevInit
 .text.USB_GetDevSpeed
                0x0800610c       0x16 ./Drivers/STM32F7xx_HAL_Driver/Src/stm32f7xx_ll_usb.o
                0x0800610c                USB_GetDevSpeed
 .text.USB_ActivateEndpoint
                0x08006122       0x7e ./Drivers/STM32F7xx_HAL_Driver/Src/stm32f7xx_ll_usb.o
                0x08006122                USB_ActivateEndpoint
 .text.USB_DeactivateEndpoint
                0x080061a0       0xac ./Drivers/STM32F7xx_HAL_Driver/Src/stm32f7xx_ll_usb.o
                0x080061a0                USB_DeactivateEndpoint
 .text.USB_EPStopXfer
                0x0800624c       0x84 ./Drivers/STM32F7xx_HAL_Driver/Src/stm32f7xx_ll_usb.o
                0x0800624c                USB_EPStopXfer
 .text.USB_WritePacket
                0x080062d0       0x26 ./Drivers/STM32F7xx_HAL_Driver/Src/stm32f7xx_ll_usb.o
                0x080062d0                USB_WritePacket
 *fill*         0x080062f6        0x2 
 .text.USB_EPStartXfer
                0x080062f8      0x204 ./Drivers/STM32F7xx_HAL_Driver/Src/stm32f7xx_ll_usb.o
                0x080062f8                USB_EPStartXfer
 .text.USB_ReadPacket
                0x080064fc       0x40 ./Drivers/STM32F7xx_HAL_Driver/Src/stm32f7xx_ll_usb.o
                0x080064fc                USB_ReadPacket
 .text.USB_EPSetStall
                0x0800653c       0x56 ./Drivers/STM32F7xx_HAL_Driver/Src/stm32f7xx_ll_usb.o
                0x0800653c                USB_EPSetStall
 .text.USB_EPClearStall
                0x08006592       0x52 ./Drivers/STM32F7xx_HAL_Driver/Src/stm32f7xx_ll_usb.o
                0x08006592                USB_EPClearStall
 .text.USB_SetDevAddress
                0x080065e4       0x20 ./Drivers/STM32F7xx_HAL_Driver/Src/stm32f7xx_ll_usb.o
                0x080065e4                USB_SetDevAddress
 .text.USB_DevConnect
                0x08006604       0x1c ./Drivers/STM32F7xx_HAL_Driver/Src/stm32f7xx_ll_usb.o
                0x08006604                USB_DevConnect
 .text.USB_DevDisconnect
                0x08006620       0x1c ./Drivers/STM32F7xx_HAL_Driver/Src/stm32f7xx_ll_usb.o
                0x08006620                USB_DevDisconnect
 .text.USB_ReadInterrupts
                0x0800663c        0x8 ./Drivers/STM32F7xx_HAL_Driver/Src/stm32f7xx_ll_usb.o
                0x0800663c                USB_ReadInterrupts
 .text.USB_ReadDevAllOutEpInterrupt
                0x08006644       0x10 ./Drivers/STM32F7xx_HAL_Driver/Src/stm32f7xx_ll_usb.o
                0x08006644                USB_ReadDevAllOutEpInterrupt
 .text.USB_ReadDevAllInEpInterrupt
                0x08006654       0x10 ./Drivers/STM32F7xx_HAL_Driver/Src/stm32f7xx_ll_usb.o
                0x08006654                USB_ReadDevAllInEpInterrupt
 .text.USB_ReadDevOutEPInterrupt
                0x08006664       0x12 ./Drivers/STM32F7xx_HAL_Driver/Src/stm32f7xx_ll_usb.o
                0x08006664                USB_ReadDevOutEPInterrupt
 .text.USB_ReadDevInEPInterrupt
                0x08006676       0x22 ./Drivers/STM32F7xx_HAL_Driver/Src/stm32f7xx_ll_usb.o
                0x08006676                USB_ReadDevInEPInterrupt
 .text.USB_GetMode
                0x08006698        0x8 ./Drivers/STM32F7xx_HAL_Driver/Src/stm32f7xx_ll_usb.o
                0x08006698                USB_GetMode
 .text.USB_ActivateSetup
                0x080066a0       0x1c ./Drivers/STM32F7xx_HAL_Driver/Src/stm32f7xx_ll_usb.o
                0x080066a0                USB_ActivateSetup
 .text.USB_EP0_OutStart
                0x080066bc       0x4c ./Drivers/STM32F7xx_HAL_Driver/Src/stm32f7xx_ll_usb.o
                0x080066bc                USB_EP0_OutStart
 .text.USBD_CDC_EP0_RxReady
                0x08006708       0x38 ./Middlewares/ST/STM32_USB_Device_Library/Class/CDC/Src/usbd_cdc.o
 .text.USBD_CDC_GetDeviceQualifierDescriptor
                0x08006740        0xc ./Middlewares/ST/STM32_USB_Device_Library/Class/CDC/Src/usbd_cdc.o
                0x08006740                USBD_CDC_GetDeviceQualifierDescriptor
 .text.USBD_CDC_GetFSCfgDesc
                0x0800674c       0x48 ./Middlewares/ST/STM32_USB_Device_Library/Class/CDC/Src/usbd_cdc.o
 .text.USBD_CDC_GetOtherSpeedCfgDesc
                0x08006794        0x4 ./Middlewares/ST/STM32_USB_Device_Library/Class/CDC/Src/usbd_cdc.o
 .text.USBD_CDC_GetHSCfgDesc
                0x08006798       0x48 ./Middlewares/ST/STM32_USB_Device_Library/Class/CDC/Src/usbd_cdc.o
 .text.USBD_CDC_DataOut
                0x080067e0       0x38 ./Middlewares/ST/STM32_USB_Device_Library/Class/CDC/Src/usbd_cdc.o
 .text.USBD_CDC_DataIn
                0x08006818       0x64 ./Middlewares/ST/STM32_USB_Device_Library/Class/CDC/Src/usbd_cdc.o
 .text.USBD_CDC_Setup
                0x0800687c       0xf0 ./Middlewares/ST/STM32_USB_Device_Library/Class/CDC/Src/usbd_cdc.o
 .text.USBD_CDC_DeInit
                0x0800696c       0x60 ./Middlewares/ST/STM32_USB_Device_Library/Class/CDC/Src/usbd_cdc.o
 .text.USBD_CDC_Init
                0x080069cc       0xc8 ./Middlewares/ST/STM32_USB_Device_Library/Class/CDC/Src/usbd_cdc.o
 .text.USBD_CDC_RegisterInterface
                0x08006a94       0x16 ./Middlewares/ST/STM32_USB_Device_Library/Class/CDC/Src/usbd_cdc.o
                0x08006a94                USBD_CDC_RegisterInterface
 .text.USBD_CDC_SetTxBuffer
                0x08006aaa       0x1c ./Middlewares/ST/STM32_USB_Device_Library/Class/CDC/Src/usbd_cdc.o
                0x08006aaa                USBD_CDC_SetTxBuffer
 .text.USBD_CDC_SetRxBuffer
                0x08006ac6       0x18 ./Middlewares/ST/STM32_USB_Device_Library/Class/CDC/Src/usbd_cdc.o
                0x08006ac6                USBD_CDC_SetRxBuffer
 .text.USBD_CDC_TransmitPacket
                0x08006ade       0x36 ./Middlewares/ST/STM32_USB_Device_Library/Class/CDC/Src/usbd_cdc.o
                0x08006ade                USBD_CDC_TransmitPacket
 .text.USBD_CDC_ReceivePacket
                0x08006b14       0x2c ./Middlewares/ST/STM32_USB_Device_Library/Class/CDC/Src/usbd_cdc.o
                0x08006b14                USBD_CDC_ReceivePacket
 .text.USBD_Init
                0x08006b40       0x26 ./Middlewares/ST/STM32_USB_Device_Library/Core/Src/usbd_core.o
                0x08006b40                USBD_Init
 .text.USBD_RegisterClass
                0x08006b66       0x32 ./Middlewares/ST/STM32_USB_Device_Library/Core/Src/usbd_core.o
                0x08006b66                USBD_RegisterClass
 .text.USBD_Start
                0x08006b98        0x4 ./Middlewares/ST/STM32_USB_Device_Library/Core/Src/usbd_core.o
                0x08006b98                USBD_Start
 .text.USBD_SetClassConfig
                0x08006b9c        0xe ./Middlewares/ST/STM32_USB_Device_Library/Core/Src/usbd_core.o
                0x08006b9c                USBD_SetClassConfig
 .text.USBD_ClrClassConfig
                0x08006baa       0x12 ./Middlewares/ST/STM32_USB_Device_Library/Core/Src/usbd_core.o
                0x08006baa                USBD_ClrClassConfig
 .text.USBD_LL_SetupStage
                0x08006bbc       0x60 ./Middlewares/ST/STM32_USB_Device_Library/Core/Src/usbd_core.o
                0x08006bbc                USBD_LL_SetupStage
 .text.USBD_LL_DataOutStage
                0x08006c1c       0x74 ./Middlewares/ST/STM32_USB_Device_Library/Core/Src/usbd_core.o
                0x08006c1c                USBD_LL_DataOutStage
 .text.USBD_LL_DataInStage
                0x08006c90       0xa8 ./Middlewares/ST/STM32_USB_Device_Library/Core/Src/usbd_core.o
                0x08006c90                USBD_LL_DataInStage
 .text.USBD_LL_Reset
                0x08006d38       0x60 ./Middlewares/ST/STM32_USB_Device_Library/Core/Src/usbd_core.o
                0x08006d38                USBD_LL_Reset
 .text.USBD_LL_SetSpeed
                0x08006d98        0x6 ./Middlewares/ST/STM32_USB_Device_Library/Core/Src/usbd_core.o
                0x08006d98                USBD_LL_SetSpeed
 .text.USBD_LL_Suspend
                0x08006d9e       0x1c ./Middlewares/ST/STM32_USB_Device_Library/Core/Src/usbd_core.o
                0x08006d9e                USBD_LL_Suspend
 .text.USBD_LL_Resume
                0x08006dba       0x16 ./Middlewares/ST/STM32_USB_Device_Library/Core/Src/usbd_core.o
                0x08006dba                USBD_LL_Resume
 .text.USBD_LL_SOF
                0x08006dd0       0x1a ./Middlewares/ST/STM32_USB_Device_Library/Core/Src/usbd_core.o
                0x08006dd0                USBD_LL_SOF
 .text.USBD_LL_IsoINIncomplete
                0x08006dea       0x26 ./Middlewares/ST/STM32_USB_Device_Library/Core/Src/usbd_core.o
                0x08006dea                USBD_LL_IsoINIncomplete
 .text.USBD_LL_IsoOUTIncomplete
                0x08006e10       0x26 ./Middlewares/ST/STM32_USB_Device_Library/Core/Src/usbd_core.o
                0x08006e10                USBD_LL_IsoOUTIncomplete
 .text.USBD_LL_DevConnected
                0x08006e36        0x4 ./Middlewares/ST/STM32_USB_Device_Library/Core/Src/usbd_core.o
                0x08006e36                USBD_LL_DevConnected
 .text.USBD_LL_DevDisconnected
                0x08006e3a       0x20 ./Middlewares/ST/STM32_USB_Device_Library/Core/Src/usbd_core.o
                0x08006e3a                USBD_LL_DevDisconnected
 .text.USBD_CoreFindIF
                0x08006e5a        0x4 ./Middlewares/ST/STM32_USB_Device_Library/Core/Src/usbd_core.o
                0x08006e5a                USBD_CoreFindIF
 .text.USBD_CoreFindEP
                0x08006e5e        0x4 ./Middlewares/ST/STM32_USB_Device_Library/Core/Src/usbd_core.o
                0x08006e5e                USBD_CoreFindEP
 .text.USBD_GetEpDesc
                0x08006e62       0x24 ./Middlewares/ST/STM32_USB_Device_Library/Core/Src/usbd_core.o
                0x08006e62                USBD_GetEpDesc
 .text.USBD_CtlError.constprop.0
                0x08006e86       0x16 ./Middlewares/ST/STM32_USB_Device_Library/Core/Src/usbd_ctlreq.o
 .text.USBD_StdDevReq
                0x08006e9c      0x2f0 ./Middlewares/ST/STM32_USB_Device_Library/Core/Src/usbd_ctlreq.o
                0x08006e9c                USBD_StdDevReq
 .text.USBD_StdItfReq
                0x0800718c       0x5e ./Middlewares/ST/STM32_USB_Device_Library/Core/Src/usbd_ctlreq.o
                0x0800718c                USBD_StdItfReq
 .text.USBD_StdEPReq
                0x080071ea      0x14e ./Middlewares/ST/STM32_USB_Device_Library/Core/Src/usbd_ctlreq.o
                0x080071ea                USBD_StdEPReq
 .text.USBD_ParseSetupRequest
                0x08007338       0x16 ./Middlewares/ST/STM32_USB_Device_Library/Core/Src/usbd_ctlreq.o
                0x08007338                USBD_ParseSetupRequest
 .text.USBD_CtlError
                0x0800734e       0x16 ./Middlewares/ST/STM32_USB_Device_Library/Core/Src/usbd_ctlreq.o
                0x0800734e                USBD_CtlError
 .text.USBD_GetString
                0x08007364       0x38 ./Middlewares/ST/STM32_USB_Device_Library/Core/Src/usbd_ctlreq.o
                0x08007364                USBD_GetString
 .text.USBD_CtlSendData
                0x0800739c       0x1c ./Middlewares/ST/STM32_USB_Device_Library/Core/Src/usbd_ioreq.o
                0x0800739c                USBD_CtlSendData
 .text.USBD_CtlContinueSendData
                0x080073b8       0x10 ./Middlewares/ST/STM32_USB_Device_Library/Core/Src/usbd_ioreq.o
                0x080073b8                USBD_CtlContinueSendData
 .text.USBD_CtlPrepareRx
                0x080073c8       0x22 ./Middlewares/ST/STM32_USB_Device_Library/Core/Src/usbd_ioreq.o
                0x080073c8                USBD_CtlPrepareRx
 .text.USBD_CtlContinueRx
                0x080073ea       0x10 ./Middlewares/ST/STM32_USB_Device_Library/Core/Src/usbd_ioreq.o
                0x080073ea                USBD_CtlContinueRx
 .text.USBD_CtlSendStatus
                0x080073fa       0x16 ./Middlewares/ST/STM32_USB_Device_Library/Core/Src/usbd_ioreq.o
                0x080073fa                USBD_CtlSendStatus
 .text.USBD_CtlReceiveStatus
                0x08007410       0x16 ./Middlewares/ST/STM32_USB_Device_Library/Core/Src/usbd_ioreq.o
                0x08007410                USBD_CtlReceiveStatus
 *fill*         0x08007426        0x2 
 .text.MX_USB_DEVICE_Init
                0x08007428       0x50 ./USB_DEVICE/App/usb_device.o
                0x08007428                MX_USB_DEVICE_Init
 .text.CDC_DeInit_HS
                0x08007478        0x4 ./USB_DEVICE/App/usbd_cdc_if.o
 .text.CDC_Control_HS
                0x0800747c        0x4 ./USB_DEVICE/App/usbd_cdc_if.o
 .text.CDC_TransmitCplt_HS
                0x08007480        0x4 ./USB_DEVICE/App/usbd_cdc_if.o
 .text.USB_CDC_Clear
                0x08007484       0x3c ./USB_DEVICE/App/usbd_cdc_if.o
 .text.CDC_Init_HS
                0x080074c0       0x28 ./USB_DEVICE/App/usbd_cdc_if.o
 .text.u32_to_dec
                0x080074e8       0x52 ./USB_DEVICE/App/usbd_cdc_if.o
 .text.parse_u32.constprop.0
                0x0800753a       0x60 ./USB_DEVICE/App/usbd_cdc_if.o
 *fill*         0x0800759a        0x2 
 .text.CDC_Transmit_HS
                0x0800759c       0x2c ./USB_DEVICE/App/usbd_cdc_if.o
                0x0800759c                CDC_Transmit_HS
 .text.send_line
                0x080075c8       0x4c ./USB_DEVICE/App/usbd_cdc_if.o
 .text.process_cmd.constprop.0
                0x08007614      0x918 ./USB_DEVICE/App/usbd_cdc_if.o
 .text.CDC_Receive_HS
                0x08007f2c       0x7c ./USB_DEVICE/App/usbd_cdc_if.o
 .text.USBD_HS_DeviceDescriptor
                0x08007fa8        0xc ./USB_DEVICE/App/usbd_desc.o
                0x08007fa8                USBD_HS_DeviceDescriptor
 .text.USBD_HS_LangIDStrDescriptor
                0x08007fb4        0xc ./USB_DEVICE/App/usbd_desc.o
                0x08007fb4                USBD_HS_LangIDStrDescriptor
 .text.USBD_HS_USR_BOSDescriptor
                0x08007fc0        0xc ./USB_DEVICE/App/usbd_desc.o
                0x08007fc0                USBD_HS_USR_BOSDescriptor
 .text.IntToUnicode
                0x08007fcc       0x2a ./USB_DEVICE/App/usbd_desc.o
 *fill*         0x08007ff6        0x2 
 .text.USBD_HS_SerialStrDescriptor
                0x08007ff8       0x3c ./USB_DEVICE/App/usbd_desc.o
                0x08007ff8                USBD_HS_SerialStrDescriptor
 .text.USBD_HS_ManufacturerStrDescriptor
                0x08008034       0x1c ./USB_DEVICE/App/usbd_desc.o
                0x08008034                USBD_HS_ManufacturerStrDescriptor
 .text.USBD_HS_ProductStrDescriptor
                0x08008050       0x1c ./USB_DEVICE/App/usbd_desc.o
                0x08008050                USBD_HS_ProductStrDescriptor
 .text.USBD_HS_ConfigStrDescriptor
                0x0800806c       0x1c ./USB_DEVICE/App/usbd_desc.o
                0x0800806c                USBD_HS_ConfigStrDescriptor
 .text.USBD_HS_InterfaceStrDescriptor
                0x08008088       0x1c ./USB_DEVICE/App/usbd_desc.o
                0x08008088                USBD_HS_InterfaceStrDescriptor
 .text.HAL_PCD_MspInit
                0x080080a4      0x130 ./USB_DEVICE/Target/usbd_conf.o
                0x080080a4                HAL_PCD_MspInit
 .text.HAL_PCD_SetupStageCallback
                0x080081d4        0xc ./USB_DEVICE/Target/usbd_conf.o
                0x080081d4                HAL_PCD_SetupStageCallback
 .text.HAL_PCD_DataOutStageCallback
                0x080081e0       0x12 ./USB_DEVICE/Target/usbd_conf.o
                0x080081e0                HAL_PCD_DataOutStageCallback
 .text.HAL_PCD_DataInStageCallback
                0x080081f2       0x10 ./USB_DEVICE/Target/usbd_conf.o
                0x080081f2                HAL_PCD_DataInStageCallback
 .text.HAL_PCD_SOFCallback
                0x08008202        0x8 ./USB_DEVICE/Target/usbd_conf.o
                0x08008202                HAL_PCD_SOFCallback
 .text.HAL_PCD_ResetCallback
                0x0800820a       0x26 ./USB_DEVICE/Target/usbd_conf.o
                0x0800820a                HAL_PCD_ResetCallback
 .text.HAL_PCD_SuspendCallback
                0x08008230       0x30 ./USB_DEVICE/Target/usbd_conf.o
                0x08008230                HAL_PCD_SuspendCallback
 .text.HAL_PCD_ResumeCallback
                0x08008260        0x8 ./USB_DEVICE/Target/usbd_conf.o
                0x08008260                HAL_PCD_ResumeCallback
 .text.HAL_PCD_ISOOUTIncompleteCallback
                0x08008268        0x8 ./USB_DEVICE/Target/usbd_conf.o
                0x08008268                HAL_PCD_ISOOUTIncompleteCallback
 .text.HAL_PCD_ISOINIncompleteCallback
                0x08008270        0x8 ./USB_DEVICE/Target/usbd_conf.o
                0x08008270                HAL_PCD_ISOINIncompleteCallback
 .text.HAL_PCD_ConnectCallback
                0x08008278        0x8 ./USB_DEVICE/Target/usbd_conf.o
                0x08008278                HAL_PCD_ConnectCallback
 .text.HAL_PCD_DisconnectCallback
                0x08008280        0x8 ./USB_DEVICE/Target/usbd_conf.o
                0x08008280                HAL_PCD_DisconnectCallback
 .text.USBD_LL_Init
                0x08008288       0x64 ./USB_DEVICE/Target/usbd_conf.o
                0x08008288                USBD_LL_Init
 .text.USBD_LL_IsStallEP
                0x080082ec       0x24 ./USB_DEVICE/Target/usbd_conf.o
                0x080082ec                USBD_LL_IsStallEP
 .text.USBD_LL_GetRxDataSize
                0x08008310        0x8 ./USB_DEVICE/Target/usbd_conf.o
                0x08008310                USBD_LL_GetRxDataSize
 .text.HAL_PCDEx_LPM_Callback
                0x08008318       0x64 ./USB_DEVICE/Target/usbd_conf.o
                0x08008318                HAL_PCDEx_LPM_Callback
 .text.USBD_Get_USB_Status
                0x0800837c        0xc ./USB_DEVICE/Target/usbd_conf.o
                0x0800837c                USBD_Get_USB_Status
 .text.USBD_LL_Start
                0x08008388       0x12 ./USB_DEVICE/Target/usbd_conf.o
                0x08008388                USBD_LL_Start
 .text.USBD_LL_OpenEP
                0x0800839a       0x18 ./USB_DEVICE/Target/usbd_conf.o
                0x0800839a                USBD_LL_OpenEP
 .text.USBD_LL_CloseEP
                0x080083b2       0x12 ./USB_DEVICE/Target/usbd_conf.o
                0x080083b2                USBD_LL_CloseEP
 .text.USBD_LL_FlushEP
                0x080083c4       0x12 ./USB_DEVICE/Target/usbd_conf.o
                0x080083c4                USBD_LL_FlushEP
 .text.USBD_LL_StallEP
                0x080083d6       0x12 ./USB_DEVICE/Target/usbd_conf.o
                0x080083d6                USBD_LL_StallEP
 .text.USBD_LL_ClearStallEP
                0x080083e8       0x12 ./USB_DEVICE/Target/usbd_conf.o
                0x080083e8                USBD_LL_ClearStallEP
 .text.USBD_LL_SetUSBAddress
                0x080083fa       0x12 ./USB_DEVICE/Target/usbd_conf.o
                0x080083fa                USBD_LL_SetUSBAddress
 .text.USBD_LL_Transmit
                0x0800840c       0x12 ./USB_DEVICE/Target/usbd_conf.o
                0x0800840c                USBD_LL_Transmit
 .text.USBD_LL_PrepareReceive
                0x0800841e       0x12 ./USB_DEVICE/Target/usbd_conf.o
                0x0800841e                USBD_LL_PrepareReceive
 .text.malloc   0x08008430       0x10 /Applications/STM32CubeIDE.app/Contents/Eclipse/plugins/com.st.stm32cube.ide.mcu.externaltools.gnu-tools-for-stm32.13.3.rel1.macos64_1.0.0.202411102158/tools/bin/../lib/gcc/arm-none-eabi/13.3.1/../../../../arm-none-eabi/lib/thumb/v7e-m+fp/hard/libc_nano.a(libc_a-malloc.o)
                0x08008430                malloc
 .text.free     0x08008440       0x10 /Applications/STM32CubeIDE.app/Contents/Eclipse/plugins/com.st.stm32cube.ide.mcu.externaltools.gnu-tools-for-stm32.13.3.rel1.macos64_1.0.0.202411102158/tools/bin/../lib/gcc/arm-none-eabi/13.3.1/../../../../arm-none-eabi/lib/thumb/v7e-m+fp/hard/libc_nano.a(libc_a-malloc.o)
                0x08008440                free
 .text.sbrk_aligned
                0x08008450       0x44 /Applications/STM32CubeIDE.app/Contents/Eclipse/plugins/com.st.stm32cube.ide.mcu.externaltools.gnu-tools-for-stm32.13.3.rel1.macos64_1.0.0.202411102158/tools/bin/../lib/gcc/arm-none-eabi/13.3.1/../../../../arm-none-eabi/lib/thumb/v7e-m+fp/hard/libc_nano.a(libc_a-mallocr.o)
 .text._malloc_r
                0x08008494      0x100 /Applications/STM32CubeIDE.app/Contents/Eclipse/plugins/com.st.stm32cube.ide.mcu.externaltools.gnu-tools-for-stm32.13.3.rel1.macos64_1.0.0.202411102158/tools/bin/../lib/gcc/arm-none-eabi/13.3.1/../../../../arm-none-eabi/lib/thumb/v7e-m+fp/hard/libc_nano.a(libc_a-mallocr.o)
                0x08008494                _malloc_r
 .text.snprintf
                0x08008594       0x6c /Applications/STM32CubeIDE.app/Contents/Eclipse/plugins/com.st.stm32cube.ide.mcu.externaltools.gnu-tools-for-stm32.13.3.rel1.macos64_1.0.0.202411102158/tools/bin/../lib/gcc/arm-none-eabi/13.3.1/../../../../arm-none-eabi/lib/thumb/v7e-m+fp/hard/libc_nano.a(libc_a-snprintf.o)
                0x08008594                snprintf
                0x08008594                sniprintf
 .text.__malloc_lock
                0x08008600        0xc /Applications/STM32CubeIDE.app/Contents/Eclipse/plugins/com.st.stm32cube.ide.mcu.externaltools.gnu-tools-for-stm32.13.3.rel1.macos64_1.0.0.202411102158/tools/bin/../lib/gcc/arm-none-eabi/13.3.1/../../../../arm-none-eabi/lib/thumb/v7e-m+fp/hard/libc_nano.a(libc_a-mlock.o)
                0x08008600                __malloc_lock
 .text.__malloc_unlock
                0x0800860c        0xc /Applications/STM32CubeIDE.app/Contents/Eclipse/plugins/com.st.stm32cube.ide.mcu.externaltools.gnu-tools-for-stm32.13.3.rel1.macos64_1.0.0.202411102158/tools/bin/../lib/gcc/arm-none-eabi/13.3.1/../../../../arm-none-eabi/lib/thumb/v7e-m+fp/hard/libc_nano.a(libc_a-mlock.o)
                0x0800860c                __malloc_unlock
 .text.memset   0x08008618       0x10 /Applications/STM32CubeIDE.app/Contents/Eclipse/plugins/com.st.stm32cube.ide.mcu.externaltools.gnu-tools-for-stm32.13.3.rel1.macos64_1.0.0.202411102158/tools/bin/../lib/gcc/arm-none-eabi/13.3.1/../../../../arm-none-eabi/lib/thumb/v7e-m+fp/hard/libc_nano.a(libc_a-memset.o)
                0x08008618                memset
 .text.strncmp  0x08008628       0x24 /Applications/STM32CubeIDE.app/Contents/Eclipse/plugins/com.st.stm32cube.ide.mcu.externaltools.gnu-tools-for-stm32.13.3.rel1.macos64_1.0.0.202411102158/tools/bin/../lib/gcc/arm-none-eabi/13.3.1/../../../../arm-none-eabi/lib/thumb/v7e-m+fp/hard/libc_nano.a(libc_a-strncmp.o)
                0x08008628                strncmp
 .text._sbrk_r  0x0800864c       0x20 /Applications/STM32CubeIDE.app/Contents/Eclipse/plugins/com.st.stm32cube.ide.mcu.externaltools.gnu-tools-for-stm32.13.3.rel1.macos64_1.0.0.202411102158/tools/bin/../lib/gcc/arm-none-eabi/13.3.1/../../../../arm-none-eabi/lib/thumb/v7e-m+fp/hard/libc_nano.a(libc_a-sbrkr.o)
                0x0800864c                _sbrk_r
 .text.__errno  0x0800866c        0xc /Applications/STM32CubeIDE.app/Contents/Eclipse/plugins/com.st.stm32cube.ide.mcu.externaltools.gnu-tools-for-stm32.13.3.rel1.macos64_1.0.0.202411102158/tools/bin/../lib/gcc/arm-none-eabi/13.3.1/../../../../arm-none-eabi/lib/thumb/v7e-m+fp/hard/libc_nano.a(libc_a-errno.o)
                0x0800866c                __errno
 .text.__libc_init_array
                0x08008678       0x48 /Applications/STM32CubeIDE.app/Contents/Eclipse/plugins/com.st.stm32cube.ide.mcu.externaltools.gnu-tools-for-stm32.13.3.rel1.macos64_1.0.0.202411102158/tools/bin/../lib/gcc/arm-none-eabi/13.3.1/../../../../arm-none-eabi/lib/thumb/v7e-m+fp/hard/libc_nano.a(libc_a-init.o)
                0x08008678                __libc_init_array
 .text.__retarget_lock_acquire_recursive
                0x080086c0        0x2 /Applications/STM32CubeIDE.app/Contents/Eclipse/plugins/com.st.stm32cube.ide.mcu.externaltools.gnu-tools-for-stm32.13.3.rel1.macos64_1.0.0.202411102158/tools/bin/../lib/gcc/arm-none-eabi/13.3.1/../../../../arm-none-eabi/lib/thumb/v7e-m+fp/hard/libc_nano.a(libc_a-lock.o)
                0x080086c0                __retarget_lock_acquire_recursive
 .text.__retarget_lock_release_recursive
                0x080086c2        0x2 /Applications/STM32CubeIDE.app/Contents/Eclipse/plugins/com.st.stm32cube.ide.mcu.externaltools.gnu-tools-for-stm32.13.3.rel1.macos64_1.0.0.202411102158/tools/bin/../lib/gcc/arm-none-eabi/13.3.1/../../../../arm-none-eabi/lib/thumb/v7e-m+fp/hard/libc_nano.a(libc_a-lock.o)
                0x080086c2                __retarget_lock_release_recursive
 .text.memcpy   0x080086c4       0x1c /Applications/STM32CubeIDE.app/Contents/Eclipse/plugins/com.st.stm32cube.ide.mcu.externaltools.gnu-tools-for-stm32.13.3.rel1.macos64_1.0.0.202411102158/tools/bin/../lib/gcc/arm-none-eabi/13.3.1/../../../../arm-none-eabi/lib/thumb/v7e-m+fp/hard/libc_nano.a(libc_a-memcpy-stub.o)
                0x080086c4                memcpy
 .text._free_r  0x080086e0       0x94 /Applications/STM32CubeIDE.app/Contents/Eclipse/plugins/com.st.stm32cube.ide.mcu.externaltools.gnu-tools-for-stm32.13.3.rel1.macos64_1.0.0.202411102158/tools/bin/../lib/gcc/arm-none-eabi/13.3.1/../../../../arm-none-eabi/lib/thumb/v7e-m+fp/hard/libc_nano.a(libc_a-freer.o)
                0x080086e0                _free_r
 .text.__ssputs_r
                0x08008774       0xb6 /Applications/STM32CubeIDE.app/Contents/Eclipse/plugins/com.st.stm32cube.ide.mcu.externaltools.gnu-tools-for-stm32.13.3.rel1.macos64_1.0.0.202411102158/tools/bin/../lib/gcc/arm-none-eabi/13.3.1/../../../../arm-none-eabi/lib/thumb/v7e-m+fp/hard/libc_nano.a(libc_a-nano-svfprintf.o)
                0x08008774                __ssputs_r
 *fill*         0x0800882a        0x2 
 .text._svfprintf_r
                0x0800882c      0x1f8 /Applications/STM32CubeIDE.app/Contents/Eclipse/plugins/com.st.stm32cube.ide.mcu.externaltools.gnu-tools-for-stm32.13.3.rel1.macos64_1.0.0.202411102158/tools/bin/../lib/gcc/arm-none-eabi/13.3.1/../../../../arm-none-eabi/lib/thumb/v7e-m+fp/hard/libc_nano.a(libc_a-nano-svfprintf.o)
                0x0800882c                _svfprintf_r
                0x0800882c                _svfiprintf_r
 .text._printf_common
                0x08008a24       0xda /Applications/STM32CubeIDE.app/Contents/Eclipse/plugins/com.st.stm32cube.ide.mcu.externaltools.gnu-tools-for-stm32.13.3.rel1.macos64_1.0.0.202411102158/tools/bin/../lib/gcc/arm-none-eabi/13.3.1/../../../../arm-none-eabi/lib/thumb/v7e-m+fp/hard/libc_nano.a(libc_a-nano-vfprintf_i.o)
                0x08008a24                _printf_common
 *fill*         0x08008afe        0x2 
 .text._printf_i
                0x08008b00      0x23c /Applications/STM32CubeIDE.app/Contents/Eclipse/plugins/com.st.stm32cube.ide.mcu.externaltools.gnu-tools-for-stm32.13.3.rel1.macos64_1.0.0.202411102158/tools/bin/../lib/gcc/arm-none-eabi/13.3.1/../../../../arm-none-eabi/lib/thumb/v7e-m+fp/hard/libc_nano.a(libc_a-nano-vfprintf_i.o)
                0x08008b00                _printf_i
 .text._realloc_r
                0x08008d3c       0x5c /Applications/STM32CubeIDE.app/Contents/Eclipse/plugins/com.st.stm32cube.ide.mcu.externaltools.gnu-tools-for-stm32.13.3.rel1.macos64_1.0.0.202411102158/tools/bin/../lib/gcc/arm-none-eabi/13.3.1/../../../../arm-none-eabi/lib/thumb/v7e-m+fp/hard/libc_nano.a(libc_a-reallocr.o)
                0x08008d3c                _realloc_r
 .text.memmove  0x08008d98       0x34 /Applications/STM32CubeIDE.app/Contents/Eclipse/plugins/com.st.stm32cube.ide.mcu.externaltools.gnu-tools-for-stm32.13.3.rel1.macos64_1.0.0.202411102158/tools/bin/../lib/gcc/arm-none-eabi/13.3.1/../../../../arm-none-eabi/lib/thumb/v7e-m+fp/hard/libc_nano.a(libc_a-memmove.o)
                0x08008d98                memmove
 .text._malloc_usable_size_r
                0x08008dcc       0x10 /Applications/STM32CubeIDE.app/Contents/Eclipse/plugins/com.st.stm32cube.ide.mcu.externaltools.gnu-tools-for-stm32.13.3.rel1.macos64_1.0.0.202411102158/tools/bin/../lib/gcc/arm-none-eabi/13.3.1/../../../../arm-none-eabi/lib/thumb/v7e-m+fp/hard/libc_nano.a(libc_a-msizer.o)
                0x08008dcc                _malloc_usable_size_r
 *(.glue_7)
 .glue_7        0x08008ddc        0x0 linker stubs
 *(.glue_7t)
 .glue_7t       0x08008ddc        0x0 linker stubs
 *(.eh_frame)
 .eh_frame      0x08008ddc        0x0 /Applications/STM32CubeIDE.app/Contents/Eclipse/plugins/com.st.stm32cube.ide.mcu.externaltools.gnu-tools-for-stm32.13.3.rel1.macos64_1.0.0.202411102158/tools/bin/../lib/gcc/arm-none-eabi/13.3.1/thumb/v7e-m+fp/hard/crtbegin.o
 *(.init)
 .init          0x08008ddc        0x4 /Applications/STM32CubeIDE.app/Contents/Eclipse/plugins/com.st.stm32cube.ide.mcu.externaltools.gnu-tools-for-stm32.13.3.rel1.macos64_1.0.0.202411102158/tools/bin/../lib/gcc/arm-none-eabi/13.3.1/thumb/v7e-m+fp/hard/crti.o
                0x08008ddc                _init
 .init          0x08008de0        0x8 /Applications/STM32CubeIDE.app/Contents/Eclipse/plugins/com.st.stm32cube.ide.mcu.externaltools.gnu-tools-for-stm32.13.3.rel1.macos64_1.0.0.202411102158/tools/bin/../lib/gcc/arm-none-eabi/13.3.1/thumb/v7e-m+fp/hard/crtn.o
 *(.fini)
 .fini          0x08008de8        0x4 /Applications/STM32CubeIDE.app/Contents/Eclipse/plugins/com.st.stm32cube.ide.mcu.externaltools.gnu-tools-for-stm32.13.3.rel1.macos64_1.0.0.202411102158/tools/bin/../lib/gcc/arm-none-eabi/13.3.1/thumb/v7e-m+fp/hard/crti.o
                0x08008de8                _fini
 .fini          0x08008dec        0x8 /Applications/STM32CubeIDE.app/Contents/Eclipse/plugins/com.st.stm32cube.ide.mcu.externaltools.gnu-tools-for-stm32.13.3.rel1.macos64_1.0.0.202411102158/tools/bin/../lib/gcc/arm-none-eabi/13.3.1/thumb/v7e-m+fp/hard/crtn.o
                0x08008df4                        . = ALIGN (0x4)
                0x08008df4                        _etext = .

.vfp11_veneer   0x08008df4        0x0
 .vfp11_veneer  0x08008df4        0x0 linker stubs

.v4_bx          0x08008df4        0x0
 .v4_bx         0x08008df4        0x0 linker stubs

.iplt           0x08008df4        0x0
 .iplt          0x08008df4        0x0 /Applications/STM32CubeIDE.app/Contents/Eclipse/plugins/com.st.stm32cube.ide.mcu.externaltools.gnu-tools-for-stm32.13.3.rel1.macos64_1.0.0.202411102158/tools/bin/../lib/gcc/arm-none-eabi/13.3.1/thumb/v7e-m+fp/hard/crtbegin.o

.rodata         0x08008df4      0xec8
                0x08008df4                        . = ALIGN (0x4)
 *(.rodata)
 *(.rodata*)
 .rodata.CALDUMP_Task.str1.1
                0x08008df4      0x29d ./Core/Src/calib.o
                                 0x1e (size before relaxing)
 .rodata.log_lut_common
                0x08009091      0xc00 ./Core/Src/calib.o
 .rodata.APBPrescTable
                0x08009c91        0x8 ./Core/Src/system_stm32f7xx.o
                0x08009c91                APBPrescTable
 .rodata.AHBPrescTable
                0x08009c99       0x10 ./Core/Src/system_stm32f7xx.o
                0x08009c99                AHBPrescTable
 .rodata.process_cmd.constprop.0.str1.1
                0x08009ca9      0x21d ./USB_DEVICE/App/usbd_cdc_if.o
 .rodata.CDC_Receive_HS.str1.1
                0x08009ca9        0xe ./USB_DEVICE/App/usbd_cdc_if.o
 .rodata.hx.0   0x08009ca9       0x11 ./USB_DEVICE/App/usbd_cdc_if.o
 .rodata.USBD_HS_ManufacturerStrDescriptor.str1.1
                0x08009cba       0x13 ./USB_DEVICE/App/usbd_desc.o
 .rodata.USBD_HS_ProductStrDescriptor.str1.1
                0x08009cba        0x8 ./USB_DEVICE/App/usbd_desc.o
 .rodata.USBD_HS_ConfigStrDescriptor.str1.1
                0x08009cba        0xb ./USB_DEVICE/App/usbd_desc.o
 .rodata.USBD_HS_InterfaceStrDescriptor.str1.1
                0x08009cba        0xe ./USB_DEVICE/App/usbd_desc.o
 .rodata._svfprintf_r.str1.1
                0x08009cba       0x11 /Applications/STM32CubeIDE.app/Contents/Eclipse/plugins/com.st.stm32cube.ide.mcu.externaltools.gnu-tools-for-stm32.13.3.rel1.macos64_1.0.0.202411102158/tools/bin/../lib/gcc/arm-none-eabi/13.3.1/../../../../arm-none-eabi/lib/thumb/v7e-m+fp/hard/libc_nano.a(libc_a-nano-svfprintf.o)
 .rodata._printf_i.str1.1
                0x08009cba       0x22 /Applications/STM32CubeIDE.app/Contents/Eclipse/plugins/com.st.stm32cube.ide.mcu.externaltools.gnu-tools-for-stm32.13.3.rel1.macos64_1.0.0.202411102158/tools/bin/../lib/gcc/arm-none-eabi/13.3.1/../../../../arm-none-eabi/lib/thumb/v7e-m+fp/hard/libc_nano.a(libc_a-nano-vfprintf_i.o)
                0x08009ec8                        . = ALIGN (0x4)
 *fill*         0x08009cba        0x2 

.ARM.extab      0x08009cbc        0x0
                0x08009cbc                        . = ALIGN (0x4)
 *(.ARM.extab* .gnu.linkonce.armextab.*)
                0x08009cbc                        . = ALIGN (0x4)

.ARM            0x08009cbc        0x8
                0x08009cbc                        . = ALIGN (0x4)
                0x08009cbc                        __exidx_start = .
 *(.ARM.exidx*)
 .ARM.exidx     0x08009cbc        0x8 /Applications/STM32CubeIDE.app/Contents/Eclipse/plugins/com.st.stm32cube.ide.mcu.externaltools.gnu-tools-for-stm32.13.3.rel1.macos64_1.0.0.202411102158/tools/bin/../lib/gcc/arm-none-eabi/13.3.1/../../../../arm-none-eabi/lib/thumb/v7e-m+fp/hard/libc_nano.a(libc_a-strcmp.o)
 .ARM.exidx     0x08009cc4        0x0 /Applications/STM32CubeIDE.app/Contents/Eclipse/plugins/com.st.stm32cube.ide.mcu.externaltools.gnu-tools-for-stm32.13.3.rel1.macos64_1.0.0.202411102158/tools/bin/../lib/gcc/arm-none-eabi/13.3.1/../../../../arm-none-eabi/lib/thumb/v7e-m+fp/hard/libc_nano.a(libc_a-strlen.o)
                                  0x8 (size before relaxing)
 .ARM.exidx     0x08009cc4        0x0 /Applications/STM32CubeIDE.app/Contents/Eclipse/plugins/com.st.stm32cube.ide.mcu.externaltools.gnu-tools-for-stm32.13.3.rel1.macos64_1.0.0.202411102158/tools/bin/../lib/gcc/arm-none-eabi/13.3.1/../../../../arm-none-eabi/lib/thumb/v7e-m+fp/hard/libc_nano.a(libc_a-memchr.o)
                                  0x8 (size before relaxing)
 .ARM.exidx     0x08009cc4        0x0 /Applications/STM32CubeIDE.app/Contents/Eclipse/plugins/com.st.stm32cube.ide.mcu.externaltools.gnu-tools-for-stm32.13.3.rel1.macos64_1.0.0.202411102158/tools/bin/../lib/gcc/arm-none-eabi/13.3.1/thumb/v7e-m+fp/hard/libgcc.a(_udivmoddi4.o)
                                  0x8 (size before relaxing)
                0x08009cc4                        __exidx_end = .
                0x08009cc4                        . = ALIGN (0x4)

.preinit_array  0x08009cc4        0x0
                0x08009cc4                        . = ALIGN (0x4)
                0x08009cc4                        PROVIDE (__preinit_array_start = .)
 *(.preinit_array*)
                0x08009cc4                        PROVIDE (__preinit_array_end = .)
                0x08009cc4                        . = ALIGN (0x4)

.init_array     0x08009cc4        0x4
                0x08009cc4                        . = ALIGN (0x4)
                0x08009cc4                        PROVIDE (__init_array_start = .)
 *(SORT_BY_NAME(.init_array.*))
 *(.init_array*)
 .init_array    0x08009cc4        0x4 /Applications/STM32CubeIDE.app/Contents/Eclipse/plugins/com.st.stm32cube.ide.mcu.externaltools.gnu-tools-for-stm32.13.3.rel1.macos64_1.0.0.202411102158/tools/bin/../lib/gcc/arm-none-eabi/13.3.1/thumb/v7e-m+fp/hard/crtbegin.o
                0x08009cc8                        PROVIDE (__init_array_end = .)
                0x08009cc8                        . = ALIGN (0x4)

.fini_array     0x08009cc8        0x4
                0x08009cc8                        . = ALIGN (0x4)
                [!provide]                        PROVIDE (__fini_array_start = .)
 *(SORT_BY_NAME(.fini_array.*))
 *(.fini_array*)
 .fini_array    0x08009cc8        0x4 /Applications/STM32CubeIDE.app/Contents/Eclipse/plugins/com.st.stm32cube.ide.mcu.externaltools.gnu-tools-for-stm32.13.3.rel1.macos64_1.0.0.202411102158/tools/bin/../lib/gcc/arm-none-eabi/13.3.1/thumb/v7e-m+fp/hard/crtbegin.o
                [!provide]                        PROVIDE (__fini_array_end = .)
                0x08009ccc                        . = ALIGN (0x4)
                0x08009ccc                        _sidata = LOADADDR (.data)

.rel.dyn        0x08009ccc        0x0
 .rel.iplt      0x08009ccc        0x0 /Applications/STM32CubeIDE.app/Contents/Eclipse/plugins/com.st.stm32cube.ide.mcu.externaltools.gnu-tools-for-stm32.13.3.rel1.macos64_1.0.0.202411102158/tools/bin/../lib/gcc/arm-none-eabi/13.3.1/thumb/v7e-m+fp/hard/crtbegin.o

.data           0x20000000      0x178 load address 0x08009ccc
                0x20000000                        . = ALIGN (0x4)
                0x20000000                        _sdata = .
 *(.data)
 *(.data*)
 .data.s_sdram_wr
                0x20000000        0x4 ./Core/Src/acq_control.o
 .data.had7606  0x20000004       0x18 ./Core/Src/ad7606.o
                0x20000004                had7606
 .data.g_acq_channel_mask
                0x2000001c        0x1 ./Core/Src/globals.o
                0x2000001c                g_acq_channel_mask
 *fill*         0x2000001d        0x3 
 .data.SystemCoreClock
                0x20000020        0x4 ./Core/Src/system_stm32f7xx.o
                0x20000020                SystemCoreClock
 .data.uwTickFreq
                0x20000024        0x1 ./Drivers/STM32F7xx_HAL_Driver/Src/stm32f7xx_hal.o
                0x20000024                uwTickFreq
 *fill*         0x20000025        0x3 
 .data.uwTickPrio
                0x20000028        0x4 ./Drivers/STM32F7xx_HAL_Driver/Src/stm32f7xx_hal.o
                0x20000028                uwTickPrio
 .data.USBD_CDC_CfgDesc
                0x2000002c       0x43 ./Middlewares/ST/STM32_USB_Device_Library/Class/CDC/Src/usbd_cdc.o
 *fill*         0x2000006f        0x1 
 .data.USBD_CDC
                0x20000070       0x38 ./Middlewares/ST/STM32_USB_Device_Library/Class/CDC/Src/usbd_cdc.o
                0x20000070                USBD_CDC
 .data.USBD_CDC_DeviceQualifierDesc
                0x200000a8        0xa ./Middlewares/ST/STM32_USB_Device_Library/Class/CDC/Src/usbd_cdc.o
 *fill*         0x200000b2        0x2 
 .data.USBD_Interface_fops_HS
                0x200000b4       0x14 ./USB_DEVICE/App/usbd_cdc_if.o
                0x200000b4                USBD_Interface_fops_HS
 .data.USBD_StringSerial
                0x200000c8       0x1a ./USB_DEVICE/App/usbd_desc.o
                0x200000c8                USBD_StringSerial
 *fill*         0x200000e2        0x2 
 .data.USBD_LangIDDesc
                0x200000e4        0x4 ./USB_DEVICE/App/usbd_desc.o
                0x200000e4                USBD_LangIDDesc
 .data.USBD_HS_BOSDesc
                0x200000e8        0xc ./USB_DEVICE/App/usbd_desc.o
                0x200000e8                USBD_HS_BOSDesc
 .data.USBD_HS_DeviceDesc
                0x200000f4       0x12 ./USB_DEVICE/App/usbd_desc.o
                0x200000f4                USBD_HS_DeviceDesc
 *fill*         0x20000106        0x2 
 .data.HS_Desc  0x20000108       0x20 ./USB_DEVICE/App/usbd_desc.o
                0x20000108                HS_Desc
 .data._impure_ptr
                0x20000128        0x4 /Applications/STM32CubeIDE.app/Contents/Eclipse/plugins/com.st.stm32cube.ide.mcu.externaltools.gnu-tools-for-stm32.13.3.rel1.macos64_1.0.0.202411102158/tools/bin/../lib/gcc/arm-none-eabi/13.3.1/../../../../arm-none-eabi/lib/thumb/v7e-m+fp/hard/libc_nano.a(libc_a-impure.o)
                0x20000128                _impure_ptr
 .data._impure_data
                0x2000012c       0x4c /Applications/STM32CubeIDE.app/Contents/Eclipse/plugins/com.st.stm32cube.ide.mcu.externaltools.gnu-tools-for-stm32.13.3.rel1.macos64_1.0.0.202411102158/tools/bin/../lib/gcc/arm-none-eabi/13.3.1/../../../../arm-none-eabi/lib/thumb/v7e-m+fp/hard/libc_nano.a(libc_a-impure.o)
                0x2000012c                _impure_data
 *(.RamFunc)
 *(.RamFunc*)
                0x20000178                        . = ALIGN (0x4)
                0x20000178                        _edata = .

.igot.plt       0x20000178        0x0 load address 0x08009e44
 .igot.plt      0x20000178        0x0 /Applications/STM32CubeIDE.app/Contents/Eclipse/plugins/com.st.stm32cube.ide.mcu.externaltools.gnu-tools-for-stm32.13.3.rel1.macos64_1.0.0.202411102158/tools/bin/../lib/gcc/arm-none-eabi/13.3.1/thumb/v7e-m+fp/hard/crtbegin.o
                0x20000178                        . = ALIGN (0x4)

.bss            0x20000178     0x236c load address 0x08009e44
                0x20000178                        _sbss = .
                0x20000178                        __bss_start__ = _sbss
 *(.bss)
 .bss           0x20000178       0x1c /Applications/STM32CubeIDE.app/Contents/Eclipse/plugins/com.st.stm32cube.ide.mcu.externaltools.gnu-tools-for-stm32.13.3.rel1.macos64_1.0.0.202411102158/tools/bin/../lib/gcc/arm-none-eabi/13.3.1/thumb/v7e-m+fp/hard/crtbegin.o
 *(.bss*)
 .bss.s_spi_failures
                0x20000194        0x4 ./Core/Src/acq_control.o
 .bss.s_overruns
                0x20000198        0x4 ./Core/Src/acq_control.o
 .bss.s_in_isr  0x2000019c        0x1 ./Core/Src/acq_control.o
 *fill*         0x2000019d        0x3 
 .bss.s_snap_avg_adc
                0x200001a0       0x10 ./Core/Src/acq_control.o
 .bss.s_snap_acc3
                0x200001b0        0x4 ./Core/Src/acq_control.o
 .bss.s_snap_acc2
                0x200001b4        0x4 ./Core/Src/acq_control.o
 .bss.s_snap_acc1
                0x200001b8        0x4 ./Core/Src/acq_control.o
 .bss.s_snap_acc0
                0x200001bc        0x4 ./Core/Src/acq_control.o
 .bss.s_snap_owns_timers
                0x200001c0        0x1 ./Core/Src/acq_control.o
 .bss.s_snap_ready
                0x200001c1        0x1 ./Core/Src/acq_control.o
 .bss.s_snap_count
                0x200001c2        0x1 ./Core/Src/acq_control.o
 .bss.s_snap_need
                0x200001c3        0x1 ./Core/Src/acq_control.o
 .bss.s_snap_active
                0x200001c4        0x1 ./Core/Src/acq_control.o
 .bss.s_armed_wait_trigger
                0x200001c5        0x1 ./Core/Src/acq_control.o
 .bss.s_streaming
                0x200001c6        0x1 ./Core/Src/acq_control.o
 *fill*         0x200001c7        0x1 
 .bss.s_frames_cnt
                0x200001c8        0x4 ./Core/Src/acq_control.o
 .bss.s_frames_tgt
                0x200001cc        0x4 ./Core/Src/acq_control.o
 .bss.s_spi_timeouts
                0x200001d0        0x4 ./Core/Src/ad7606.o
 .bss.g_caldump
                0x200001d4       0x10 ./Core/Src/calib.o
 .bss.g_i2c_refresh_request
                0x200001e4        0x1 ./Core/Src/globals.o
                0x200001e4                g_i2c_refresh_request
 .bss.g_gain    0x200001e5        0x7 ./Core/Src/globals.o
                0x200001e5                g_gain
 .bss.g_env     0x200001ec        0x8 ./Core/Src/globals.o
                0x200001ec                g_env
 .bss.hsdram1   0x200001f4       0x34 ./Core/Src/main.o
                0x200001f4                hsdram1
 .bss.hpcd_USB_OTG_FS
                0x20000228      0x4e0 ./Core/Src/main.o
                0x20000228                hpcd_USB_OTG_FS
 .bss.htim14    0x20000708       0x4c ./Core/Src/main.o
                0x20000708                htim14
 .bss.htim13    0x20000754       0x4c ./Core/Src/main.o
                0x20000754                htim13
 .bss.htim3     0x200007a0       0x4c ./Core/Src/main.o
                0x200007a0                htim3
 .bss.hspi5     0x200007ec       0x64 ./Core/Src/main.o
                0x200007ec                hspi5
 .bss.hi2c3     0x20000850       0x54 ./Core/Src/main.o
                0x20000850                hi2c3
 .bss.hdac      0x200008a4       0x14 ./Core/Src/main.o
                0x200008a4                hdac
 .bss.hadc1     0x200008b8       0x48 ./Core/Src/main.o
                0x200008b8                hadc1
 .bss.g_state   0x20000900        0x1 ./Core/Src/state_machine.o
 *fill*         0x20000901        0x3 
 .bss.FMC_Initialized
                0x20000904        0x4 ./Core/Src/stm32f7xx_hal_msp.o
 .bss.__sbrk_heap_end
                0x20000908        0x4 ./Core/Src/sysmem.o
 .bss.g_xfer_bytes
                0x2000090c        0x4 ./Core/Src/usb_xfer.o
                0x2000090c                g_xfer_bytes
 .bss.g_xfer_ptr
                0x20000910        0x4 ./Core/Src/usb_xfer.o
                0x20000910                g_xfer_ptr
 .bss.uwTick    0x20000914        0x4 ./Drivers/STM32F7xx_HAL_Driver/Src/stm32f7xx_hal.o
                0x20000914                uwTick
 .bss.cfgidx.0  0x20000918        0x1 ./Middlewares/ST/STM32_USB_Device_Library/Core/Src/usbd_ctlreq.o
 *fill*         0x20000919        0x3 
 .bss.hUsbDeviceHS
                0x2000091c      0x2dc ./USB_DEVICE/App/usb_device.o
                0x2000091c                hUsbDeviceHS
 .bss.UserTxBufferHS
                0x20000bf8      0x800 ./USB_DEVICE/App/usbd_cdc_if.o
                0x20000bf8                UserTxBufferHS
 .bss.UserRxBufferHS
                0x200013f8      0x800 ./USB_DEVICE/App/usbd_cdc_if.o
                0x200013f8                UserRxBufferHS
 .bss.g_cmd_len
                0x20001bf8        0x4 ./USB_DEVICE/App/usbd_cdc_if.o
 .bss.g_cmd_buf
                0x20001bfc       0x60 ./USB_DEVICE/App/usbd_cdc_if.o
 .bss.g_tx_line
                0x20001c5c       0x60 ./USB_DEVICE/App/usbd_cdc_if.o
 .bss.USBD_StrDesc
                0x20001cbc      0x200 ./USB_DEVICE/App/usbd_desc.o
                0x20001cbc                USBD_StrDesc
 .bss.hpcd_USB_OTG_HS
                0x20001ebc      0x4e0 ./USB_DEVICE/Target/usbd_conf.o
                0x20001ebc                hpcd_USB_OTG_HS
 .bss.__malloc_sbrk_start
                0x2000239c        0x4 /Applications/STM32CubeIDE.app/Contents/Eclipse/plugins/com.st.stm32cube.ide.mcu.externaltools.gnu-tools-for-stm32.13.3.rel1.macos64_1.0.0.202411102158/tools/bin/../lib/gcc/arm-none-eabi/13.3.1/../../../../arm-none-eabi/lib/thumb/v7e-m+fp/hard/libc_nano.a(libc_a-mallocr.o)
                0x2000239c                __malloc_sbrk_start
 .bss.__malloc_free_list
                0x200023a0        0x4 /Applications/STM32CubeIDE.app/Contents/Eclipse/plugins/com.st.stm32cube.ide.mcu.externaltools.gnu-tools-for-stm32.13.3.rel1.macos64_1.0.0.202411102158/tools/bin/../lib/gcc/arm-none-eabi/13.3.1/../../../../arm-none-eabi/lib/thumb/v7e-m+fp/hard/libc_nano.a(libc_a-mallocr.o)
                0x200023a0                __malloc_free_list
 .bss.__sf      0x200023a4      0x138 /Applications/STM32CubeIDE.app/Contents/Eclipse/plugins/com.st.stm32cube.ide.mcu.externaltools.gnu-tools-for-stm32.13.3.rel1.macos64_1.0.0.202411102158/tools/bin/../lib/gcc/arm-none-eabi/13.3.1/../../../../arm-none-eabi/lib/thumb/v7e-m+fp/hard/libc_nano.a(libc_a-findfp.o)
                0x200023a4                __sf
 .bss.__lock___malloc_recursive_mutex
                0x200024dc        0x1 /Applications/STM32CubeIDE.app/Contents/Eclipse/plugins/com.st.stm32cube.ide.mcu.externaltools.gnu-tools-for-stm32.13.3.rel1.macos64_1.0.0.202411102158/tools/bin/../lib/gcc/arm-none-eabi/13.3.1/../../../../arm-none-eabi/lib/thumb/v7e-m+fp/hard/libc_nano.a(libc_a-lock.o)
                0x200024dc                __lock___malloc_recursive_mutex
 *fill*         0x200024dd        0x3 
 .bss.errno     0x200024e0        0x4 /Applications/STM32CubeIDE.app/Contents/Eclipse/plugins/com.st.stm32cube.ide.mcu.externaltools.gnu-tools-for-stm32.13.3.rel1.macos64_1.0.0.202411102158/tools/bin/../lib/gcc/arm-none-eabi/13.3.1/../../../../arm-none-eabi/lib/thumb/v7e-m+fp/hard/libc_nano.a(libc_a-reent.o)
                0x200024e0                errno
 *(COMMON)
                0x200024e4                        . = ALIGN (0x4)
                0x200024e4                        _ebss = .
                0x200024e4                        __bss_end__ = _ebss

.noinit         0x200024e4        0x4 load address 0x08009e44
                0x200024e4                        . = ALIGN (0x4)
 *(.noinit)
 .noinit        0x200024e4        0x4 ./Core/Src/main.o
                0x200024e4                g_dfu_request_flag
                0x200024e8                        . = ALIGN (0x4)

._user_heap_stack
                0x200024e8      0x600 load address 0x08009e44
                0x200024e8                        . = ALIGN (0x8)
                [!provide]                        PROVIDE (end = .)
                0x200024e8                        PROVIDE (_end = .)
                0x200026e8                        . = (. + _Min_Heap_Size)
 *fill*         0x200024e8      0x200 
                0x20002ae8                        . = (. + _Min_Stack_Size)
 *fill*         0x200026e8      0x400 
                0x20002ae8                        . = ALIGN (0x8)

.sdram          0xc0000000        0x0
                0xc0000000                        . = ALIGN (0x20)
 *(.sdram)
 *(.sdram.*)
                0xc0000000                        . = ALIGN (0x20)

/DISCARD/
 libc.a(*)
 libm.a(*)
 libgcc.a(*)

.ARM.attributes
                0x00000000       0x30
 *(.ARM.attributes)
 .ARM.attributes